I001 [*] Import block is un-sorted or un-formatted
  --> tests\visual_stimulus\test_resources.py:1:1
   |
 1 | / from __future__ import annotations
 2 | |
 3 | | import json
 4 | | import struct
 5 | | import threading
 6 | | import time
 7 | | import io
 8 | | from dataclasses import replace
 9 | | from fractions import Fraction
10 | |
11 | | import pytest
12 | | from tests.visual_stimulus.support import make_prepared_trial
13 | |
14 | | from cephvr.visual_stimulus.config.models.program_model import Time, VideoSettings
15 | | from cephvr.visual_stimulus.config.models.program_model import Asset, ColorOverride
16 | | from cephvr.visual_stimulus.resources.budget import (
17 | |     BoundedBudget,
18 | |     arena_mesh_bytes,
19 | |     arena_texture_bytes,
20 | | )
21 | | from cephvr.visual_stimulus.resources.ffv1_configuration import (
22 | |     FFV1ConfigurationError,
23 | |     read_ffv1_version,
24 | |     require_ffv1_version3,
25 | | )
26 | | from cephvr.visual_stimulus.resources.glb import GLBError, parse_glb
27 | | from cephvr.visual_stimulus.resources.image_headers import image_shape
28 | | from cephvr.visual_stimulus.resources.media import ImagePixels
29 | | from cephvr.visual_stimulus.resources.media import MediaPreparationError, decode_image
30 | | from cephvr.visual_stimulus.resources.uniforms import build_uniform_layouts
31 | | from cephvr.visual_stimulus.resources.video import VideoPlayback
32 | | from cephvr.visual_stimulus.resources.video_index import (
33 | |     SourceFrame,
34 | |     VideoIndex,
35 | |     _relative_pts,
36 | | )
37 | | from cephvr.visual_stimulus.resources.video_selection import PlaybackCursor
38 | | from cephvr.visual_stimulus.resources.video_session import VideoSession
   | |_______________________________________________________________________^
help: Organize imports
   |
2  |
3  + import io
4  | import json
5  | import struct
6  | import threading
7  | import time
   - import io
8  | from dataclasses import replace
--------------------------------------------------------------------------------
13 |
   - from cephvr.visual_stimulus.config.models.program_model import Time, VideoSettings
   - from cephvr.visual_stimulus.config.models.program_model import Asset, ColorOverride
14 + from cephvr.visual_stimulus.config.models.program_model import (
15 +     Asset,
16 +     ColorOverride,
17 +     Time,
18 +     VideoSettings,
19 + )
20 | from cephvr.visual_stimulus.resources.budget import (
--------------------------------------------------------------------------------
31 | from cephvr.visual_stimulus.resources.image_headers import image_shape
   - from cephvr.visual_stimulus.resources.media import ImagePixels
   - from cephvr.visual_stimulus.resources.media import MediaPreparationError, decode_image
32 + from cephvr.visual_stimulus.resources.media import (
33 +     ImagePixels,
34 +     MediaPreparationError,
35 +     decode_image,
36 + )
37 | from cephvr.visual_stimulus.resources.uniforms import build_uniform_layouts
   |

Found 1 error.
[*] 1 fixable with the `--fix` option.
