Traceback (most recent call last):
  File "<frozen runpy>", line 198, in _run_module_as_main
  File "<frozen runpy>", line 88, in _run_code
  File "C:\Dev\projects\reiter-cephalopod-vr\reiter-cephalopod-vr-2.0-software\src\cephvr\platform\windows\python_entry.py", line 28, in <module>
    main()
  File "C:\Dev\projects\reiter-cephalopod-vr\reiter-cephalopod-vr-2.0-software\src\cephvr\platform\windows\python_entry.py", line 24, in main
    runpy.run_module(module, run_name="__main__", alter_sys=True)
  File "<frozen runpy>", line 226, in run_module
  File "<frozen runpy>", line 98, in _run_module_code
  File "<frozen runpy>", line 88, in _run_code
  File "C:\Dev\projects\reiter-cephalopod-vr\reiter-cephalopod-vr-2.0-software\src\cephvr\controller\main.py", line 9, in <module>
    from cephvr.controller.startup.application import run_controller
  File "C:\Dev\projects\reiter-cephalopod-vr\reiter-cephalopod-vr-2.0-software\src\cephvr\controller\startup\application.py", line 35, in <module>
    from cephvr.controller.runtime import ControllerRuntime
  File "C:\Dev\projects\reiter-cephalopod-vr\reiter-cephalopod-vr-2.0-software\src\cephvr\controller\runtime.py", line 20, in <module>
    from cephvr.controller.assembly import AssemblyInputs, assemble_controller
  File "C:\Dev\projects\reiter-cephalopod-vr\reiter-cephalopod-vr-2.0-software\src\cephvr\controller\assembly.py", line 15, in <module>
    from cephvr.controller.control.configuration import ConfigurationCommands
  File "C:\Dev\projects\reiter-cephalopod-vr\reiter-cephalopod-vr-2.0-software\src\cephvr\controller\control\configuration.py", line 15, in <module>
    from cephvr.controller.control.snapshots import SnapshotPublisher
  File "C:\Dev\projects\reiter-cephalopod-vr\reiter-cephalopod-vr-2.0-software\src\cephvr\controller\control\snapshots.py", line 9, in <module>
    from cephvr.controller.projections import ProjectionStore
  File "C:\Dev\projects\reiter-cephalopod-vr\reiter-cephalopod-vr-2.0-software\src\cephvr\controller\projections.py", line 209
    raise ProjectionError(f"warning producer/scope/revision differs: view revision={view.configuration_revision}, controller revision={self.configuration_revision}, scope={view.work.WhichOneof("work")}, producer={view.producer.role}")
                                                                                                                                                                                                  ^^^^
SyntaxError: f-string: unmatched '('
CephVR launcher controller channel lost: eof
CephVR supervisor shutdown: CONTROLLER_LOST: controller process exited
CephVR acquisition shutdown: CONTROLLER_PROCESS_LOST: registered controller process exited; acquisition is stopping
unhandled exception during asyncio.run() shutdown
task: <Task finished name='Task-21' coro=<CommandAdmissionTransport._execute_first() done, defined at C:\Dev\projects\reiter-cephalopod-vr\reiter-cephalopod-vr-2.0-software\src\cephvr\shared\admission.py:141> exception=CommandConflict('executor result changed after completion')>
Traceback (most recent call last):
  File "C:\Users\ReiterU_PC\miniforge3\envs\CephVR\Lib\asyncio\runners.py", line 190, in run
    return runner.run(main)
           ^^^^^^^^^^^^^^^^
  File "C:\Users\ReiterU_PC\miniforge3\envs\CephVR\Lib\asyncio\runners.py", line 118, in run
    return self._loop.run_until_complete(task)
           ^^^^^^^^^^^^^^^^^^^^^^^^^^^^^^^^^^^
  File "C:\Users\ReiterU_PC\miniforge3\envs\CephVR\Lib\asyncio\base_events.py", line 654, in run_until_complete
    return future.result()
           ^^^^^^^^^^^^^^^
  File "C:\Dev\projects\reiter-cephalopod-vr\reiter-cephalopod-vr-2.0-software\src\cephvr\visual_stimulus\worker\main.py", line 177, in run
    await bridge.drain(deadline)
  File "C:\Dev\projects\reiter-cephalopod-vr\reiter-cephalopod-vr-2.0-software\src\cephvr\visual_stimulus\worker\reporting.py", line 101, in drain
    await asyncio.gather(*(asyncio.wrap_future(f) for f in pending))
  File "C:\Dev\projects\reiter-cephalopod-vr\reiter-cephalopod-vr-2.0-software\src\cephvr\visual_stimulus\worker\reporting.py", line 81, in done
    result.result()
  File "C:\Users\ReiterU_PC\miniforge3\envs\CephVR\Lib\concurrent\futures\_base.py", line 449, in result
    return self.__get_result()
           ^^^^^^^^^^^^^^^^^^^
  File "C:\Users\ReiterU_PC\miniforge3\envs\CephVR\Lib\concurrent\futures\_base.py", line 401, in __get_result
    raise self._exception
  File "C:\Dev\projects\reiter-cephalopod-vr\reiter-cephalopod-vr-2.0-software\src\cephvr\visual_stimulus\worker\reporting.py", line 51, in _deliver
    await self.retain_lifecycle(message, deadline_ns)
  File "C:\Dev\projects\reiter-cephalopod-vr\reiter-cephalopod-vr-2.0-software\src\cephvr\visual_stimulus\worker\runtime.py", line 224, in retain_and_report
    await self.reports.receipt(
  File "C:\Dev\projects\reiter-cephalopod-vr\reiter-cephalopod-vr-2.0-software\src\cephvr\visual_stimulus\transport\peers.py", line 79, in receipt
    raise RuntimeError(
RuntimeError: ReportWorkerLifecycle: VISUAL_STIMULUS_EVIDENCE: invalid UUID

During handling of the above exception, another exception occurred:

Traceback (most recent call last):
  File "C:\Dev\projects\reiter-cephalopod-vr\reiter-cephalopod-vr-2.0-software\src\cephvr\shared\admission.py", line 179, in _execute_first
    self._ledger.complete_executor(
  File "C:\Dev\projects\reiter-cephalopod-vr\reiter-cephalopod-vr-2.0-software\src\cephvr\shared\commands.py", line 210, in complete_executor
    raise CommandConflict("executor result changed after completion")
cephvr.shared.commands.CommandConflict: executor result changed after completion
Traceback (most recent call last):
  File "<frozen runpy>", line 198, in _run_module_as_main
  File "<frozen runpy>", line 88, in _run_code
  File "C:\Dev\projects\reiter-cephalopod-vr\reiter-cephalopod-vr-2.0-software\src\cephvr\platform\windows\python_entry.py", line 28, in <module>
    main()
  File "C:\Dev\projects\reiter-cephalopod-vr\reiter-cephalopod-vr-2.0-software\src\cephvr\platform\windows\python_entry.py", line 24, in main
    runpy.run_module(module, run_name="__main__", alter_sys=True)
  File "<frozen runpy>", line 226, in run_module
  File "<frozen runpy>", line 98, in _run_module_code
  File "<frozen runpy>", line 88, in _run_code
  File "C:\Dev\projects\reiter-cephalopod-vr\reiter-cephalopod-vr-2.0-software\src\cephvr\visual_stimulus\worker\main.py", line 249, in <module>
    main()
  File "C:\Dev\projects\reiter-cephalopod-vr\reiter-cephalopod-vr-2.0-software\src\cephvr\visual_stimulus\worker\main.py", line 245, in main
    asyncio.run(run(bootstrap))
  File "C:\Users\ReiterU_PC\miniforge3\envs\CephVR\Lib\asyncio\runners.py", line 190, in run
    return runner.run(main)
           ^^^^^^^^^^^^^^^^
  File "C:\Users\ReiterU_PC\miniforge3\envs\CephVR\Lib\asyncio\runners.py", line 118, in run
    return self._loop.run_until_complete(task)
           ^^^^^^^^^^^^^^^^^^^^^^^^^^^^^^^^^^^
  File "C:\Users\ReiterU_PC\miniforge3\envs\CephVR\Lib\asyncio\base_events.py", line 654, in run_until_complete
    return future.result()
           ^^^^^^^^^^^^^^^
  File "C:\Dev\projects\reiter-cephalopod-vr\reiter-cephalopod-vr-2.0-software\src\cephvr\visual_stimulus\worker\main.py", line 177, in run
    await bridge.drain(deadline)
  File "C:\Dev\projects\reiter-cephalopod-vr\reiter-cephalopod-vr-2.0-software\src\cephvr\visual_stimulus\worker\reporting.py", line 101, in drain
    await asyncio.gather(*(asyncio.wrap_future(f) for f in pending))
  File "C:\Dev\projects\reiter-cephalopod-vr\reiter-cephalopod-vr-2.0-software\src\cephvr\visual_stimulus\worker\reporting.py", line 81, in done
    result.result()
  File "C:\Users\ReiterU_PC\miniforge3\envs\CephVR\Lib\concurrent\futures\_base.py", line 449, in result
    return self.__get_result()
           ^^^^^^^^^^^^^^^^^^^
  File "C:\Users\ReiterU_PC\miniforge3\envs\CephVR\Lib\concurrent\futures\_base.py", line 401, in __get_result
    raise self._exception
  File "C:\Dev\projects\reiter-cephalopod-vr\reiter-cephalopod-vr-2.0-software\src\cephvr\visual_stimulus\worker\reporting.py", line 51, in _deliver
    await self.retain_lifecycle(message, deadline_ns)
  File "C:\Dev\projects\reiter-cephalopod-vr\reiter-cephalopod-vr-2.0-software\src\cephvr\visual_stimulus\worker\runtime.py", line 224, in retain_and_report
    await self.reports.receipt(
  File "C:\Dev\projects\reiter-cephalopod-vr\reiter-cephalopod-vr-2.0-software\src\cephvr\visual_stimulus\transport\peers.py", line 79, in receipt
    raise RuntimeError(
RuntimeError: ReportWorkerLifecycle: VISUAL_STIMULUS_EVIDENCE: invalid UUID
Exception ignored in: <function Server.__del__ at 0x0000027AA34356C0>
Traceback (most recent call last):
  File "C:\Dev\projects\reiter-cephalopod-vr\reiter-cephalopod-vr-2.0-software\.venv\Lib\site-packages\grpc\aio\_server.py", line 219, in __del__
  File "src/python/grpcio/grpc/_cython/_cygrpc/aio/common.pyx.pxi", line 121, in grpc._cython.cygrpc.schedule_coro_threadsafe
  File "src/python/grpcio/grpc/_cython/_cygrpc/aio/common.pyx.pxi", line 113, in grpc._cython.cygrpc.schedule_coro_threadsafe
  File "C:\Users\ReiterU_PC\miniforge3\envs\CephVR\Lib\asyncio\base_events.py", line 435, in create_task
  File "C:\Users\ReiterU_PC\miniforge3\envs\CephVR\Lib\asyncio\base_events.py", line 520, in _check_closed
RuntimeError: Event loop is closed
sys:1: RuntimeWarning: coroutine 'AioServer.shutdown' was never awaited
CephVR launcher supervisor channel lost: eof
