REVIEW src\cephvr\acquisition\camera\basler.py: 687 lines; review cohesion
REVIEW src\cephvr\acquisition\microcontroller\owner.py: 590 lines; review cohesion
REVIEW src\cephvr\acquisition\recording\session.py: 536 lines; review cohesion
REVIEW src\cephvr\acquisition\runtime.py: 574 lines; review cohesion
REVIEW src\cephvr\acquisition\worker\capture_runtime.py: 600 lines; review cohesion
REVIEW src\cephvr\acquisition\worker\execution.py: 589 lines; review cohesion
REVIEW src\cephvr\acquisition\worker\service.py: 563 lines; review cohesion
REVIEW src\cephvr\controller\assembly.py: 534 lines; review cohesion
REVIEW src\cephvr\controller\metadata\reservation.py: 502 lines; review cohesion
REVIEW src\cephvr\gui\batch_edit.py: 506 lines; review cohesion
REVIEW src\cephvr\gui\cameras.py: 587 lines; review cohesion
REVIEW src\cephvr\gui\protocol_editor.py: 637 lines; review cohesion
REVIEW src\cephvr\gui\stimulus_parameters.py: 504 lines; review cohesion
REVIEW src\cephvr\supervisor\shutdown.py: 509 lines; review cohesion
REVIEW src\cephvr\visual_stimulus\config\models\program_model.py: 716 lines; review cohesion
REVIEW src\cephvr\visual_stimulus\recording\native.py: 750 lines; review cohesion
REVIEW src\cephvr\visual_stimulus\rendering\engine.py: 553 lines; review cohesion
REVIEW src\cephvr\visual_stimulus\rendering\native.py: 567 lines; review cohesion
REVIEW src\cephvr\visual_stimulus\rendering\scene.py: 559 lines; review cohesion
REVIEW src\cephvr\visual_stimulus\resources\video.py: 512 lines; review cohesion
REVIEW src\cephvr\visual_stimulus\worker\lifecycle.py: 548 lines; review cohesion
Checked 556 backend modules; 0 boundary violations.
