startup {"port": "COM8", "connection_id": "6d003654-da78-4906-87c6-2c78bb693d39", "request_id": "6d003654-da78-4906-87c6-2c78bb693d39-7", "observed_monotonic_ns": "601562998291900", "state": {"configuration_valid": false, "watchdog_stopped": false, "watchdog_ms": 0, "behavioral": {"enabled": false, "running": false}, "tracking": {"enabled": false, "running": false}}, "capabilities": {"protocol_version": 3, "firmware": "cephvr2_uno_2", "pins": ["D2", "D3", "D4", "D5", "D6", "D7", "D8", "D9", "D10", "D11", "D12", "D13"], "minimum_requested_hz": 0.1, "maximum_requested_hz": 100.0, "minimum_watchdog_ms": 500, "maximum_watchdog_ms": 10000, "rising_edge_input_pins": ["D2", "D3"]}, "capabilities_observed_monotonic_ns": "601562977100800"}
trial_state_0_start [true, "trial_state", "D9", 1]
trial_state_0_status [true, "trial_state", "D9", 1]
trial_state_0_stop [false, "trial_state", "D9", 1]
trial_state_1_start [true, "trial_state", "D9", 1]
trial_state_1_status [true, "trial_state", "D9", 1]
trial_state_1_stop [false, "trial_state", "D9", 1]
behavioral_0_configure {"port": "COM8", "connectionId": "6d003654-da78-4906-87c6-2c78bb693d39", "requestId": "6d003654-da78-4906-87c6-2c78bb693d39-22", "observedMonotonicNs": "601564255057800", "state": {"configurationValid": true, "watchdogStopped": false, "watchdogMs": 3000, "behavioral": {"enabled": true, "running": false, "pin": "D10", "appliedFrequencyHz": 30.0}, "tracking": {"enabled": false, "running": false}}, "capabilities": {"protocolVersion": 3, "firmware": "cephvr2_uno_2", "pins": ["D2", "D3", "D4", "D5", "D6", "D7", "D8", "D9", "D10", "D11", "D12", "D13"], "minimumRequestedHz": 0.1, "maximumRequestedHz": 100.0, "minimumWatchdogMs": 500, "maximumWatchdogMs": 10000, "risingEdgeInputPins": ["D2", "D3"]}, "capabilitiesObservedMonotonicNs": "601562977100800"}
behavioral_0_start [true, "behavioral", "D10", 1]
behavioral_0_status [true, "behavioral", "D10", 18]
behavioral_0_stop [false, "behavioral", "D10", 18]
behavioral_1_configure {"port": "COM8", "connectionId": "6d003654-da78-4906-87c6-2c78bb693d39", "requestId": "6d003654-da78-4906-87c6-2c78bb693d39-30", "observedMonotonicNs": "601564902132000", "state": {"configurationValid": true, "watchdogStopped": false, "watchdogMs": 3000, "behavioral": {"enabled": true, "running": false, "pin": "D10", "appliedFrequencyHz": 30.0}, "tracking": {"enabled": false, "running": false}}, "capabilities": {"protocolVersion": 3, "firmware": "cephvr2_uno_2", "pins": ["D2", "D3", "D4", "D5", "D6", "D7", "D8", "D9", "D10", "D11", "D12", "D13"], "minimumRequestedHz": 0.1, "maximumRequestedHz": 100.0, "minimumWatchdogMs": 500, "maximumWatchdogMs": 10000, "risingEdgeInputPins": ["D2", "D3"]}, "capabilitiesObservedMonotonicNs": "601562977100800"}
behavioral_1_start [true, "behavioral", "D10", 1]
behavioral_1_status [true, "behavioral", "D10", 18]
behavioral_1_stop [false, "behavioral", "D10", 18]
tracking_0_configure {"port": "COM8", "connectionId": "6d003654-da78-4906-87c6-2c78bb693d39", "requestId": "6d003654-da78-4906-87c6-2c78bb693d39-38", "observedMonotonicNs": "601565557534500", "state": {"configurationValid": true, "watchdogStopped": false, "watchdogMs": 3000, "behavioral": {"enabled": false, "running": false}, "tracking": {"enabled": true, "running": false, "pin": "D11", "appliedFrequencyHz": 60.0}}, "capabilities": {"protocolVersion": 3, "firmware": "cephvr2_uno_2", "pins": ["D2", "D3", "D4", "D5", "D6", "D7", "D8", "D9", "D10", "D11", "D12", "D13"], "minimumRequestedHz": 0.1, "maximumRequestedHz": 100.0, "minimumWatchdogMs": 500, "maximumWatchdogMs": 10000, "risingEdgeInputPins": ["D2", "D3"]}, "capabilitiesObservedMonotonicNs": "601562977100800"}
tracking_0_start [true, "tracking", "D11", 1]
tracking_0_status [true, "tracking", "D11", 35]
tracking_0_stop [false, "tracking", "D11", 36]
tracking_1_configure {"port": "COM8", "connectionId": "6d003654-da78-4906-87c6-2c78bb693d39", "requestId": "6d003654-da78-4906-87c6-2c78bb693d39-46", "observedMonotonicNs": "601566209104500", "state": {"configurationValid": true, "watchdogStopped": false, "watchdogMs": 3000, "behavioral": {"enabled": false, "running": false}, "tracking": {"enabled": true, "running": false, "pin": "D11", "appliedFrequencyHz": 60.0}}, "capabilities": {"protocolVersion": 3, "firmware": "cephvr2_uno_2", "pins": ["D2", "D3", "D4", "D5", "D6", "D7", "D8", "D9", "D10", "D11", "D12", "D13"], "minimumRequestedHz": 0.1, "maximumRequestedHz": 100.0, "minimumWatchdogMs": 500, "maximumWatchdogMs": 10000, "risingEdgeInputPins": ["D2", "D3"]}, "capabilitiesObservedMonotonicNs": "601562977100800"}
tracking_1_start [true, "tracking", "D11", 1]
tracking_1_status [true, "tracking", "D11", 35]
tracking_1_stop [false, "tracking", "D11", 36]
final_status {"port": "COM8", "connection_id": "6d003654-da78-4906-87c6-2c78bb693d39", "request_id": "6d003654-da78-4906-87c6-2c78bb693d39-54", "observed_monotonic_ns": "601566847405000", "state": {"configuration_valid": true, "watchdog_stopped": false, "watchdog_ms": 3000, "behavioral": {"enabled": false, "running": false}, "tracking": {"enabled": true, "running": false, "pin": "D11", "applied_frequency_hz": 60.0}}, "capabilities": {"protocol_version": 3, "firmware": "cephvr2_uno_2", "pins": ["D2", "D3", "D4", "D5", "D6", "D7", "D8", "D9", "D10", "D11", "D12", "D13"], "minimum_requested_hz": 0.1, "maximum_requested_hz": 100.0, "minimum_watchdog_ms": 500, "maximum_watchdog_ms": 10000, "rising_edge_input_pins": ["D2", "D3"]}, "capabilities_observed_monotonic_ns": "601562977100800"}
cleanup_off {"connection_id": "6d003654-da78-4906-87c6-2c78bb693d39", "request_id": "6d003654-da78-4906-87c6-2c78bb693d39-55", "command": "PULSE_BOUNDARY_COMMAND_OFF", "behavioral_selected": true, "tracking_selected": true, "dispatched_monotonic_ns": "601566848387700", "acknowledged_monotonic_ns": "601566868310200", "applied": true, "resulting_state": {"configuration_valid": true, "watchdog_stopped": false, "watchdog_ms": 3000, "behavioral": {"enabled": false, "running": false}, "tracking": {"enabled": true, "running": false, "pin": "D11", "applied_frequency_hz": 60.0}}, "outcome": "PULSE_COMMAND_OUTCOME_APPLIED"}
serial_closed true
