F                                                                        [100%]
================================== FAILURES ===================================
_ test_native_highgui_windows_read_latest_and_close_without_stopping_producer _

monkeypatch = <_pytest.monkeypatch.MonkeyPatch object at 0x0000024BA0B51850>

    @pytest.mark.windows
    @pytest.mark.skipif(sys.platform != "win32", reason="Win32 HighGUI windows")
    def test_native_highgui_windows_read_latest_and_close_without_stopping_producer(
        monkeypatch: pytest.MonkeyPatch,
    ) -> None:
        import ctypes
        import threading
    
        from cephvr.acquisition.buffers.layout import allocation_size
        from cephvr.acquisition.buffers.records import FrameRecord
        from cephvr.acquisition.buffers.ring import SharedRing
        from cephvr.acquisition.camera.native_formats import pylon_pixel_format
        from cephvr.acquisition.preview import highgui
        from cephvr.platform.windows.events import event_name
        from cephvr.shared.pixels.types import PixelLayout
    
        pytest.importorskip("pypylon")
        images: dict[str, bytes] = {}
        changed = threading.Event()
        zoomed, reset = threading.Event(), threading.Event()
        original = highgui.display_array
        render = highgui.SquareViewport.render
    
        def native_render(
            viewport: object, frame: object, cv: object, numpy: object
        ) -> object:
            result = render(viewport, frame, cv, numpy)
            assert result.shape == (256, 256)
            if viewport.zoom > 1:
                zoomed.set()
            elif zoomed.is_set():
                reset.set()
            return result
    
        monkeypatch.setattr(highgui.SquareViewport, "render", native_render)
    
        def display(image: object, numpy: object) -> object:
            result = original(image, numpy)
            images[threading.current_thread().name] = bytes(result)
            changed.set()
            return result
    
        monkeypatch.setattr(highgui, "display_array", display)
        owner = control.ProcessIdentity(role="acquisition", generation=str(uuid4()))
        layout = PixelLayout(2, 2, pylon_pixel_format("Mono8"), 2, 4)
        resources: list[tuple[object, object, object]] = []
        try:
            for role in (1, 2):
                allocation, run_id = uuid4(), uuid4()
                producer = control.ProcessIdentity(
                    role="camera_worker", generation=str(uuid4())
                )
                descriptor = acq.FrameBufferDescriptor(
                    allocation_id=str(allocation),
                    owner=owner,
                    producer=producer,
                    camera=role,
                    kind=acq.FRAME_BUFFER_KIND_PREVIEW,
                    layout_version=2,
                    capacity_frames=1,
                    shared_memory_name=f"Local\\cephvr-{allocation}-frames",
                    configuration_revision=1,
                    allocation_bytes=allocation_size(1, 4),
                )
                descriptor.preview.acquisition_run_id = str(run_id)
                descriptor.image.CopyFrom(
                    camera.CameraImageLayout(
                        width=2,
                        height=2,
                        pixel_format="Mono8",
                        row_stride_bytes=2,
                        image_payload_bytes=4,
                    )
                )
                attachment = acq.FrameBufferAttachment(buffer=descriptor)
                attachment.sync.transfer_id = str(uuid4())
                attachment.sync.target.CopyFrom(owner)
                attachment.sync.event_name = event_name(allocation)
                ring = SharedRing.create(attachment, layout, owner)
                ring.reset_quiescent(run_id, prior_completion_confirmed=True)
                attachment.sync.target.CopyFrom(producer)
                producer_ring = SharedRing.attach(attachment, layout, producer)
                producer_ring.open_admission(run_id)
                producer_ring.publish(
                    FrameRecord(1, 1, None, None, True, None),
                    memoryview(b"\x00\x40\x80\xff"),
                )
                producer_ring.publish(
                    FrameRecord(2, 2, None, None, True, None),
                    memoryview(b"\xff\x80\x40\x00"),
                )
                attachment.sync.target.CopyFrom(owner)
                reader = highgui.HighGuiPreview(
                    attachment,
                    8,
                    f"CephVR isolated preview {role} {uuid4()}",
                    lambda _reader: None,
                    placement=wire.PreviewWindowPlacement(
                        x=100 + role * 300, y=100, side=256
                    ),
                )
                resources.append((ring, producer_ring, reader))
                reader.start()
                reader.ready.result(timeout=5)
                # Both windows display their newest ring value on their own threads.
                deadline = time.monotonic() + 3
                while reader.title not in images and time.monotonic() < deadline:
                    changed.wait(0.02)
                    changed.clear()
                assert images.get(reader.title) == b"\xff\x80\x40\x00", reader.failure
                assert not reader.done.done()
            # Send native X close to one window; the other remains alive.
            native = ctypes.WinDLL("user32", use_last_error=True)
            native.FindWindowW.argtypes = [ctypes.c_wchar_p, ctypes.c_wchar_p]
            native.FindWindowW.restype = ctypes.c_void_p
            native.PostMessageW.argtypes = [
                ctypes.c_void_p,
                ctypes.c_uint,
                ctypes.c_size_t,
                ctypes.c_ssize_t,
            ]
            native.PostMessageW.restype = ctypes.c_bool
            first, second = resources[0][2], resources[1][2]
            handle = native.FindWindowW(None, first.title)
            native.GetWindow.argtypes = [ctypes.c_void_p, ctypes.c_uint]
            native.GetWindow.restype = ctypes.c_void_p
            native.GetWindowRect.argtypes = [
                ctypes.c_void_p,
                ctypes.POINTER(ctypes.wintypes.RECT),
            ]
            child = native.GetWindow(handle, 5)
            rect = ctypes.wintypes.RECT()
            assert child and native.GetWindowRect(child, ctypes.byref(rect))
            assert (rect.right - rect.left, rect.bottom - rect.top) == (256, 256)
            frame = ctypes.wintypes.RECT()
            assert native.GetWindowRect(handle, ctypes.byref(frame))
            dwm = ctypes.WinDLL("dwmapi")
            dwm.DwmGetWindowAttribute.argtypes = [
                ctypes.c_void_p,
                ctypes.c_uint,
                ctypes.c_void_p,
                ctypes.c_uint,
            ]
            visible = ctypes.wintypes.RECT()
            assert (
                dwm.DwmGetWindowAttribute(handle, 9, ctypes.byref(visible), ctypes.sizeof(visible))
                == 0
            )
>           assert (visible.left, visible.top) == (400, 100)
E           assert (407, 100) == (400, 100)
E             
E             At index 0 diff: 407 != 400
E             Use -v to get more diff

tests\acquisition\test_manual_preview.py:277: AssertionError
============================== warnings summary ===============================
tests/acquisition/test_manual_preview.py::test_native_highgui_windows_read_latest_and_close_without_stopping_producer
tests/acquisition/test_manual_preview.py::test_native_highgui_windows_read_latest_and_close_without_stopping_producer
  <frozen importlib._bootstrap>:241: DeprecationWarning: builtin type SwigPyPacked has no __module__ attribute

tests/acquisition/test_manual_preview.py::test_native_highgui_windows_read_latest_and_close_without_stopping_producer
tests/acquisition/test_manual_preview.py::test_native_highgui_windows_read_latest_and_close_without_stopping_producer
  <frozen importlib._bootstrap>:241: DeprecationWarning: builtin type SwigPyObject has no __module__ attribute

tests/acquisition/test_manual_preview.py::test_native_highgui_windows_read_latest_and_close_without_stopping_producer
tests/acquisition/test_manual_preview.py::test_native_highgui_windows_read_latest_and_close_without_stopping_producer
  <frozen importlib._bootstrap>:241: DeprecationWarning: builtin type swigvarlink has no __module__ attribute

-- Docs: https://docs.pytest.org/en/stable/how-to/capture-warnings.html
=========================== short test summary info ===========================
FAILED tests/acquisition/test_manual_preview.py::test_native_highgui_windows_read_latest_and_close_without_stopping_producer
1 failed, 33 deselected, 6 warnings in 0.67s
