src\cephvr\visual_stimulus\resources\media.py:92: error: Unused "type: ignore" comment  [unused-ignore]
src\cephvr\visual_stimulus\resources\media.py:103: error: Item "None" of "dtype[Any] | None" has no attribute "kind"  [union-attr]
src\cephvr\visual_stimulus\resources\media.py:103: error: Item "None" of "dtype[Any] | None" has no attribute "itemsize"  [union-attr]
src\cephvr\visual_stimulus\resources\media.py:107: error: Item "TiffFrame" of "TiffPage | TiffFrame" has no attribute "photometric"  [union-attr]
src\cephvr\visual_stimulus\resources\media.py:107: error: Item "int" of "int | Any" has no attribute "name"  [union-attr]
src\cephvr\visual_stimulus\resources\media.py:111: error: "int" has no attribute "name"  [attr-defined]
src\cephvr\visual_stimulus\resources\media.py:114: error: Item "TiffFrame" of "TiffPage | TiffFrame" has no attribute "tags"  [union-attr]
src\cephvr\visual_stimulus\resources\media.py:115: error: Item "TiffFrame" of "TiffPage | TiffFrame" has no attribute "tags"  [union-attr]
src\cephvr\visual_stimulus\resources\media.py:120: error: Item "TiffFrame" of "TiffPage | TiffFrame" has no attribute "imagewidth"  [union-attr]
src\cephvr\visual_stimulus\resources\media.py:121: error: Item "TiffFrame" of "TiffPage | TiffFrame" has no attribute "imagelength"  [union-attr]
src\cephvr\visual_stimulus\resources\media.py:122: error: Item "TiffFrame" of "TiffPage | TiffFrame" has no attribute "samplesperpixel"  [union-attr]
src\cephvr\visual_stimulus\resources\media.py:123: error: Item "None" of "dtype[Any] | None" has no attribute "itemsize"  [union-attr]
src\cephvr\visual_stimulus\resources\media.py:133: error: Item "TiffFrame" of "TiffPage | TiffFrame" has no attribute "extrasamples"  [union-attr]
src\cephvr\visual_stimulus\resources\media.py:134: error: Item "TiffFrame" of "TiffPage | TiffFrame" has no attribute "extrasamples"  [union-attr]
src\cephvr\visual_stimulus\resources\media.py:134: error: Item "int" of "int | Any" has no attribute "name"  [union-attr]
src\cephvr\visual_stimulus\resources\media.py:142: error: Item "TiffFrame" of "TiffPage | TiffFrame" has no attribute "extrasamples"  [union-attr]
src\cephvr\visual_stimulus\resources\media.py:142: error: Item "int" of "int | Any" has no attribute "name"  [union-attr]
src\cephvr\visual_stimulus\resources\media.py:155: error: Unused "type: ignore" comment  [unused-ignore]
src\cephvr\visual_stimulus\resources\video_index.py:71: error: Unused "type: ignore" comment  [unused-ignore]
src\cephvr\visual_stimulus\resources\video_index.py:104: error: "CodecContext" has no attribute "format"  [attr-defined]
src\cephvr\visual_stimulus\resources\video_index.py:205: error: "Stream" has no attribute "width"  [attr-defined]
src\cephvr\visual_stimulus\resources\video_index.py:205: error: "Stream" has no attribute "height"  [attr-defined]
src\cephvr\visual_stimulus\resources\video_index.py:211: error: "Stream" has no attribute "width"  [attr-defined]
src\cephvr\visual_stimulus\resources\video_index.py:211: error: "Stream" has no attribute "height"  [attr-defined]
src\cephvr\visual_stimulus\resources\video_index.py:220: error: Item "AudioFrame" of "VideoFrame | AudioFrame | SubtitleSet" has no attribute "width"  [union-attr]
src\cephvr\visual_stimulus\resources\video_index.py:220: error: Item "SubtitleSet" of "VideoFrame | AudioFrame | SubtitleSet" has no attribute "width"  [union-attr]
src\cephvr\visual_stimulus\resources\video_index.py:220: error: Item "AudioFrame" of "VideoFrame | AudioFrame | SubtitleSet" has no attribute "height"  [union-attr]
src\cephvr\visual_stimulus\resources\video_index.py:220: error: Item "SubtitleSet" of "VideoFrame | AudioFrame | SubtitleSet" has no attribute "height"  [union-attr]
src\cephvr\visual_stimulus\resources\video_index.py:224: error: Item "int" of "VideoFormat | AudioFormat | int" has no attribute "name"  [union-attr]
src\cephvr\visual_stimulus\resources\video_index.py:231: error: Item "SubtitleSet" of "VideoFrame | AudioFrame | SubtitleSet" has no attribute "time_base"  [union-attr]
src\cephvr\visual_stimulus\resources\video_index.py:241: error: Item "SubtitleSet" of "VideoFrame | AudioFrame | SubtitleSet" has no attribute "to_ndarray"  [union-attr]
src\cephvr\visual_stimulus\resources\video_index.py:241: error: Unexpected keyword argument "format" for "to_ndarray" of "AudioFrame"  [call-arg]
src\cephvr\visual_stimulus\resources\video_index.py:241: note: "to_ndarray" defined in "av.audio.frame"
src\cephvr\visual_stimulus\resources\video_index.py:246: error: "Stream" has no attribute "height"  [attr-defined]
src\cephvr\visual_stimulus\resources\video_index.py:246: error: "Stream" has no attribute "width"  [attr-defined]
src\cephvr\visual_stimulus\resources\video_index.py:253: error: "Stream" has no attribute "width"  [attr-defined]
src\cephvr\visual_stimulus\resources\video_index.py:254: error: "Stream" has no attribute "height"  [attr-defined]
src\cephvr\visual_stimulus\resources\video_index.py:268: error: Item "SubtitleSet" of "VideoFrame | AudioFrame | SubtitleSet" has no attribute "time_base"  [union-attr]
src\cephvr\visual_stimulus\resources\video_index.py:270: error: Item "SubtitleSet" of "VideoFrame | AudioFrame | SubtitleSet" has no attribute "key_frame"  [union-attr]
src\cephvr\visual_stimulus\resources\video_index.py:337: error: "Stream" has no attribute "width"  [attr-defined]
src\cephvr\visual_stimulus\resources\video_index.py:338: error: "Stream" has no attribute "height"  [attr-defined]
src\cephvr\visual_stimulus\resources\video_decoder.py:53: error: Unused "type: ignore" comment  [unused-ignore]
src\cephvr\visual_stimulus\resources\video_decoder.py:81: error: "Stream" has no attribute "width"  [attr-defined]
src\cephvr\visual_stimulus\resources\video_decoder.py:81: error: "Stream" has no attribute "height"  [attr-defined]
src\cephvr\visual_stimulus\resources\video_decoder.py:109: error: Item "SubtitleSet" of "VideoFrame | AudioFrame | SubtitleSet" has no attribute "time_base"  [union-attr]
src\cephvr\visual_stimulus\resources\video_decoder.py:111: error: Item "SubtitleSet" of "VideoFrame | AudioFrame | SubtitleSet" has no attribute "time_base"  [union-attr]
src\cephvr\visual_stimulus\resources\video_decoder.py:116: error: Item "int" of "VideoFormat | AudioFormat | int" has no attribute "name"  [union-attr]
src\cephvr\visual_stimulus\resources\video_decoder.py:123: error: Item "SubtitleSet" of "VideoFrame | AudioFrame | SubtitleSet" has no attribute "to_ndarray"  [union-attr]
src\cephvr\visual_stimulus\resources\video_decoder.py:123: error: Unexpected keyword argument "format" for "to_ndarray" of "AudioFrame"  [call-arg]
src\cephvr\visual_stimulus\resources\video_decoder.py:123: note: "to_ndarray" defined in "av.audio.frame"
src\cephvr\visual_stimulus\resources\video_decoder.py:126: error: "Stream" has no attribute "height"  [attr-defined]
src\cephvr\visual_stimulus\resources\video_decoder.py:126: error: "Stream" has no attribute "width"  [attr-defined]
src\cephvr\visual_stimulus\resources\video_decoder.py:134: error: "Stream" has no attribute "width"  [attr-defined]
src\cephvr\visual_stimulus\resources\video_decoder.py:135: error: "Stream" has no attribute "height"  [attr-defined]
Found 52 errors in 3 files (checked 522 source files)
