FF                                                                       [100%]
================================== FAILURES ===================================
______ test_managed_camera_inventory_restores_selected_configuration[0] _______

window = <cephvr.gui.window.DashboardWindow object at 0x000002B7412A6830>
tmp_path = WindowsPath('C:/Dev/projects/reiter-cephalopod-vr/reiter-cephalopod-vr-2.0-software/reports/rig-wiring-evidence-2026-10-08/camera-selection-tmp/test_managed_camera_inventory_0')
selected_row = 0

    @pytest.mark.parametrize("selected_row", (0, 1))
    def test_managed_camera_inventory_restores_selected_configuration(
        window, tmp_path, selected_row
    ):
        from cephvr.acquisition.v1 import camera_pb2 as camera
        from cephvr.control.v1 import types_pb2 as pb
        from cephvr.gui.camera_inventory import CameraDraft
        from cephvr.gui.managed_cameras import ManagedCameras
    
        panel = window.devices.cameras
        panel.managed = True
        serials = [draft.serial for draft in panel.drafts]
        panel.drafts = []
        panel.populate_inventory()
        requests = []
        binding = ManagedCameras(
            panel,
            SimpleNamespace(
                request=lambda action, **options: requests.append((action, options)) or True
            ),
            lambda *_: False,
        )
        state = pb.Snapshot()
        state.configuration.revision = 7
        entry = state.configuration_values.current.backends.add(
            backend_name="acquisition", enabled=True
        )
        settings = entry.acquisition
        for index, role in enumerate(("behavioral", "tracking")):
            device = getattr(settings, role).device
            device.device_id = serials[index]
            device.frame_timing = (
                camera.FRAME_TIMING_EXTERNAL_TRIGGER
                if index == 0
                else camera.FRAME_TIMING_FREE_RUNNING
            )
            device.pfs_source_filename = str(tmp_path / f"{role}.pfs")
            if index == 0:
                device.settings.trigger_source = "Line2"
            getattr(settings.pulses, role).requested_frequency_hz = 30 * (index + 1)
        binding.install(state)
    
        panel.drafts = [
            CameraDraft(f"camera-{serial}", "Unassigned", serial, "Basler", enabled=False)
            for serial in serials
        ]
        panel.populate_inventory()
        panel.table.selectRow(selected_row)
        binding.install(state)  # Inventory changed; controller revision did not.
        for row in (selected_row, 1 - selected_row, selected_row):
            panel.table.selectRow(row)
            draft = panel.drafts[row]
            assert panel.selected is draft
>           assert panel.role.currentText() == draft.role
E           AssertionError: assert 'Unassigned' == 'Behavior cam'
E             
E             - Behavior cam
E             + Unassigned

tests\gui\test_dashboard.py:10389: AssertionError
______ test_managed_camera_inventory_restores_selected_configuration[1] _______

window = <cephvr.gui.window.DashboardWindow object at 0x000002B74177B2E0>
tmp_path = WindowsPath('C:/Dev/projects/reiter-cephalopod-vr/reiter-cephalopod-vr-2.0-software/reports/rig-wiring-evidence-2026-10-08/camera-selection-tmp/test_managed_camera_inventory_1')
selected_row = 1

    @pytest.mark.parametrize("selected_row", (0, 1))
    def test_managed_camera_inventory_restores_selected_configuration(
        window, tmp_path, selected_row
    ):
        from cephvr.acquisition.v1 import camera_pb2 as camera
        from cephvr.control.v1 import types_pb2 as pb
        from cephvr.gui.camera_inventory import CameraDraft
        from cephvr.gui.managed_cameras import ManagedCameras
    
        panel = window.devices.cameras
        panel.managed = True
        serials = [draft.serial for draft in panel.drafts]
        panel.drafts = []
        panel.populate_inventory()
        requests = []
        binding = ManagedCameras(
            panel,
            SimpleNamespace(
                request=lambda action, **options: requests.append((action, options)) or True
            ),
            lambda *_: False,
        )
        state = pb.Snapshot()
        state.configuration.revision = 7
        entry = state.configuration_values.current.backends.add(
            backend_name="acquisition", enabled=True
        )
        settings = entry.acquisition
        for index, role in enumerate(("behavioral", "tracking")):
            device = getattr(settings, role).device
            device.device_id = serials[index]
            device.frame_timing = (
                camera.FRAME_TIMING_EXTERNAL_TRIGGER
                if index == 0
                else camera.FRAME_TIMING_FREE_RUNNING
            )
            device.pfs_source_filename = str(tmp_path / f"{role}.pfs")
            if index == 0:
                device.settings.trigger_source = "Line2"
            getattr(settings.pulses, role).requested_frequency_hz = 30 * (index + 1)
        binding.install(state)
    
        panel.drafts = [
            CameraDraft(f"camera-{serial}", "Unassigned", serial, "Basler", enabled=False)
            for serial in serials
        ]
        panel.populate_inventory()
        panel.table.selectRow(selected_row)
        binding.install(state)  # Inventory changed; controller revision did not.
        for row in (selected_row, 1 - selected_row, selected_row):
            panel.table.selectRow(row)
            draft = panel.drafts[row]
            assert panel.selected is draft
>           assert panel.role.currentText() == draft.role
E           AssertionError: assert 'Unassigned' == 'Tracking cam'
E             
E             - Tracking cam
E             + Unassigned

tests\gui\test_dashboard.py:10389: AssertionError
=========================== short test summary info ===========================
FAILED tests/gui/test_dashboard.py::test_managed_camera_inventory_restores_selected_configuration[0]
FAILED tests/gui/test_dashboard.py::test_managed_camera_inventory_restores_selected_configuration[1]
2 failed, 319 deselected in 1.57s
