disable_acquisition {"command_id": "179d1c94-8803-4b61-a187-70ce1d6aaa49", "complete": true, "succeeded": true, "needs_input": false, "failure": ""}
connect_without_acquisition {"command_id": "b86c921c-7db7-446b-9a1c-df57c3c029e4", "complete": true, "succeeded": true, "needs_input": false, "failure": ""}
connected {"observation": {"port": "COM8", "connection_id": "ce7b6a88-30c7-4280-874b-a99f564d738e", "request_id": "ce7b6a88-30c7-4280-874b-a99f564d738e-7", "observed_monotonic_ns": "661882667118100", "state": {"configuration_valid": false, "watchdog_stopped": false, "watchdog_ms": 0, "behavioral": {"enabled": false, "running": false}, "tracking": {"enabled": false, "running": false}}, "capabilities": {"protocol_version": 3, "firmware": "cephvr2_uno_2", "pins": ["D2", "D3", "D4", "D5", "D6", "D7", "D8", "D9", "D10", "D11", "D12", "D13"], "minimum_requested_hz": 0.1, "maximum_requested_hz": 100.0, "minimum_watchdog_ms": 500, "maximum_watchdog_ms": 10000, "rising_edge_input_pins": ["D2", "D3"]}, "capabilities_observed_monotonic_ns": "661882646357300"}}
trial_start {"command_id": "4e2f5487-9ac9-45d8-be7e-baba32e9aa27", "complete": true, "succeeded": true, "needs_input": false, "failure": ""}
trial_status {"command_id": "9e41ad2f-5102-4d9c-8e44-be2377a25f0a", "complete": true, "succeeded": true, "needs_input": false, "failure": ""}
trial_active {"observation": {"port": "COM8", "connection_id": "ce7b6a88-30c7-4280-874b-a99f564d738e", "request_id": "ce7b6a88-30c7-4280-874b-a99f564d738e-7", "observed_monotonic_ns": "661882667118100", "state": {"configuration_valid": false, "watchdog_stopped": false, "watchdog_ms": 0, "behavioral": {"enabled": false, "running": false}, "tracking": {"enabled": false, "running": false}}, "capabilities": {"protocol_version": 3, "firmware": "cephvr2_uno_2", "pins": ["D2", "D3", "D4", "D5", "D6", "D7", "D8", "D9", "D10", "D11", "D12", "D13"], "minimum_requested_hz": 0.1, "maximum_requested_hz": 100.0, "minimum_watchdog_ms": 500, "maximum_watchdog_ms": 10000, "rising_edge_input_pins": ["D2", "D3"]}, "capabilities_observed_monotonic_ns": "661882646357300"}, "diagnostic": {"active": true, "signal": "MICROCONTROLLER_SIGNAL_KIND_TRIAL_STATE", "pin": "D9", "rising_edges": 1, "observed_monotonic_ns": "661883081151300"}}
trial_stop {"command_id": "09773021-f52d-48a2-bc96-d0658b888049", "complete": true, "succeeded": true, "needs_input": false, "failure": ""}
trial_stopped {"observation": {"port": "COM8", "connection_id": "ce7b6a88-30c7-4280-874b-a99f564d738e", "request_id": "ce7b6a88-30c7-4280-874b-a99f564d738e-7", "observed_monotonic_ns": "661882667118100", "state": {"configuration_valid": false, "watchdog_stopped": false, "watchdog_ms": 0, "behavioral": {"enabled": false, "running": false}, "tracking": {"enabled": false, "running": false}}, "capabilities": {"protocol_version": 3, "firmware": "cephvr2_uno_2", "pins": ["D2", "D3", "D4", "D5", "D6", "D7", "D8", "D9", "D10", "D11", "D12", "D13"], "minimum_requested_hz": 0.1, "maximum_requested_hz": 100.0, "minimum_watchdog_ms": 500, "maximum_watchdog_ms": 10000, "rising_edge_input_pins": ["D2", "D3"]}, "capabilities_observed_monotonic_ns": "661882646357300"}, "diagnostic": {"active": false, "signal": "MICROCONTROLLER_SIGNAL_KIND_TRIAL_STATE", "pin": "D9", "rising_edges": 1, "observed_monotonic_ns": "661883105505500"}}
behavioral_start {"command_id": "6e3f0302-6c62-40cc-9f5a-ee64df16ae54", "complete": true, "succeeded": true, "needs_input": false, "failure": ""}
behavioral_status {"command_id": "a88138fe-757c-4a74-9d05-01ed0d5c6a57", "complete": true, "succeeded": true, "needs_input": false, "failure": ""}
behavioral_active {"observation": {"port": "COM8", "connection_id": "ce7b6a88-30c7-4280-874b-a99f564d738e", "request_id": "ce7b6a88-30c7-4280-874b-a99f564d738e-11", "observed_monotonic_ns": "661883150275100", "state": {"configuration_valid": true, "watchdog_stopped": false, "watchdog_ms": 3000, "behavioral": {"enabled": true, "running": false, "pin": "D10", "applied_frequency_hz": 30.0}, "tracking": {"enabled": false, "running": false}}, "capabilities": {"protocol_version": 3, "firmware": "cephvr2_uno_2", "pins": ["D2", "D3", "D4", "D5", "D6", "D7", "D8", "D9", "D10", "D11", "D12", "D13"], "minimum_requested_hz": 0.1, "maximum_requested_hz": 100.0, "minimum_watchdog_ms": 500, "maximum_watchdog_ms": 10000, "rising_edge_input_pins": ["D2", "D3"]}, "capabilities_observed_monotonic_ns": "661882646357300"}, "diagnostic": {"active": true, "signal": "MICROCONTROLLER_SIGNAL_KIND_BEHAVIORAL", "pin": "D10", "rising_edges": 12, "observed_monotonic_ns": "661883551590700"}}
behavioral_stop {"command_id": "ae56d761-37c2-431b-8762-e2b91fced630", "complete": true, "succeeded": true, "needs_input": false, "failure": ""}
behavioral_stopped {"observation": {"port": "COM8", "connection_id": "ce7b6a88-30c7-4280-874b-a99f564d738e", "request_id": "ce7b6a88-30c7-4280-874b-a99f564d738e-11", "observed_monotonic_ns": "661883150275100", "state": {"configuration_valid": true, "watchdog_stopped": false, "watchdog_ms": 3000, "behavioral": {"enabled": true, "running": false, "pin": "D10", "applied_frequency_hz": 30.0}, "tracking": {"enabled": false, "running": false}}, "capabilities": {"protocol_version": 3, "firmware": "cephvr2_uno_2", "pins": ["D2", "D3", "D4", "D5", "D6", "D7", "D8", "D9", "D10", "D11", "D12", "D13"], "minimum_requested_hz": 0.1, "maximum_requested_hz": 100.0, "minimum_watchdog_ms": 500, "maximum_watchdog_ms": 10000, "rising_edge_input_pins": ["D2", "D3"]}, "capabilities_observed_monotonic_ns": "661882646357300"}, "diagnostic": {"active": false, "signal": "MICROCONTROLLER_SIGNAL_KIND_BEHAVIORAL", "pin": "D10", "rising_edges": 13, "observed_monotonic_ns": "661883576193700"}}
tracking_start {"command_id": "b753c26f-81e2-4526-96b0-abfd893f1662", "complete": true, "succeeded": true, "needs_input": false, "failure": ""}
tracking_status {"command_id": "9e3d86ff-fb0f-4502-9e79-b95dec0e9c1f", "complete": true, "succeeded": true, "needs_input": false, "failure": ""}
tracking_active {"observation": {"port": "COM8", "connection_id": "ce7b6a88-30c7-4280-874b-a99f564d738e", "request_id": "ce7b6a88-30c7-4280-874b-a99f564d738e-15", "observed_monotonic_ns": "661883620734200", "state": {"configuration_valid": true, "watchdog_stopped": false, "watchdog_ms": 3000, "behavioral": {"enabled": false, "running": false}, "tracking": {"enabled": true, "running": false, "pin": "D11", "applied_frequency_hz": 60.0}}, "capabilities": {"protocol_version": 3, "firmware": "cephvr2_uno_2", "pins": ["D2", "D3", "D4", "D5", "D6", "D7", "D8", "D9", "D10", "D11", "D12", "D13"], "minimum_requested_hz": 0.1, "maximum_requested_hz": 100.0, "minimum_watchdog_ms": 500, "maximum_watchdog_ms": 10000, "rising_edge_input_pins": ["D2", "D3"]}, "capabilities_observed_monotonic_ns": "661882646357300"}, "diagnostic": {"active": true, "signal": "MICROCONTROLLER_SIGNAL_KIND_TRACKING", "pin": "D11", "rising_edges": 23, "observed_monotonic_ns": "661884018737400"}}
tracking_stop {"command_id": "764314bd-cd77-4813-a33d-6a529544c7e2", "complete": true, "succeeded": true, "needs_input": false, "failure": ""}
tracking_stopped {"observation": {"port": "COM8", "connection_id": "ce7b6a88-30c7-4280-874b-a99f564d738e", "request_id": "ce7b6a88-30c7-4280-874b-a99f564d738e-15", "observed_monotonic_ns": "661883620734200", "state": {"configuration_valid": true, "watchdog_stopped": false, "watchdog_ms": 3000, "behavioral": {"enabled": false, "running": false}, "tracking": {"enabled": true, "running": false, "pin": "D11", "applied_frequency_hz": 60.0}}, "capabilities": {"protocol_version": 3, "firmware": "cephvr2_uno_2", "pins": ["D2", "D3", "D4", "D5", "D6", "D7", "D8", "D9", "D10", "D11", "D12", "D13"], "minimum_requested_hz": 0.1, "maximum_requested_hz": 100.0, "minimum_watchdog_ms": 500, "maximum_watchdog_ms": 10000, "rising_edge_input_pins": ["D2", "D3"]}, "capabilities_observed_monotonic_ns": "661882646357300"}, "diagnostic": {"active": false, "signal": "MICROCONTROLLER_SIGNAL_KIND_TRACKING", "pin": "D11", "rising_edges": 25, "observed_monotonic_ns": "661884042945200"}}
trial_timeout_start {"command_id": "6cef42ff-b5a8-4aac-a62e-0edb5bcc1fd1", "complete": true, "succeeded": true, "needs_input": false, "failure": ""}
trial_timeout_status {"command_id": "ca6dce2c-ffb1-4f4b-8c52-cf22ce78ad5f", "complete": true, "succeeded": true, "needs_input": false, "failure": ""}
trial_timeout_stopped {"observation": {"port": "COM8", "connection_id": "ce7b6a88-30c7-4280-874b-a99f564d738e", "request_id": "ce7b6a88-30c7-4280-874b-a99f564d738e-15", "observed_monotonic_ns": "661885657363500", "state": {"configuration_valid": true, "watchdog_stopped": false, "watchdog_ms": 3000, "behavioral": {"enabled": false, "running": false}, "tracking": {"enabled": true, "running": false, "pin": "D11", "applied_frequency_hz": 60.0}}, "capabilities": {"protocol_version": 3, "firmware": "cephvr2_uno_2", "pins": ["D2", "D3", "D4", "D5", "D6", "D7", "D8", "D9", "D10", "D11", "D12", "D13"], "minimum_requested_hz": 0.1, "maximum_requested_hz": 100.0, "minimum_watchdog_ms": 500, "maximum_watchdog_ms": 10000, "rising_edge_input_pins": ["D2", "D3"]}, "capabilities_observed_monotonic_ns": "661882646357300"}, "diagnostic": {"active": false, "signal": "MICROCONTROLLER_SIGNAL_KIND_TRIAL_STATE", "pin": "D9", "rising_edges": 1, "observed_monotonic_ns": "661886205318900"}}
upload_hex_source {"path": "C:\\Dev\\projects\\reiter-cephalopod-vr\\reiter-cephalopod-vr-2.0-software\\reports\\rig-wiring-evidence-2026-10-07\\mcu-counted-firmware\\cephvr2_mcu.ino.hex", "digest": "0e4d05e6466328f26b33866793d895d65943ea4dfbd35165a2a090f2023bf630"}
upload_hex {"command_id": "1d3950d6-ed4e-448c-955c-0333c8ca7fc7", "complete": true, "succeeded": false, "needs_input": false, "failure": "OPERATION_FAILED: this function takes 8 arguments (9 given)"}
restore_configuration {"command_id": "6050aaf6-186e-4620-9efe-005e4677e928", "complete": true, "succeeded": true, "needs_input": false, "failure": ""}
error "RuntimeError: OPERATION_FAILED: this function takes 8 arguments (9 given)"
Traceback (most recent call last):
  File "C:\Dev\projects\reiter-cephalopod-vr\reiter-cephalopod-vr-2.0-software\reports\rig-wiring-evidence-2026-10-08\managed_mcu.py", line 96, in <module>
    asyncio.run(run())
  File "C:\Users\ReiterU_PC\miniforge3\envs\CephVR\Lib\asyncio\runners.py", line 190, in run
    return runner.run(main)
           ^^^^^^^^^^^^^^^^
  File "C:\Users\ReiterU_PC\miniforge3\envs\CephVR\Lib\asyncio\runners.py", line 118, in run
    return self._loop.run_until_complete(task)
           ^^^^^^^^^^^^^^^^^^^^^^^^^^^^^^^^^^^
  File "C:\Users\ReiterU_PC\miniforge3\envs\CephVR\Lib\asyncio\base_events.py", line 654, in run_until_complete
    return future.result()
           ^^^^^^^^^^^^^^^
  File "C:\Dev\projects\reiter-cephalopod-vr\reiter-cephalopod-vr-2.0-software\reports\rig-wiring-evidence-2026-10-08\managed_mcu.py", line 82, in run
    await execute("upload_hex", rpc.MICROCONTROLLER_COMMAND_KIND_UPLOAD_FIRMWARE, path=ROOT / "reports/rig-wiring-evidence-2026-10-07/mcu-counted-firmware/cephvr2_mcu.ino.hex")
  File "C:\Dev\projects\reiter-cephalopod-vr\reiter-cephalopod-vr-2.0-software\reports\rig-wiring-evidence-2026-10-08\managed_mcu.py", line 56, in execute
    raise RuntimeError(outcome.failure)
RuntimeError: OPERATION_FAILED: this function takes 8 arguments (9 given)
