.F                                                                       [100%]
================================== FAILURES ===================================
_____ test_authenticated_first_use_calibration_repeat_and_close_recovery ______

tmp_path = WindowsPath('C:/Users/ReiterU_PC/AppData/Local/Temp/pytest-of-ReiterU_PC/pytest-85/test_authenticated_first_use_c0')

    @pytest.mark.asyncio
    async def test_authenticated_first_use_calibration_repeat_and_close_recovery(tmp_path):
        import hashlib
        from types import SimpleNamespace
    
        from cephvr.shared.transport_deadlines import deadline_metadata
        from cephvr.visual_stimulus.config.models.display_profile import parse_display_json
        from cephvr.visual_stimulus.rendering.types import (
            OutputActivity,
            ResourceReleaseReport,
        )
        from cephvr.visual_stimulus.v1 import runtime_pb2 as vp
        from cephvr.visual_stimulus.worker.reporting import ReportBridge
    
        identity = Identity(
            *(
                pb.ProcessIdentity(role=role, generation=str(uuid4()))
                for role in (
                    "visual_stimulus",
                    "controller",
                    "supervisor",
                    "visual_stimulus_renderer",
                )
            )
        )
        token = "sessionless-calibration-test"
        sink = ReportSink()
        provisional = Peer(
            "127.0.0.1:1",
            Principal("visual_stimulus", identity.process.generation, token),
            2_000_000,
            kind="worker",
        )
        command_ledger = ledger(identity.process.generation)
        coordinator = VisualStimulusCoordinatorRuntime(
            identity=identity,
            worker=provisional,
            controller=sink,
            supervisor=sink,
            ledger=command_ledger,
        )
        coordinator_listener = await serve(
            coordinator,
            {
                ("controller", identity.controller.generation): token,
                ("visual_stimulus_renderer", identity.worker.generation): token,
            },
            coordinator.ledger,
            port=0,
            max_message_bytes=2_000_000,
            testing=True,
        )
        worker_reports = Peer(
            f"127.0.0.1:{coordinator_listener.port}",
            Principal("visual_stimulus_renderer", identity.worker.generation, token),
            2_000_000,
            kind="coordinator",
        )
        bridge = ReportBridge(
            asyncio.get_running_loop(),
            worker_reports,
            sink,
            failed=lambda error: pytest.fail(str(error)),
            maximum_bytes=4_000_000,
        )
        profile_json = valid_display_json()
        profile = parse_display_json(profile_json, max_bytes=1_000_000)
        worker_id = identity.worker
        controller_id = identity.controller
        backend = identity.backend
        artifact = make_prepared_trial()
        graphics = Graphics(Clock(), artifact)
        graphics.close_failure_once = False
        graphics.presented_calibrations = 0
        graphics.cleanup = lambda: ResourceReleaseReport(())
    
        def activities():
            now = host_time_ns()
            return (OutputActivity("projector/main", now, now + 1, 1),)
    
        def present_display_calibration(selected, prepared):
            assert selected == profile
            graphics.presented_calibrations += 1
            return activities()
    
        def close_display_calibration(selected, prepared):
            assert selected == profile
            if graphics.close_failure_once:
                graphics.close_failure_once = False
                return activities(), False
            return activities(), True
    
        graphics.present_display_calibration = present_display_calibration
        graphics.close_display_calibration = close_display_calibration
    
        class CalibrationPreparation(Preparation):
            def __init__(self, artifact):
                super().__init__(artifact)
                self.block_next_prepare = False
                self.prepare_started = threading.Event()
                self.allow_prepare = threading.Event()
    
            def prepare_display_calibration(self, request, announce, deadline_ns):
                if self.block_next_prepare:
                    self.block_next_prepare = False
                    self.prepare_started.set()
                    if not self.allow_prepare.wait(2):
                        raise TimeoutError("test preparation release was not signaled")
                return SimpleNamespace(
                    display=parse_display_json(
                        request.profile_json,
                        max_bytes=request.policies.limits.max_document_bytes,
                    ),
                    previous_display=None,
                    previous_calibration=None,
                    arena=object(),
                )
    
            def release_display_calibration(self, prepared):
                return True
    
        preparation = CalibrationPreparation(artifact)
        driver = LifecycleDriver(
            worker=worker_id,
            owner=identity.process,
            controller=controller_id,
            policies=pb.ControlPolicies(recovery_ns=5_000_000_000),
            engine=graphics,
            preparation=preparation,
            recording=Recorder(),
            reports=bridge,
            cancelled=threading.Event(),
            clock=host_time_ns,
            shutdown=lambda: None,
        )
        renderer = RenderOwner(lambda _: LifecycleDevice(driver))
        worker_runtime = VisualStimulusWorkerRuntime(
            visual_stimulus.WorkerContext(worker=worker_id, owner=identity.process),
            identity.supervisor,
            renderer,
            worker_reports,
            ledger(worker_id.generation),
        )
        bridge.retain_lifecycle = worker_runtime.retain_and_report
        bridge.observe_display = worker_runtime.display.CopyFrom
        worker_listener = await serve(
            worker_runtime,
            {("visual_stimulus", identity.process.generation): token},
            worker_runtime.ledger,
            port=0,
            max_message_bytes=2_000_000,
            worker=True,
        )
        remote = Peer(
            f"127.0.0.1:{worker_listener.port}",
            Principal("visual_stimulus", identity.process.generation, token),
            2_000_000,
            kind="worker",
        )
        coordinator.worker = remote
        command_peer = Peer(
            f"127.0.0.1:{coordinator_listener.port}",
            Principal("controller", identity.controller.generation, token),
            2_000_000,
            kind="controller",
        )
        from cephvr.control.v1 import services_pb2 as wire_services
        from cephvr.control.v1 import services_pb2_grpc as rpc
    
        stub = rpc.VisualStimulusConfigurationServiceStub(command_peer.channel)
        metadata = command_peer.principal.metadata()
        arena = b"calibration arena"
        (tmp_path / "arena.glb").write_bytes(arena)
        policies = vp.VisualStimulusFilePolicies(contract_version=1)
        policies.limits.max_document_bytes = 1_000_000
        policies.limits.max_asset_cpu_bytes = 1_000_000
        policies.limits.max_asset_gpu_bytes = 1_000_000
    
        async def open_calibration(diagnostic_id):
            deadline = host_time_ns() + 5_000_000_000
            request = wire_services.VisualStimulusDisplayCalibrationOpenRequest(
                command_id=str(uuid4()),
                issuer=controller_id,
                target=backend,
                configuration_revision=8,
                diagnostic_id=diagnostic_id,
                deadline_monotonic_ns=deadline,
                profile_json=profile_json,
                profile_sha256=hashlib.sha256(profile_json.encode()).hexdigest(),
                asset_root=str(tmp_path),
                arena_relative_path="arena.glb",
                arena_size_bytes=len(arena),
                arena_sha256=hashlib.sha256(arena).hexdigest(),
                policies=policies,
            )
            return await stub.OpenDisplayCalibration(
                request,
                metadata=(*metadata, deadline_metadata(deadline)),
                timeout=5,
            )
    
        close_command_ids = {}
    
        async def close_calibration(diagnostic_id):
            deadline = host_time_ns() + 5_000_000_000
            request = wire_services.VisualStimulusDisplayCalibrationCloseRequest(
                command_id=str(uuid4()),
                issuer=controller_id,
                target=backend,
                configuration_revision=8,
                diagnostic_id=diagnostic_id,
                deadline_monotonic_ns=deadline,
            )
            close_command_ids[diagnostic_id] = request.command_id
            return await stub.CloseDisplayCalibration(
                request,
                metadata=(*metadata, deadline_metadata(deadline)),
                timeout=5,
            )
    
        async def wait_calibration(diagnostic_id, expected_state):
            stop = asyncio.get_running_loop().time() + 2
            while asyncio.get_running_loop().time() < stop:
                current = coordinator.state.display
                if (
                    current is not None
                    and current.HasField("calibration")
                    and current.calibration.diagnostic_id == diagnostic_id
                    and current.calibration.state == expected_state
                ):
                    return current
                await asyncio.sleep(0.005)
            raise AssertionError(
                f"renderer did not publish {expected_state} for {diagnostic_id}"
            )
    
        deadline = host_time_ns() + 10_000_000_000
        try:
            pending = str(uuid4())
            preparation.block_next_prepare = True
            open_pending = asyncio.create_task(open_calibration(pending))
            assert await asyncio.to_thread(preparation.prepare_started.wait, 2)
            close_pending = asyncio.create_task(close_calibration(pending))
            closed_pending = await close_pending
            assert closed_pending.result == pb.COMMAND_RESULT_ACCEPTED
            close_command_id = ""
            stop = asyncio.get_running_loop().time() + 2
            while asyncio.get_running_loop().time() < stop:
                close_link = next(
                    (
                        link
                        for link in coordinator.state.links.values()
                        if link.method == "CloseDisplayCalibration"
                        and link.parent.command_id == close_command_ids[pending]
                    ),
                    None,
                )
                if close_link is not None:
                    close_command_id = close_link.child.command_id
                job = driver.display_calibration.job
                if (
                    job is not None
                    and job.cleanup_command is not None
                    and close_command_id
                    and job.cleanup_command.command_id == close_command_id
                    and driver.display_calibration.active_id == pending
                ):
                    break
                await asyncio.sleep(0.005)
            else:
                raise AssertionError(
                    "worker did not apply pending Close: "
                    f"links={[(key, item.method, item.parent.command_id) for key, item in coordinator.state.links.items()]} "
                    f"commands={worker_runtime.command_ids} "
                    f"job={driver.display_calibration.job!r} "
                    f"active={driver.display_calibration.active_id}"
                )
            preparation.allow_prepare.set()
            assert (await open_pending).result == pb.COMMAND_RESULT_ACCEPTED
            idle_pending = await wait_calibration(
                pending, vp.DISPLAY_CALIBRATION_STATE_IDLE
            )
            await bridge.drain(deadline)
            assert idle_pending.calibration.resources_closed
            assert not idle_pending.calibration.presented
            assert graphics.presented_calibrations == 0
    
            first = str(uuid4())
            opened = await open_calibration(first)
            assert opened.result == pb.COMMAND_RESULT_ACCEPTED
            active = await wait_calibration(first, vp.DISPLAY_CALIBRATION_STATE_ACTIVE)
            await bridge.drain(deadline)
            assert active.calibration.presented
            assert graphics.presented_calibrations == 1
            closed = await close_calibration(first)
            assert closed.result == pb.COMMAND_RESULT_ACCEPTED
            idle = await wait_calibration(first, vp.DISPLAY_CALIBRATION_STATE_IDLE)
            await bridge.drain(deadline)
            assert idle.calibration.resources_closed
    
            second = str(uuid4())
            reopened = await open_calibration(second)
            assert reopened.result == pb.COMMAND_RESULT_ACCEPTED
            active = await wait_calibration(second, vp.DISPLAY_CALIBRATION_STATE_ACTIVE)
            await bridge.drain(deadline)
            assert active.calibration.presented
            assert graphics.presented_calibrations == 2
            graphics.close_failure_once = True
            failed_close = await close_calibration(second)
            assert failed_close.result == pb.COMMAND_RESULT_ACCEPTED
            unknown = await wait_calibration(second, vp.DISPLAY_CALIBRATION_STATE_UNKNOWN)
            await bridge.drain(deadline)
            assert worker_runtime.interrupted
            assert unknown.calibration.state == vp.DISPLAY_CALIBRATION_STATE_UNKNOWN
    
            recovered = await close_calibration(second)
            assert recovered.result == pb.COMMAND_RESULT_ACCEPTED
            idle = await wait_calibration(second, vp.DISPLAY_CALIBRATION_STATE_IDLE)
            await bridge.drain(deadline)
            assert not worker_runtime.interrupted
            assert idle.calibration.resources_closed
    
            third = str(uuid4())
            reopened = await open_calibration(third)
            assert reopened.result == pb.COMMAND_RESULT_ACCEPTED
            active = await wait_calibration(third, vp.DISPLAY_CALIBRATION_STATE_ACTIVE)
            assert active.calibration.presented
            cleanup_deadline = host_time_ns() + 5_000_000_000
            cleanup = wire.BackendCommand(
                command_id=str(uuid4()),
                issuer=controller_id,
                target=backend,
            )
            command_ledger.admit(
                cleanup.command_id,
                cleanup.SerializeToString(),
                host_time_ns(),
                work_key=cleanup.command_id,
                deadline_ns=cleanup_deadline,
                priority=True,
            )
            cleanup_admission = await coordinator.execute(
                "Shutdown", cleanup, deadline_ns=cleanup_deadline
            )
            assert cleanup_admission.result == pb.COMMAND_RESULT_ACCEPTED
            command_ledger.complete(
                cleanup.command_id, cleanup_admission.SerializeToString(), host_time_ns()
            )
            idle = await wait_calibration(third, vp.DISPLAY_CALIBRATION_STATE_IDLE)
            assert idle.calibration.resources_closed
            cleanup_stop = asyncio.get_running_loop().time() + 2
            while (
                not driver.state.cleaned
                and asyncio.get_running_loop().time() < cleanup_stop
            ):
                await asyncio.sleep(0.005)
            link = next(
                item
                for item in coordinator.state.links.values()
                if item.parent.command_id == cleanup.command_id
            )
            record = worker_runtime.ledger.get(link.child.command_id)
            assert record is not None and record.executor_result
            outcome = pb.OperationState.FromString(record.executor_result)
            assert outcome.succeeded, outcome.failure.message
            assert driver.state.cleaned
>           assert coordinator.shutdown_requested.is_set()
E           assert False
E            +  where False = is_set()
E            +    where is_set = <asyncio.locks.Event object at 0x000001C6DD86E9D0 [unset]>.is_set
E            +      where <asyncio.locks.Event object at 0x000001C6DD86E9D0 [unset]> = <cephvr.visual_stimulus.runtime.VisualStimulusCoordinatorRuntime object at 0x000001C6DD86E750>.shutdown_requested

tests\visual_stimulus\test_transport.py:539: AssertionError
=========================== short test summary info ===========================
FAILED tests/visual_stimulus/test_transport.py::test_authenticated_first_use_calibration_repeat_and_close_recovery
1 failed, 1 passed in 0.87s
