.F.F............                                                         [100%]
================================== FAILURES ===================================
_ test_manual_preview_ready_requires_all_exact_pending_transfers[valid-True] __

tracking = True, case = 'valid'

    @pytest.mark.parametrize("tracking", (False, True))
    @pytest.mark.parametrize(
        "case",
        (
            "valid",
            "missing",
            "extra",
            "duplicate",
            "wrong_transfer",
            "wrong_worker",
            "attached",
            "released",
        ),
    )
    def test_manual_preview_ready_requires_all_exact_pending_transfers(tracking, case):
        owner = control.ProcessIdentity(role="acquisition", generation=str(uuid4()))
        worker = control.ProcessIdentity(
            role="acquisition_tracking_worker", generation=str(uuid4())
        )
        ledger = NativeResourceLedger(max_resources=4, max_transfers_per_resource=2)
        resources = {}
        attachments = []
        for kind in ("preview", "tracking") if tracking else ("preview",):
            allocation = str(uuid4())
            attachment = acq.FrameBufferAttachment(
                buffer=acq.FrameBufferDescriptor(
                    allocation_id=allocation, owner=owner, producer=worker
                ),
                sync=acq.RingSyncNames(target=worker, transfer_id=str(uuid4())),
            )
            key = ResourceKey(allocation, owner.generation)
            ledger.register(key, kind=kind)
            ledger.expect_attachment(
                key,
                peer_instance_id=worker.generation,
                transfer_id=attachment.sync.transfer_id,
            )
            resources[allocation] = SimpleNamespace(attachment=attachment, ledger_key=key)
            attachments.append(attachment)
        preview = WorkerPreview(
            run_id=str(uuid4()),
            configuration_revision=1,
            allocation_id=attachments[0].buffer.allocation_id,
            worker_attachment=attachments[0],
            tracking_allocation_id=attachments[1].buffer.allocation_id
            if tracking
            else None,
            tracking_worker_attachment=attachments[1] if tracking else None,
        )
        record = SimpleNamespace(
            preview=preview, launch=SimpleNamespace(worker=worker, owner=owner)
        )
        reports = WorkerLifecycleReports.__new__(WorkerLifecycleReports)
        reports.resources = resources
        reports.resource_ledger = ledger
        ready = acq.WorkerReadyEvidence()
        for attachment in attachments:
            ready.attached_resources.add(
                resource_id=attachment.buffer.allocation_id,
                transfer_id=attachment.sync.transfer_id,
            )
        if case == "missing":
            del ready.attached_resources[-1]
        elif case == "extra":
            ready.attached_resources.add(resource_id=str(uuid4()), transfer_id=str(uuid4()))
        elif case == "duplicate":
            ready.attached_resources.add().CopyFrom(ready.attached_resources[0])
        elif case == "wrong_transfer":
            ready.attached_resources[-1].transfer_id = str(uuid4())
        elif case == "wrong_worker":
            attachments[-1].buffer.producer.generation = str(uuid4())
        elif case in {"attached", "released"}:
            attachment = attachments[-1]
            key = resources[attachment.buffer.allocation_id].ledger_key
            action = (
                ledger.confirm_attachment if case == "attached" else ledger.confirm_release
            )
            action(
                key,
                peer_instance_id=worker.generation,
                transfer_id=attachment.sync.transfer_id,
            )
>       assert reports._manual_preview_attachment_matches(record, ready) == (
            case == "valid"
        )
E       assert False == ('valid' == 'valid'
E        +  where False = _manual_preview_attachment_matches(namespace(preview=WorkerPreview(run_id='aa5e4b69-a6c3-4092-96c6-2ee3fe5337b0', configuration_revision=1, preparation=N...a0cd30f2-ad31-49b6-aa40-2cee8ae2e487"\n, owner=role: "acquisition"\ngeneration: "912ae8d9-c1f6-44ce-9004-0db898ac1f1e"\n)), attached_resources {\n  resource_id: "cadf8678-760f-4dec-b088-645fa40313d9"\n  transfer_id: "26e6891f-eb72-492a-a7bf-8a7...ources {\n  resource_id: "5e0cdca1-0486-40bf-913e-9986ad633a22"\n  transfer_id: "0e966736-50b7-415e-b2a5-9eb45630e246"\n}\n)
E        +    where _manual_preview_attachment_matches = <cephvr.acquisition.coordinator.evidence_lifecycle.WorkerLifecycleReports object at 0x000002109A34D9D0>._manual_preview_attachment_matches
E         
E           valid)

tests\acquisition\test_manual_preview.py:1241: AssertionError
_ test_manual_preview_ready_requires_all_exact_pending_transfers[missing-True] _

tracking = True, case = 'missing'

    @pytest.mark.parametrize("tracking", (False, True))
    @pytest.mark.parametrize(
        "case",
        (
            "valid",
            "missing",
            "extra",
            "duplicate",
            "wrong_transfer",
            "wrong_worker",
            "attached",
            "released",
        ),
    )
    def test_manual_preview_ready_requires_all_exact_pending_transfers(tracking, case):
        owner = control.ProcessIdentity(role="acquisition", generation=str(uuid4()))
        worker = control.ProcessIdentity(
            role="acquisition_tracking_worker", generation=str(uuid4())
        )
        ledger = NativeResourceLedger(max_resources=4, max_transfers_per_resource=2)
        resources = {}
        attachments = []
        for kind in ("preview", "tracking") if tracking else ("preview",):
            allocation = str(uuid4())
            attachment = acq.FrameBufferAttachment(
                buffer=acq.FrameBufferDescriptor(
                    allocation_id=allocation, owner=owner, producer=worker
                ),
                sync=acq.RingSyncNames(target=worker, transfer_id=str(uuid4())),
            )
            key = ResourceKey(allocation, owner.generation)
            ledger.register(key, kind=kind)
            ledger.expect_attachment(
                key,
                peer_instance_id=worker.generation,
                transfer_id=attachment.sync.transfer_id,
            )
            resources[allocation] = SimpleNamespace(attachment=attachment, ledger_key=key)
            attachments.append(attachment)
        preview = WorkerPreview(
            run_id=str(uuid4()),
            configuration_revision=1,
            allocation_id=attachments[0].buffer.allocation_id,
            worker_attachment=attachments[0],
            tracking_allocation_id=attachments[1].buffer.allocation_id
            if tracking
            else None,
            tracking_worker_attachment=attachments[1] if tracking else None,
        )
        record = SimpleNamespace(
            preview=preview, launch=SimpleNamespace(worker=worker, owner=owner)
        )
        reports = WorkerLifecycleReports.__new__(WorkerLifecycleReports)
        reports.resources = resources
        reports.resource_ledger = ledger
        ready = acq.WorkerReadyEvidence()
        for attachment in attachments:
            ready.attached_resources.add(
                resource_id=attachment.buffer.allocation_id,
                transfer_id=attachment.sync.transfer_id,
            )
        if case == "missing":
            del ready.attached_resources[-1]
        elif case == "extra":
            ready.attached_resources.add(resource_id=str(uuid4()), transfer_id=str(uuid4()))
        elif case == "duplicate":
            ready.attached_resources.add().CopyFrom(ready.attached_resources[0])
        elif case == "wrong_transfer":
            ready.attached_resources[-1].transfer_id = str(uuid4())
        elif case == "wrong_worker":
            attachments[-1].buffer.producer.generation = str(uuid4())
        elif case in {"attached", "released"}:
            attachment = attachments[-1]
            key = resources[attachment.buffer.allocation_id].ledger_key
            action = (
                ledger.confirm_attachment if case == "attached" else ledger.confirm_release
            )
            action(
                key,
                peer_instance_id=worker.generation,
                transfer_id=attachment.sync.transfer_id,
            )
>       assert reports._manual_preview_attachment_matches(record, ready) == (
            case == "valid"
        )
E       assert True == ('missing' == 'valid'
E        +  where True = _manual_preview_attachment_matches(namespace(preview=WorkerPreview(run_id='95383303-9721-470d-a839-b3dd6579b10c', configuration_revision=1, preparation=N...9364655c-0579-438b-b633-7e91880e8a9f"\n, owner=role: "acquisition"\ngeneration: "ee8bbe98-df09-409e-8793-9b1efd265ee8"\n)), attached_resources {\n  resource_id: "6f5dd724-3d75-4cbb-9686-b56e81bc71ac"\n  transfer_id: "a5dd0c46-f0d2-4221-98d9-66c6e4775299"\n}\n)
E        +    where _manual_preview_attachment_matches = <cephvr.acquisition.coordinator.evidence_lifecycle.WorkerLifecycleReports object at 0x000002109A32F290>._manual_preview_attachment_matches
E         
E         - valid
E         + missing)

tests\acquisition\test_manual_preview.py:1241: AssertionError
=========================== short test summary info ===========================
FAILED tests/acquisition/test_manual_preview.py::test_manual_preview_ready_requires_all_exact_pending_transfers[valid-True]
FAILED tests/acquisition/test_manual_preview.py::test_manual_preview_ready_requires_all_exact_pending_transfers[missing-True]
2 failed, 14 passed, 37 deselected in 0.36s
