........................................................................ [  5%]
........................................................................ [ 11%]
...........................................................sssss........ [ 17%]
........................................................................ [ 23%]
........................................................................ [ 28%]
........................................................................ [ 34%]
........................................................................ [ 40%]
........................................................................ [ 46%]
........................................................................ [ 52%]
........................................................................ [ 57%]
........................................................................ [ 63%]
........................................................................ [ 69%]
........................................................................ [ 75%]
........................................................................ [ 81%]
........................................................................ [ 86%]
...................I1007 12:03:03.676081 5577353 chttp2_transport.cc:1400] ipv4:127.0.0.1:65199: Got goaway [2] err=UNAVAILABLE:GOAWAY received; Error code: 2; Debug Text: Cancelling all calls {http2_error:2}
..................................................... [ 92%]
........................................................................ [ 98%]
..................                                                       [100%]
=========================== short test summary info ============================
SKIPPED [1] tests/platform/test_windows_native_on_rig.py:27: native Windows process/resource checks require Windows
SKIPPED [1] tests/acquisition/test_worker_ring_regressions.py:120: ring tests require documented Win32 atomics
SKIPPED [1] tests/acquisition/test_worker_ring_regressions.py:147: ring tests require documented Win32 atomics
SKIPPED [1] tests/acquisition/test_worker_ring_regressions.py:176: ring tests require documented Win32 atomics
SKIPPED [1] tests/acquisition/test_worker_ring_regressions.py:206: ring tests require documented Win32 atomics
SKIPPED [1] tests/acquisition/test_worker_ring_regressions.py:240: ring tests require documented Win32 atomics
1237 passed, 6 skipped, 5 deselected in 134.92s (0:02:14)
