src\cephvr\synchronization\inventory.py:28: error: Module has no attribute "PULSE_ROLE_TRIAL_STATE"  [attr-defined]
src\cephvr\synchronization\inventory.py:29: error: Module has no attribute "PULSE_ROLE_PROJECTOR_FLIP"  [attr-defined]
src\cephvr\synchronization\inventory.py:72: error: Module has no attribute "PULSE_ROLE_TRIAL_STATE"  [attr-defined]
src\cephvr\synchronization\inventory.py:76: error: Module has no attribute "PULSE_ROLE_PROJECTOR_FLIP"  [attr-defined]
src\cephvr\synchronization\inventory.py:78: error: Module has no attribute "PULSE_ROLE_CUSTOM"  [attr-defined]
src\cephvr\synchronization\inventory.py:131: error: "PulseChannel" has no attribute "source_id"  [attr-defined]
src\cephvr\synchronization\inventory.py:163: error: Module has no attribute "PULSE_ROLE_CUSTOM"  [attr-defined]
src\cephvr\synchronization\inventory.py:164: error: "PulseChannel" has no attribute "source_id"  [attr-defined]
src\cephvr\gui\managed_config.py:12: error: Name "pb.SubjectMetadata" is not defined  [name-defined]
src\cephvr\gui\managed_config.py:14: error: Module has no attribute "SubjectMetadata"  [attr-defined]
src\cephvr\gui\managed_config.py:50: error: "ExperimentConfiguration" has no attribute "subject_metadata"  [attr-defined]
src\cephvr\gui\managed_config.py:66: error: Name "pb.SubjectMetadata" is not defined  [name-defined]
src\cephvr\gui\managed_config.py:71: error: "ExperimentConfiguration" has no attribute "subject_metadata"  [attr-defined]
src\cephvr\visual_stimulus\transport\messages.py:19: error: Module has no attribute "VisualStimulusDisplayCalibrationOpenRequest"; maybe "VisualStimulusDisplayInitializationRequest"?  [attr-defined]
src\cephvr\visual_stimulus\transport\messages.py:20: error: Module has no attribute "VisualStimulusDisplayCalibrationCloseRequest"; maybe "VisualStimulusDisplayInitializationRequest"?  [attr-defined]
src\cephvr\visual_stimulus\transport\messages.py:57: error: Module has no attribute "OpenDisplayCalibrationCommand"  [attr-defined]
src\cephvr\visual_stimulus\transport\messages.py:58: error: Module has no attribute "CloseDisplayCalibrationCommand"  [attr-defined]
src\cephvr\acquisition\coordinator\operations.py:88: error: Name "wire.AcquisitionTrackingDiagnosticAttachmentCommand" is not defined  [name-defined]
src\cephvr\acquisition\camera\pylon_wait_binding.py:10: error: Module "cephvr.acquisition.camera" has no attribute "_pylon_wait_binding"  [attr-defined]
src\cephvr\acquisition\camera\pylon_wait_binding.py:12: error: Cannot find implementation or library stub for module named "_pylon_wait_binding"  [import-not-found]
src\cephvr\acquisition\camera\pylon_wait_binding.py:17: error: Cannot find implementation or library stub for module named "__builtin__"  [import-not-found]
src\cephvr\acquisition\camera\pylon_wait_binding.py:17: error: Name "__builtin__" already defined (by an import)  [no-redef]
src\cephvr\acquisition\camera\pylon_wait_binding.py:19: error: Function is missing a return type annotation  [no-untyped-def]
src\cephvr\acquisition\camera\pylon_wait_binding.py:27: error: Function is missing a type annotation  [no-untyped-def]
src\cephvr\acquisition\camera\pylon_wait_binding.py:28: error: Function is missing a type annotation  [no-untyped-def]
src\cephvr\acquisition\camera\pylon_wait_binding.py:40: error: Function is missing a type annotation  [no-untyped-def]
src\cephvr\acquisition\camera\pylon_wait_binding.py:41: error: Function is missing a type annotation  [no-untyped-def]
src\cephvr\acquisition\camera\pylon_wait_binding.py:49: error: Function is missing a type annotation  [no-untyped-def]
src\cephvr\acquisition\camera\pylon_wait_binding.py:51: error: Function is missing a return type annotation  [no-untyped-def]
src\cephvr\acquisition\camera\pylon_wait_binding.py:58: error: Call to untyped function "_swig_setattr_nondynamic_class_variable" in typed context  [no-untyped-call]
src\cephvr\acquisition\camera\pylon_wait_binding.py:61: error: Skipping analyzing "pypylon.pylon": module is installed, but missing library stubs or py.typed marker  [import-untyped]
src\cephvr\acquisition\camera\pylon_wait_binding.py:61: note: See https://mypy.readthedocs.io/en/stable/running_mypy.html#missing-imports
src\cephvr\acquisition\camera\pylon_wait_binding.py:61: error: Skipping analyzing "pypylon": module is installed, but missing library stubs or py.typed marker  [import-untyped]
src\cephvr\acquisition\camera\pylon_wait_binding.py:63: error: Function is missing a type annotation  [no-untyped-def]
src\cephvr\gui\tracking_live.py:127: error: Name "tracking.TrackingDiagnosticFrame" is not defined  [name-defined]
src\cephvr\controller\ports.py:47: error: Name "tracking_svc.TrackingDiagnosticCommand" is not defined  [name-defined]
src\cephvr\controller\ports.py:50: error: Name "tracking_svc.CloseTrackingDiagnosticCommand" is not defined  [name-defined]
src\cephvr\controller\ports.py:53: error: Name "tracking_svc.TrackingDiagnosticQuery" is not defined  [name-defined]
src\cephvr\controller\ports.py:54: error: Name "tracking_svc.TrackingDiagnosticState" is not defined  [name-defined]
src\cephvr\controller\ports.py:78: error: Name "svc.VisualStimulusDisplayCalibrationOpenRequest" is not defined  [name-defined]
src\cephvr\controller\ports.py:84: error: Name "svc.VisualStimulusDisplayCalibrationCloseRequest" is not defined  [name-defined]
src\cephvr\controller\ports.py:96: error: Name "svc.AcquisitionTrackingDiagnosticAttachmentCommand" is not defined  [name-defined]
src\cephvr\controller\device\tracking_diagnostic_state.py:22: error: Name "pb.TrackingDiagnosticState" is not defined  [name-defined]
src\cephvr\controller\device\tracking_diagnostic_state.py:22: error: Name "tracking.TrackingDiagnosticState" is not defined  [name-defined]
src\cephvr\controller\device\tracking_diagnostic_state.py:55: error: Name "tracking.TrackingDiagnosticState" is not defined  [name-defined]
src\cephvr\controller\device\tracking_diagnostic_state.py:56: error: Name "pb.TrackingDiagnosticState" is not defined  [name-defined]
src\cephvr\gui\spikeglx.py:143: error: Module has no attribute "PULSE_ROLE_CUSTOM"  [attr-defined]
src\cephvr\gui\spikeglx.py:248: error: "PulseChannel" has no attribute "source_id"  [attr-defined]
src\cephvr\gui\spikeglx.py:251: error: Module has no attribute "PULSE_ROLE_CUSTOM"  [attr-defined]
src\cephvr\gui\spikeglx.py:271: error: Module has no attribute "PULSE_ROLE_TRIAL_STATE"  [attr-defined]
src\cephvr\gui\spikeglx.py:272: error: Module has no attribute "PULSE_ROLE_PROJECTOR_FLIP"  [attr-defined]
src\cephvr\gui\spikeglx.py:276: error: Module has no attribute "PULSE_ROLE_TRIAL_STATE"  [attr-defined]
src\cephvr\gui\spikeglx.py:286: error: Module has no attribute "PULSE_ROLE_CUSTOM"  [attr-defined]
src\cephvr\gui\spikeglx.py:294: error: Module has no attribute "PULSE_ROLE_CUSTOM"  [attr-defined]
src\cephvr\gui\spikeglx.py:304: error: Module has no attribute "PULSE_ROLE_CUSTOM"  [attr-defined]
src\cephvr\gui\spikeglx.py:374: error: Module has no attribute "PULSE_ROLE_CUSTOM"  [attr-defined]
src\cephvr\gui\spikeglx.py:379: error: "PulseChannel" has no attribute "source_id"  [attr-defined]
src\cephvr\controller\backend.py:75: error: Unused "type: ignore" comment  [unused-ignore]
src\cephvr\controller\backend.py:75: error: Module has no attribute "TrackingDiagnosticServiceStub"  [attr-defined]
src\cephvr\controller\backend.py:75: note: Error code "attr-defined" not covered by "type: ignore[no-untyped-call]" comment
src\cephvr\controller\backend.py:151: error: Name "tracking_svc.TrackingDiagnosticCommand" is not defined  [name-defined]
src\cephvr\controller\backend.py:160: error: Name "tracking_svc.CloseTrackingDiagnosticCommand" is not defined  [name-defined]
src\cephvr\controller\backend.py:169: error: Name "tracking_svc.TrackingDiagnosticQuery" is not defined  [name-defined]
src\cephvr\controller\backend.py:170: error: Name "tracking_svc.TrackingDiagnosticState" is not defined  [name-defined]
src\cephvr\controller\backend.py:174: error: Name "tracking_svc.TrackingDiagnosticState" is not defined  [name-defined]
src\cephvr\controller\backend.py:243: error: Name "svc.AcquisitionTrackingDiagnosticAttachmentCommand" is not defined  [name-defined]
src\cephvr\controller\backend.py:250: error: "AcquisitionConfigurationServiceStub" has no attribute "AttachTrackingDiagnosticInput"  [attr-defined]
src\cephvr\controller\backend.py:285: error: Name "svc.VisualStimulusDisplayCalibrationOpenRequest" is not defined  [name-defined]
src\cephvr\controller\backend.py:292: error: "VisualStimulusConfigurationServiceStub" has no attribute "OpenDisplayCalibration"  [attr-defined]
src\cephvr\controller\backend.py:297: error: Name "svc.VisualStimulusDisplayCalibrationCloseRequest" is not defined  [name-defined]
src\cephvr\controller\backend.py:304: error: "VisualStimulusConfigurationServiceStub" has no attribute "CloseDisplayCalibration"  [attr-defined]
src\cephvr\controller\startup\providers.py:80: error: "VisualStimulusFilePolicies" has no attribute "pacing_refresh_hz"  [attr-defined]
src\cephvr\controller\startup\providers.py:85: error: "VisualStimulusFilePolicies" has no attribute "pacing_output_id"  [attr-defined]
src\cephvr\controller\startup\providers.py:290: error: "VisualStimulusFilePolicies" has no attribute "pacing_refresh_hz"  [attr-defined]
src\cephvr\controller\startup\providers.py:295: error: "VisualStimulusFilePolicies" has no attribute "pacing_output_id"  [attr-defined]
src\cephvr\controller\state.py:169: error: Name "pb.TrackingDiagnosticState" is not defined  [name-defined]
src\cephvr\controller\state.py:170: error: Module has no attribute "TrackingDiagnosticState"  [attr-defined]
src\cephvr\visual_stimulus\transport\boundary.py:114: error: Module has no attribute "VisualStimulusDisplayCalibrationOpenRequest"; maybe "VisualStimulusDisplayInitializationRequest"?  [attr-defined]
src\cephvr\visual_stimulus\transport\boundary.py:115: error: Module has no attribute "VisualStimulusDisplayCalibrationCloseRequest"; maybe "VisualStimulusDisplayInitializationRequest"?  [attr-defined]
src\cephvr\visual_stimulus\transport\boundary.py:133: error: Module has no attribute "VisualStimulusDisplayCalibrationOpenRequest"; maybe "VisualStimulusDisplayInitializationRequest"?  [attr-defined]
src\cephvr\visual_stimulus\transport\boundary.py:134: error: Module has no attribute "VisualStimulusDisplayCalibrationCloseRequest"; maybe "VisualStimulusDisplayInitializationRequest"?  [attr-defined]
src\cephvr\visual_stimulus\transport\boundary.py:163: error: Module has no attribute "VisualStimulusDisplayCalibrationOpenRequest"; maybe "VisualStimulusDisplayInitializationRequest"?  [attr-defined]
src\cephvr\visual_stimulus\transport\boundary.py:164: error: Module has no attribute "VisualStimulusDisplayCalibrationCloseRequest"; maybe "VisualStimulusDisplayInitializationRequest"?  [attr-defined]
src\cephvr\gui\tracking_frame_transport.py:28: error: "Snapshot" has no attribute "tracking_diagnostic"  [attr-defined]
src\cephvr\gui\tracking_frame_transport.py:53: error: Module has no attribute "TrackingDiagnosticQuery"  [attr-defined]
src\cephvr\gui\tracking_frame_transport.py:69: error: Module has no attribute "TrackingDiagnosticServiceStub"  [attr-defined]
src\cephvr\gui\managed_display_operations.py:16: error: Name "rpc.SpikeGLXInventoryRequest" is not defined  [name-defined]
src\cephvr\gui\managed_display_operations.py:20: error: Module has no attribute "SpikeGLXInventoryRequest"  [attr-defined]
src\cephvr\gui\managed_display_operations.py:32: error: Name "rpc.SpikeGLXInventoryUpdateRequest" is not defined  [name-defined]
src\cephvr\gui\managed_display_operations.py:42: error: Module has no attribute "SpikeGLXInventoryUpdateRequest"  [attr-defined]
src\cephvr\gui\managed_display_operations.py:58: error: Name "rpc.OpenDisplayCalibrationRequest" is not defined  [name-defined]
src\cephvr\gui\managed_display_operations.py:97: error: Module has no attribute "OpenDisplayCalibrationRequest"  [attr-defined]
src\cephvr\gui\managed_display_operations.py:146: error: Name "rpc.CloseDisplayCalibrationRequest" is not defined  [name-defined]
src\cephvr\gui\managed_display_operations.py:152: error: "VisualStimulusDisplayView" has no attribute "calibration"  [attr-defined]
src\cephvr\gui\managed_display_operations.py:163: error: Module has no attribute "CloseDisplayCalibrationRequest"  [attr-defined]
src\cephvr\gui\managed_display_operations.py:171: error: Name "rpc.SpikeGLXInventorySnapshot" is not defined  [name-defined]
src\cephvr\gui\managed_display_operations.py:225: error: Module has no attribute "PULSE_ROLE_TRIAL_STATE"  [attr-defined]
src\cephvr\gui\managed_display_operations.py:230: error: Module has no attribute "PULSE_ROLE_PROJECTOR_FLIP"  [attr-defined]
src\cephvr\controller\device\tracking_diagnostic.py:82: error: Name "tracking.TrackingDiagnosticCommand" is not defined  [name-defined]
src\cephvr\controller\device\tracking_diagnostic.py:85: error: Name "svc.BeginTrackingDiagnosticRequest" is not defined  [name-defined]
src\cephvr\controller\device\tracking_diagnostic.py:189: error: Module has no attribute "TrackingDiagnosticCommand"  [attr-defined]
src\cephvr\controller\device\tracking_diagnostic.py:193: error: Module has no attribute "TrackingDiagnosticStage"  [attr-defined]
src\cephvr\controller\device\tracking_diagnostic.py:199: error: Module has no attribute "TrackingDiagnosticState"  [attr-defined]
src\cephvr\controller\device\tracking_diagnostic.py:209: error: Module has no attribute "TrackingDiagnosticStageStatus"  [attr-defined]
src\cephvr\controller\device\tracking_diagnostic.py:211: error: Module has no attribute "TRACKING_DIAGNOSTIC_STAGE_STATE_UNSPECIFIED"  [attr-defined]
src\cephvr\controller\device\tracking_diagnostic.py:220: error: Module has no attribute "AcquisitionTrackingDiagnosticAttachmentCommand"  [attr-defined]
src\cephvr\controller\device\tracking_diagnostic.py:235: error: Name "tracking.TrackingDiagnosticCommand" is not defined  [name-defined]
src\cephvr\controller\device\tracking_diagnostic.py:262: error: Module has no attribute "TrackingDiagnosticCommand"  [attr-defined]
src\cephvr\controller\device\tracking_diagnostic.py:277: error: Module has no attribute "TrackingDiagnosticStage"  [attr-defined]
src\cephvr\controller\device\tracking_diagnostic.py:291: error: Module has no attribute "TrackingDiagnosticCommand"  [attr-defined]
src\cephvr\controller\device\tracking_diagnostic.py:302: error: Module has no attribute "TrackingDiagnosticState"  [attr-defined]
src\cephvr\controller\device\tracking_diagnostic.py:327: error: Module has no attribute "TrackingDiagnosticState"  [attr-defined]
src\cephvr\controller\device\tracking_diagnostic.py:351: error: Module has no attribute "CloseTrackingDiagnosticCommand"  [attr-defined]
src\cephvr\controller\device\tracking_diagnostic.py:418: error: Name "svc.CloseTrackingDiagnosticRequest" is not defined  [name-defined]
src\cephvr\controller\device\tracking_diagnostic.py:483: error: Module has no attribute "TrackingDiagnosticState"  [attr-defined]
src\cephvr\controller\device\tracking_diagnostic.py:513: error: Name "pb.TrackingDiagnosticState" is not defined  [name-defined]
src\cephvr\controller\device\tracking_diagnostic.py:520: error: Module has no attribute "CloseTrackingDiagnosticCommand"  [attr-defined]
src\cephvr\controller\device\tracking_diagnostic.py:569: error: Name "svc.TrackingDiagnosticQuery" is not defined  [name-defined]
src\cephvr\controller\device\tracking_diagnostic.py:570: error: Name "pb.TrackingDiagnosticState" is not defined  [name-defined]
src\cephvr\controller\device\tracking_diagnostic.py:572: error: Module has no attribute "TrackingDiagnosticState"  [attr-defined]
src\cephvr\controller\device\tracking_diagnostic.py:611: error: Module has no attribute "TrackingDiagnosticState"  [attr-defined]
src\cephvr\controller\device\tracking_diagnostic.py:695: error: Name "pb.TrackingDiagnosticState" is not defined  [name-defined]
src\cephvr\controller\device\tracking_diagnostic.py:701: error: Name "tracking.TrackingDiagnosticState" is not defined  [name-defined]
src\cephvr\controller\device\tracking_diagnostic.py:716: error: Name "pb.TrackingDiagnosticState" is not defined  [name-defined]
src\cephvr\controller\device\tracking_diagnostic.py:717: error: Name "tracking.TrackingDiagnosticQuery" is not defined  [name-defined]
src\cephvr\controller\device\tracking_diagnostic.py:718: error: Module has no attribute "TrackingDiagnosticQuery"  [attr-defined]
src\cephvr\controller\control\snapshots.py:87: error: "Snapshot" has no attribute "tracking_diagnostic"  [attr-defined]
src\cephvr\tracking\config\validation.py:74: error: "TrackingSettings" has no attribute "preprocessing"  [attr-defined]
src\cephvr\tracking\config\validation.py:98: error: "TrackingSettings" has no attribute "image_scale"  [attr-defined]
src\cephvr\visual_stimulus\transport\services.py:103: error: Name "wire.VisualStimulusDisplayCalibrationOpenRequest" is not defined  [name-defined]
src\cephvr\visual_stimulus\transport\services.py:110: error: Name "wire.VisualStimulusDisplayCalibrationCloseRequest" is not defined  [name-defined]
src\cephvr\visual_stimulus\transport\services.py:136: error: Name "visual_stimulus.OpenDisplayCalibrationCommand" is not defined  [name-defined]
src\cephvr\visual_stimulus\transport\services.py:143: error: Name "visual_stimulus.CloseDisplayCalibrationCommand" is not defined  [name-defined]
src\cephvr\acquisition\transport\services.py:406: error: Name "wire.AcquisitionTrackingDiagnosticAttachmentCommand" is not defined  [name-defined]
src\cephvr\controller\device\views.py:150: error: "VisualStimulusDisplayView" has no attribute "calibration"  [attr-defined]
src\cephvr\controller\device\views.py:152: error: "VisualStimulusDisplayView" has no attribute "calibration"  [attr-defined]
src\cephvr\controller\device\views.py:159: error: "VisualStimulusDisplayView" has no attribute "calibration"  [attr-defined]
src\cephvr\controller\device\views.py:170: error: Module has no attribute "DISPLAY_CALIBRATION_STATE_ACTIVE"  [attr-defined]
src\cephvr\controller\device\views.py:183: error: Module has no attribute "DISPLAY_CALIBRATION_STATE_ACTIVE"  [attr-defined]
src\cephvr\controller\device\views.py:194: error: Module has no attribute "DISPLAY_CALIBRATION_STATE_IDLE"  [attr-defined]
src\cephvr\controller\device\display_calibration.py:105: error: Name "svc.OpenDisplayCalibrationRequest" is not defined  [name-defined]
src\cephvr\controller\device\display_calibration.py:131: error: Module has no attribute "DISPLAY_CALIBRATION_STATE_IDLE"  [attr-defined]
src\cephvr\controller\device\display_calibration.py:191: error: Module has no attribute "DISPLAY_CALIBRATION_STATE_ACTIVE"  [attr-defined]
src\cephvr\controller\device\display_calibration.py:290: error: Name "svc.VisualStimulusDisplayCalibrationOpenRequest" is not defined  [name-defined]
src\cephvr\controller\device\display_calibration.py:326: error: Module has no attribute "VisualStimulusDisplayCalibrationOpenRequest"; maybe "VisualStimulusDisplayInitializationRequest"?  [attr-defined]
src\cephvr\controller\device\display_calibration.py:350: error: Module has no attribute "DISPLAY_CALIBRATION_STATE_ACTIVE"  [attr-defined]
src\cephvr\controller\device\display_calibration.py:396: error: Name "svc.CloseDisplayCalibrationRequest" is not defined  [name-defined]
src\cephvr\controller\device\display_calibration.py:408: error: Module has no attribute "DISPLAY_CALIBRATION_STATE_ACTIVE"  [attr-defined]
src\cephvr\controller\device\display_calibration.py:425: error: Module has no attribute "DISPLAY_CALIBRATION_STATE_ACTIVE"  [attr-defined]
src\cephvr\controller\device\display_calibration.py:426: error: Module has no attribute "DISPLAY_CALIBRATION_STATE_UNKNOWN"  [attr-defined]
src\cephvr\controller\device\display_calibration.py:459: error: Module has no attribute "VisualStimulusDisplayCalibrationCloseRequest"; maybe "VisualStimulusDisplayInitializationRequest"?  [attr-defined]
src\cephvr\controller\device\display_calibration.py:496: error: Module has no attribute "DISPLAY_CALIBRATION_STATE_IDLE"  [attr-defined]
src\cephvr\controller\device\display_calibration.py:531: error: Name "vs_runtime.DisplayCalibrationEvidence" is not defined  [name-defined]
src\cephvr\controller\device\display_calibration.py:535: error: "VisualStimulusDisplayView" has no attribute "calibration"  [attr-defined]
src\cephvr\controller\device\display_calibration.py:547: error: Module has no attribute "DISPLAY_CALIBRATION_STATE_IDLE"  [attr-defined]
src\cephvr\controller\device\display_calibration.py:558: error: Module has no attribute "DISPLAY_CALIBRATION_STATE_ACTIVE"  [attr-defined]
src\cephvr\controller\device\display_calibration.py:568: error: Module has no attribute "DISPLAY_CALIBRATION_STATE_ACTIVE"  [attr-defined]
src\cephvr\controller\device\display_calibration.py:569: error: Module has no attribute "DISPLAY_CALIBRATION_STATE_UNKNOWN"  [attr-defined]
src\cephvr\controller\device\display_calibration.py:613: error: Module has no attribute "DISPLAY_CALIBRATION_STATE_IDLE"  [attr-defined]
src\cephvr\controller\device\display_calibration.py:619: error: Module has no attribute "VisualStimulusDisplayCalibrationCloseRequest"; maybe "VisualStimulusDisplayInitializationRequest"?  [attr-defined]
src\cephvr\controller\device\display_calibration.py:692: error: Module has no attribute "DISPLAY_CALIBRATION_STATE_IDLE"  [attr-defined]
src\cephvr\controller\device\display_calibration.py:728: error: Module has no attribute "DISPLAY_CALIBRATION_STATE_ACTIVE"  [attr-defined]
src\cephvr\controller\device\display_calibration.py:752: error: Module has no attribute "DISPLAY_CALIBRATION_STATE_IDLE"  [attr-defined]
src\cephvr\controller\device\display.py:193: error: "VisualStimulusDisplayInitializationRequest" has no attribute "pacing_refresh_hz"  [attr-defined]
src\cephvr\controller\device\display.py:193: error: "VisualStimulusFilePolicies" has no attribute "pacing_refresh_hz"  [attr-defined]
src\cephvr\controller\device\display.py:195: error: "VisualStimulusDisplayInitializationRequest" has no attribute "pacing_output_id"  [attr-defined]
src\cephvr\controller\device\display.py:195: error: "VisualStimulusFilePolicies" has no attribute "pacing_output_id"  [attr-defined]
src\cephvr\tracking\coordinator\commands.py:32: error: Module has no attribute "TrackingDiagnosticCommand"  [attr-defined]
src\cephvr\tracking\coordinator\commands.py:46: error: Module has no attribute "CloseTrackingDiagnosticCommand"  [attr-defined]
src\cephvr\gui\tracking_settings.py:36: error: "TrackingSettings" has no attribute "preprocessing"  [attr-defined]
src\cephvr\gui\tracking_settings.py:38: error: "TrackingSettings" has no attribute "preprocessing"  [attr-defined]
src\cephvr\gui\tracking_settings.py:40: error: "TrackingSettings" has no attribute "preprocessing"  [attr-defined]
src\cephvr\gui\tracking_settings.py:42: error: "TrackingSettings" has no attribute "preprocessing"  [attr-defined]
src\cephvr\gui\tracking_settings.py:56: error: "TrackingSettings" has no attribute "preprocessing"  [attr-defined]
src\cephvr\gui\tracking_settings.py:59: error: "TrackingSettings" has no attribute "preprocessing"  [attr-defined]
src\cephvr\gui\tracking_settings.py:100: error: "TrackingSettings" has no attribute "image_scale"  [attr-defined]
src\cephvr\gui\tracking_settings.py:151: error: "TrackingSettings" has no attribute "image_scale"  [attr-defined]
src\cephvr\synchronization\inventory_validation.py:70: error: Module has no attribute "PULSE_ROLE_TRIAL_STATE"  [attr-defined]
src\cephvr\synchronization\inventory_validation.py:71: error: Module has no attribute "PULSE_ROLE_PROJECTOR_FLIP"  [attr-defined]
src\cephvr\synchronization\inventory_validation.py:72: error: Module has no attribute "PULSE_ROLE_CUSTOM"  [attr-defined]
src\cephvr\synchronization\inventory_validation.py:75: error: "PulseChannel" has no attribute "source_id"  [attr-defined]
src\cephvr\synchronization\inventory_validation.py:76: error: Module has no attribute "PULSE_ROLE_CUSTOM"  [attr-defined]
src\cephvr\synchronization\inventory_validation.py:175: error: Module has no attribute "PULSE_ROLE_TRIAL_STATE"  [attr-defined]
src\cephvr\synchronization\inventory_validation.py:180: error: Module has no attribute "PULSE_ROLE_PROJECTOR_FLIP"  [attr-defined]
src\cephvr\gui\controller_bridge.py:474: error: Module has no attribute "BeginTrackingDiagnosticRequest"  [attr-defined]
src\cephvr\gui\controller_bridge.py:489: error: Module has no attribute "CloseTrackingDiagnosticRequest"  [attr-defined]
src\cephvr\controller\control\configuration.py:307: error: "VisualStimulusDisplayView" has no attribute "calibration"  [attr-defined]
src\cephvr\controller\control\configuration.py:308: error: Module has no attribute "DISPLAY_CALIBRATION_STATE_IDLE"  [attr-defined]
src\cephvr\controller\control\configuration.py:309: error: "VisualStimulusDisplayView" has no attribute "calibration"  [attr-defined]
src\cephvr\controller\control\configuration.py:310: error: "VisualStimulusDisplayView" has no attribute "calibration"  [attr-defined]
src\cephvr\controller\control\configuration.py:311: error: "VisualStimulusDisplayView" has no attribute "calibration"  [attr-defined]
src\cephvr\controller\control\configuration.py:312: error: "VisualStimulusDisplayView" has no attribute "calibration"  [attr-defined]
src\cephvr\visual_stimulus\configuration.py:241: error: "VisualStimulusFilePolicies" has no attribute "pacing_refresh_hz"  [attr-defined]
src\cephvr\visual_stimulus\configuration.py:243: error: "VisualStimulusFilePolicies" has no attribute "pacing_output_id"  [attr-defined]
src\cephvr\controller\configuration.py:392: error: "ExperimentConfiguration" has no attribute "subject_metadata"  [attr-defined]
src\cephvr\gui\tracking_codec.py:30: error: "TrackingSettings" has no attribute "preprocessing"  [attr-defined]
src\cephvr\gui\tracking_codec.py:31: error: "TrackingSettings" has no attribute "preprocessing"  [attr-defined]
src\cephvr\gui\tracking_codec.py:32: error: "TrackingSettings" has no attribute "preprocessing"  [attr-defined]
src\cephvr\gui\tracking_codec.py:35: error: "TrackingSettings" has no attribute "preprocessing"  [attr-defined]
src\cephvr\gui\tracking_codec.py:36: error: "TrackingSettings" has no attribute "preprocessing"  [attr-defined]
src\cephvr\gui\tracking_codec.py:37: error: "TrackingSettings" has no attribute "preprocessing"  [attr-defined]
src\cephvr\gui\tracking_codec.py:38: error: "TrackingSettings" has no attribute "preprocessing"  [attr-defined]
src\cephvr\gui\tracking_codec.py:39: error: "TrackingSettings" has no attribute "preprocessing"  [attr-defined]
src\cephvr\gui\tracking_codec.py:40: error: "TrackingSettings" has no attribute "preprocessing"  [attr-defined]
src\cephvr\gui\tracking_codec.py:41: error: "TrackingSettings" has no attribute "preprocessing"  [attr-defined]
src\cephvr\gui\tracking_codec.py:80: error: "TrackingSettings" has no attribute "image_scale"  [attr-defined]
src\cephvr\gui\tracking_diagnostic_codec.py:33: error: "TrackingSettings" has no attribute "preprocessing"  [attr-defined]
src\cephvr\gui\tracking_diagnostic_codec.py:34: error: "TrackingSettings" has no attribute "preprocessing"  [attr-defined]
src\cephvr\gui\tracking_diagnostic_codec.py:35: error: "TrackingSettings" has no attribute "preprocessing"  [attr-defined]
src\cephvr\gui\tracking_diagnostic_codec.py:38: error: "TrackingSettings" has no attribute "preprocessing"  [attr-defined]
src\cephvr\gui\tracking_diagnostic_codec.py:39: error: "TrackingSettings" has no attribute "preprocessing"  [attr-defined]
src\cephvr\gui\tracking_diagnostic_codec.py:40: error: "TrackingSettings" has no attribute "preprocessing"  [attr-defined]
src\cephvr\gui\tracking_diagnostic_codec.py:41: error: "TrackingSettings" has no attribute "preprocessing"  [attr-defined]
src\cephvr\gui\tracking_diagnostic_codec.py:42: error: "TrackingSettings" has no attribute "preprocessing"  [attr-defined]
src\cephvr\gui\tracking_diagnostic_codec.py:110: error: "TrackingSettings" has no attribute "image_scale"  [attr-defined]
src\cephvr\gui\tracking_diagnostic_codec.py:111: error: "TrackingSettings" has no attribute "image_scale"  [attr-defined]
src\cephvr\gui\tracking_diagnostic_codec.py:112: error: "TrackingSettings" has no attribute "image_scale"  [attr-defined]
src\cephvr\gui\tracking_diagnostic_codec.py:113: error: "TrackingSettings" has no attribute "image_scale"  [attr-defined]
src\cephvr\gui\tracking_diagnostic_codec.py:114: error: "TrackingSettings" has no attribute "image_scale"  [attr-defined]
src\cephvr\gui\tracking_diagnostic_codec.py:115: error: "TrackingSettings" has no attribute "image_scale"  [attr-defined]
src\cephvr\gui\managed_display.py:85: error: "VisualStimulusDisplayView" has no attribute "calibration"  [attr-defined]
src\cephvr\gui\managed_display.py:97: error: Module has no attribute "SpikeGLXInventorySnapshot"  [attr-defined]
src\cephvr\gui\managed_display.py:126: error: "VisualStimulusDisplayView" has no attribute "calibration"  [attr-defined]
src\cephvr\gui\managed_display.py:139: error: Module has no attribute "DISPLAY_CALIBRATION_STATE_ACTIVE"  [attr-defined]
src\cephvr\gui\managed_display.py:142: error: Module has no attribute "DISPLAY_CALIBRATION_STATE_PREPARING"  [attr-defined]
src\cephvr\gui\managed_display.py:143: error: Module has no attribute "DISPLAY_CALIBRATION_STATE_CLOSING"  [attr-defined]
src\cephvr\gui\managed_display.py:146: error: Module has no attribute "DISPLAY_CALIBRATION_STATE_ACTIVE"  [attr-defined]
src\cephvr\gui\managed_display.py:147: error: Module has no attribute "DISPLAY_CALIBRATION_STATE_IDLE"  [attr-defined]
src\cephvr\controller\device\spikeglx_inventory.py:61: error: Name "svc.SpikeGLXInventoryRequest" is not defined  [name-defined]
src\cephvr\controller\device\spikeglx_inventory.py:62: error: Name "svc.SpikeGLXInventorySnapshot" is not defined  [name-defined]
src\cephvr\controller\device\spikeglx_inventory.py:81: error: Module has no attribute "SpikeGLXInventorySnapshot"  [attr-defined]
src\cephvr\controller\device\spikeglx_inventory.py:100: error: Name "svc.SpikeGLXInventoryUpdateRequest" is not defined  [name-defined]
src\cephvr\acquisition\coordinator\manual_preview_transfer.py:104: error: Name "wire.AcquisitionTrackingDiagnosticAttachmentCommand" is not defined  [name-defined]
src\cephvr\gui\tracking.py:445: error: Module has no attribute "TRACKING_DIAGNOSTIC_STAGE_POSE"  [attr-defined]
src\cephvr\gui\tracking.py:446: error: Module has no attribute "TRACKING_DIAGNOSTIC_STAGE_SAMPLING_REGION"  [attr-defined]
src\cephvr\gui\tracking.py:447: error: Module has no attribute "TRACKING_DIAGNOSTIC_STAGE_OPTICAL_FLOW"  [attr-defined]
src\cephvr\gui\tracking.py:448: error: Module has no attribute "TRACKING_DIAGNOSTIC_STAGE_FLOW_QUALITY"  [attr-defined]
src\cephvr\gui\tracking.py:449: error: Module has no attribute "TRACKING_DIAGNOSTIC_STAGE_LOCOMOTION"  [attr-defined]
src\cephvr\tracking\processing\diagnostic_output.py:15: error: Name "wire.TrackingDiagnosticCommand" is not defined  [name-defined]
src\cephvr\tracking\processing\diagnostic_output.py:16: error: Name "wire.TrackingDiagnosticStageStatus" is not defined  [name-defined]
src\cephvr\tracking\processing\diagnostic_output.py:19: error: Module has no attribute "TRACKING_DIAGNOSTIC_STAGE_POSE"  [attr-defined]
src\cephvr\tracking\processing\diagnostic_output.py:20: error: Module has no attribute "TRACKING_DIAGNOSTIC_STAGE_SAMPLING_REGION"  [attr-defined]
src\cephvr\tracking\processing\diagnostic_output.py:21: error: Module has no attribute "TRACKING_DIAGNOSTIC_STAGE_POSE"  [attr-defined]
src\cephvr\tracking\processing\diagnostic_output.py:23: error: Module has no attribute "TRACKING_DIAGNOSTIC_STAGE_OPTICAL_FLOW"  [attr-defined]
src\cephvr\tracking\processing\diagnostic_output.py:24: error: Module has no attribute "TRACKING_DIAGNOSTIC_STAGE_FLOW_QUALITY"  [attr-defined]
src\cephvr\tracking\processing\diagnostic_output.py:25: error: Module has no attribute "TRACKING_DIAGNOSTIC_STAGE_POSE"  [attr-defined]
src\cephvr\tracking\processing\diagnostic_output.py:26: error: Module has no attribute "TRACKING_DIAGNOSTIC_STAGE_SAMPLING_REGION"  [attr-defined]
src\cephvr\tracking\processing\diagnostic_output.py:27: error: Module has no attribute "TRACKING_DIAGNOSTIC_STAGE_OPTICAL_FLOW"  [attr-defined]
src\cephvr\tracking\processing\diagnostic_output.py:29: error: Module has no attribute "TRACKING_DIAGNOSTIC_STAGE_LOCOMOTION"  [attr-defined]
src\cephvr\tracking\processing\diagnostic_output.py:30: error: Module has no attribute "TRACKING_DIAGNOSTIC_STAGE_POSE"  [attr-defined]
src\cephvr\tracking\processing\diagnostic_output.py:31: error: Module has no attribute "TRACKING_DIAGNOSTIC_STAGE_SAMPLING_REGION"  [attr-defined]
src\cephvr\tracking\processing\diagnostic_output.py:32: error: Module has no attribute "TRACKING_DIAGNOSTIC_STAGE_OPTICAL_FLOW"  [attr-defined]
src\cephvr\tracking\processing\diagnostic_output.py:33: error: Module has no attribute "TRACKING_DIAGNOSTIC_STAGE_FLOW_QUALITY"  [attr-defined]
src\cephvr\tracking\processing\diagnostic_output.py:37: error: Module has no attribute "TrackingDiagnosticStageStatus"  [attr-defined]
src\cephvr\tracking\processing\diagnostic_output.py:40: error: Module has no attribute "TRACKING_DIAGNOSTIC_STAGE_STATE_AVAILABLE"  [attr-defined]
src\cephvr\tracking\processing\diagnostic_output.py:42: error: Module has no attribute "TRACKING_DIAGNOSTIC_STAGE_STATE_UNAVAILABLE"  [attr-defined]
src\cephvr\tracking\processing\diagnostic_output.py:53: error: Name "wire.TrackingDiagnosticCommand" is not defined  [name-defined]
src\cephvr\tracking\processing\diagnostic_output.py:61: error: Name "wire.TrackingDiagnosticFrame" is not defined  [name-defined]
src\cephvr\tracking\processing\diagnostic_output.py:63: error: Module has no attribute "TrackingDiagnosticFrame"  [attr-defined]
src\cephvr\tracking\config\diagnostics.py:36: error: Name "wire.TrackingDiagnosticStageStatus" is not defined  [name-defined]
src\cephvr\tracking\config\diagnostics.py:52: error: Module has no attribute "TRACKING_DIAGNOSTIC_STAGE_POSE"  [attr-defined]
src\cephvr\tracking\config\diagnostics.py:53: error: Module has no attribute "TRACKING_DIAGNOSTIC_STAGE_SAMPLING_REGION"  [attr-defined]
src\cephvr\tracking\config\diagnostics.py:54: error: Module has no attribute "TRACKING_DIAGNOSTIC_STAGE_POSE"  [attr-defined]
src\cephvr\tracking\config\diagnostics.py:56: error: Module has no attribute "TRACKING_DIAGNOSTIC_STAGE_OPTICAL_FLOW"  [attr-defined]
src\cephvr\tracking\config\diagnostics.py:57: error: Module has no attribute "TRACKING_DIAGNOSTIC_STAGE_FLOW_QUALITY"  [attr-defined]
src\cephvr\tracking\config\diagnostics.py:58: error: Module has no attribute "TRACKING_DIAGNOSTIC_STAGE_POSE"  [attr-defined]
src\cephvr\tracking\config\diagnostics.py:59: error: Module has no attribute "TRACKING_DIAGNOSTIC_STAGE_SAMPLING_REGION"  [attr-defined]
src\cephvr\tracking\config\diagnostics.py:60: error: Module has no attribute "TRACKING_DIAGNOSTIC_STAGE_OPTICAL_FLOW"  [attr-defined]
src\cephvr\tracking\config\diagnostics.py:62: error: Module has no attribute "TRACKING_DIAGNOSTIC_STAGE_LOCOMOTION"  [attr-defined]
src\cephvr\tracking\config\diagnostics.py:63: error: Module has no attribute "TRACKING_DIAGNOSTIC_STAGE_POSE"  [attr-defined]
src\cephvr\tracking\config\diagnostics.py:64: error: Module has no attribute "TRACKING_DIAGNOSTIC_STAGE_SAMPLING_REGION"  [attr-defined]
src\cephvr\tracking\config\diagnostics.py:65: error: Module has no attribute "TRACKING_DIAGNOSTIC_STAGE_OPTICAL_FLOW"  [attr-defined]
src\cephvr\tracking\config\diagnostics.py:66: error: Module has no attribute "TRACKING_DIAGNOSTIC_STAGE_FLOW_QUALITY"  [attr-defined]
src\cephvr\tracking\config\diagnostics.py:83: error: "TrackingSettings" has no attribute "image_scale"  [attr-defined]
src\cephvr\tracking\config\diagnostics.py:84: error: "TrackingSettings" has no attribute "image_scale"  [attr-defined]
src\cephvr\tracking\config\diagnostics.py:88: error: "TrackingSettings" has no attribute "preprocessing"  [attr-defined]
src\cephvr\tracking\config\diagnostics.py:89: error: "TrackingSettings" has no attribute "preprocessing"  [attr-defined]
src\cephvr\tracking\config\diagnostics.py:98: error: Name "wire.TrackingDiagnosticStageStatus" is not defined  [name-defined]
src\cephvr\tracking\config\diagnostics.py:110: error: Module has no attribute "TRACKING_DIAGNOSTIC_STAGE_POSE"  [attr-defined]
src\cephvr\tracking\config\diagnostics.py:111: error: Module has no attribute "TRACKING_DIAGNOSTIC_STAGE_SAMPLING_REGION"  [attr-defined]
src\cephvr\tracking\config\diagnostics.py:112: error: Module has no attribute "TRACKING_DIAGNOSTIC_STAGE_OPTICAL_FLOW"  [attr-defined]
src\cephvr\tracking\config\diagnostics.py:113: error: Module has no attribute "TRACKING_DIAGNOSTIC_STAGE_FLOW_QUALITY"  [attr-defined]
src\cephvr\tracking\config\diagnostics.py:114: error: Module has no attribute "TRACKING_DIAGNOSTIC_STAGE_LOCOMOTION"  [attr-defined]
src\cephvr\tracking\config\diagnostics.py:119: error: Module has no attribute "TRACKING_DIAGNOSTIC_STAGE_POSE"  [attr-defined]
src\cephvr\tracking\config\diagnostics.py:131: error: Module has no attribute "TRACKING_DIAGNOSTIC_STAGE_POSE"  [attr-defined]
src\cephvr\tracking\config\diagnostics.py:143: error: Module has no attribute "TRACKING_DIAGNOSTIC_STAGE_POSE"  [attr-defined]
src\cephvr\tracking\config\diagnostics.py:157: error: Module has no attribute "TRACKING_DIAGNOSTIC_STAGE_OPTICAL_FLOW"  [attr-defined]
src\cephvr\tracking\config\diagnostics.py:167: error: Module has no attribute "TRACKING_DIAGNOSTIC_STAGE_SAMPLING_REGION"  [attr-defined]
src\cephvr\tracking\config\diagnostics.py:180: error: Module has no attribute "TRACKING_DIAGNOSTIC_STAGE_FLOW_QUALITY"  [attr-defined]
src\cephvr\tracking\config\diagnostics.py:181: error: Module has no attribute "TRACKING_DIAGNOSTIC_STAGE_LOCOMOTION"  [attr-defined]
src\cephvr\tracking\config\diagnostics.py:196: error: Module has no attribute "TRACKING_DIAGNOSTIC_STAGE_LOCOMOTION"  [attr-defined]
src\cephvr\tracking\config\diagnostics.py:241: error: Module has no attribute "TrackingDiagnosticStageStatus"  [attr-defined]
src\cephvr\tracking\config\diagnostics.py:242: error: Module has no attribute "TrackingDiagnosticStage"  [attr-defined]
src\cephvr\tracking\config\diagnostics.py:243: error: Module has no attribute "TRACKING_DIAGNOSTIC_STAGE_STATE_AVAILABLE"  [attr-defined]
src\cephvr\tracking\config\diagnostics.py:248: error: Module has no attribute "TRACKING_DIAGNOSTIC_STAGE_LOCOMOTION"  [attr-defined]
src\cephvr\tracking\config\diagnostics.py:308: error: Name "wire.TrackingDiagnosticStageStatus" is not defined  [name-defined]
src\cephvr\tracking\config\diagnostics.py:309: error: Module has no attribute "TrackingDiagnosticStageStatus"  [attr-defined]
src\cephvr\tracking\config\diagnostics.py:310: error: Module has no attribute "TrackingDiagnosticStage"  [attr-defined]
src\cephvr\tracking\config\diagnostics.py:311: error: Module has no attribute "TRACKING_DIAGNOSTIC_STAGE_STATE_UNAVAILABLE"  [attr-defined]
src\cephvr\controller\lifecycle\setup_admission.py:454: error: "VisualStimulusDisplayView" has no attribute "calibration"  [attr-defined]
src\cephvr\controller\lifecycle\setup_admission.py:455: error: Module has no attribute "DISPLAY_CALIBRATION_STATE_IDLE"  [attr-defined]
src\cephvr\controller\lifecycle\setup_admission.py:456: error: "VisualStimulusDisplayView" has no attribute "calibration"  [attr-defined]
src\cephvr\controller\lifecycle\setup_admission.py:457: error: "VisualStimulusDisplayView" has no attribute "calibration"  [attr-defined]
src\cephvr\controller\lifecycle\setup_admission.py:458: error: "VisualStimulusDisplayView" has no attribute "calibration"  [attr-defined]
src\cephvr\controller\lifecycle\setup_admission.py:459: error: "VisualStimulusDisplayView" has no attribute "calibration"  [attr-defined]
src\cephvr\visual_stimulus\coordinator\commands.py:27: error: Module has no attribute "VisualStimulusDisplayCalibrationOpenRequest"; maybe "VisualStimulusDisplayInitializationRequest"?  [attr-defined]
src\cephvr\visual_stimulus\coordinator\commands.py:28: error: Module has no attribute "VisualStimulusDisplayCalibrationCloseRequest"; maybe "VisualStimulusDisplayInitializationRequest"?  [attr-defined]
src\cephvr\visual_stimulus\coordinator\commands.py:44: error: "VisualStimulusDisplayView" has no attribute "calibration"  [attr-defined]
src\cephvr\visual_stimulus\coordinator\commands.py:75: error: Module has no attribute "VisualStimulusDisplayCalibrationOpenRequest"; maybe "VisualStimulusDisplayInitializationRequest"?  [attr-defined]
src\cephvr\visual_stimulus\coordinator\commands.py:76: error: Module has no attribute "VisualStimulusDisplayCalibrationCloseRequest"; maybe "VisualStimulusDisplayInitializationRequest"?  [attr-defined]
src\cephvr\visual_stimulus\coordinator\commands.py:98: error: "InitializeDisplay" has no attribute "pacing_refresh_hz"  [attr-defined]
src\cephvr\visual_stimulus\coordinator\commands.py:98: error: "VisualStimulusDisplayInitializationRequest" has no attribute "pacing_refresh_hz"  [attr-defined]
src\cephvr\visual_stimulus\coordinator\commands.py:100: error: "InitializeDisplay" has no attribute "pacing_output_id"  [attr-defined]
src\cephvr\visual_stimulus\coordinator\commands.py:100: error: "VisualStimulusDisplayInitializationRequest" has no attribute "pacing_output_id"  [attr-defined]
src\cephvr\visual_stimulus\coordinator\commands.py:102: error: Module has no attribute "VisualStimulusDisplayCalibrationOpenRequest"; maybe "VisualStimulusDisplayInitializationRequest"?  [attr-defined]
src\cephvr\visual_stimulus\coordinator\commands.py:108: error: "VisualStimulusDisplayView" has no attribute "calibration"  [attr-defined]
src\cephvr\visual_stimulus\coordinator\commands.py:109: error: Module has no attribute "DISPLAY_CALIBRATION_STATE_IDLE"  [attr-defined]
src\cephvr\visual_stimulus\coordinator\commands.py:132: error: Module has no attribute "OpenDisplayCalibrationCommand"  [attr-defined]
src\cephvr\visual_stimulus\coordinator\commands.py:143: error: Module has no attribute "VisualStimulusDisplayCalibrationCloseRequest"; maybe "VisualStimulusDisplayInitializationRequest"?  [attr-defined]
src\cephvr\visual_stimulus\coordinator\commands.py:163: error: Module has no attribute "CloseDisplayCalibrationCommand"  [attr-defined]
src\cephvr\visual_stimulus\coordinator\commands.py:310: error: Module has no attribute "VisualStimulusDisplayCalibrationOpenRequest"; maybe "VisualStimulusDisplayInitializationRequest"?  [attr-defined]
src\cephvr\visual_stimulus\coordinator\commands.py:316: error: "VisualStimulusDisplayView" has no attribute "calibration"  [attr-defined]
src\cephvr\visual_stimulus\coordinator\commands.py:317: error: Module has no attribute "DISPLAY_CALIBRATION_STATE_IDLE"  [attr-defined]
src\cephvr\visual_stimulus\coordinator\commands.py:320: error: Module has no attribute "VisualStimulusDisplayCalibrationCloseRequest"; maybe "VisualStimulusDisplayInitializationRequest"?  [attr-defined]
src\cephvr\visual_stimulus\coordinator\commands.py:324: error: "VisualStimulusDisplayView" has no attribute "calibration"  [attr-defined]
src\cephvr\visual_stimulus\coordinator\commands.py:339: error: Module has no attribute "DISPLAY_CALIBRATION_STATE_ACTIVE"  [attr-defined]
src\cephvr\visual_stimulus\coordinator\commands.py:340: error: Module has no attribute "DISPLAY_CALIBRATION_STATE_UNKNOWN"  [attr-defined]
src\cephvr\visual_stimulus\coordinator\commands.py:346: error: Module has no attribute "DISPLAY_CALIBRATION_STATE_IDLE"  [attr-defined]
src\cephvr\visual_stimulus\coordinator\commands.py:356: error: "VisualStimulusDisplayView" has no attribute "calibration"  [attr-defined]
src\cephvr\visual_stimulus\coordinator\commands.py:361: error: Module has no attribute "DISPLAY_CALIBRATION_STATE_PREPARING"  [attr-defined]
src\cephvr\visual_stimulus\coordinator\commands.py:362: error: Module has no attribute "DISPLAY_CALIBRATION_STATE_ACTIVE"  [attr-defined]
src\cephvr\visual_stimulus\coordinator\commands.py:363: error: Module has no attribute "DISPLAY_CALIBRATION_STATE_CLOSING"  [attr-defined]
src\cephvr\visual_stimulus\coordinator\commands.py:364: error: Module has no attribute "DISPLAY_CALIBRATION_STATE_UNKNOWN"  [attr-defined]
src\cephvr\gui\managed_tracking_diagnostics.py:43: error: Module has no attribute "TRACKING_DIAGNOSTIC_STAGE_POSE"  [attr-defined]
src\cephvr\gui\managed_tracking_diagnostics.py:44: error: Module has no attribute "TRACKING_DIAGNOSTIC_STAGE_SAMPLING_REGION"  [attr-defined]
src\cephvr\gui\managed_tracking_diagnostics.py:45: error: Module has no attribute "TRACKING_DIAGNOSTIC_STAGE_OPTICAL_FLOW"  [attr-defined]
src\cephvr\gui\managed_tracking_diagnostics.py:46: error: Module has no attribute "TRACKING_DIAGNOSTIC_STAGE_FLOW_QUALITY"  [attr-defined]
src\cephvr\gui\managed_tracking_diagnostics.py:47: error: Module has no attribute "TRACKING_DIAGNOSTIC_STAGE_LOCOMOTION"  [attr-defined]
src\cephvr\gui\managed_tracking_diagnostics.py:65: error: "Snapshot" has no attribute "tracking_diagnostic"  [attr-defined]
src\cephvr\gui\managed_tracking_diagnostics.py:66: error: "Snapshot" has no attribute "tracking_diagnostic"  [attr-defined]
src\cephvr\gui\managed_tracking_diagnostics.py:67: error: "Snapshot" has no attribute "tracking_diagnostic"  [attr-defined]
src\cephvr\gui\managed_tracking_diagnostics.py:71: error: "Snapshot" has no attribute "tracking_diagnostic"  [attr-defined]
src\cephvr\gui\managed_tracking_diagnostics.py:213: error: "Snapshot" has no attribute "tracking_diagnostic"  [attr-defined]
src\cephvr\gui\managed_tracking_diagnostics.py:272: error: "Snapshot" has no attribute "tracking_diagnostic"  [attr-defined]
src\cephvr\gui\managed_tracking_diagnostics.py:303: error: "Snapshot" has no attribute "tracking_diagnostic"  [attr-defined]
src\cephvr\gui\managed_tracking_diagnostics.py:310: error: Module has no attribute "TrackingDiagnosticFrame"  [attr-defined]
src\cephvr\gui\managed_tracking_diagnostics.py:371: error: "Snapshot" has no attribute "tracking_diagnostic"  [attr-defined]
src\cephvr\gui\managed_tracking_diagnostics.py:403: error: "Snapshot" has no attribute "tracking_diagnostic"  [attr-defined]
src\cephvr\gui\managed_tracking_diagnostics.py:439: error: "Snapshot" has no attribute "tracking_diagnostic"  [attr-defined]
src\cephvr\gui\managed_tracking_diagnostics.py:455: error: "Snapshot" has no attribute "tracking_diagnostic"  [attr-defined]
src\cephvr\gui\managed_tracking_diagnostics.py:459: error: Name "pb.TrackingDiagnosticState" is not defined  [name-defined]
src\cephvr\gui\managed_tracking_diagnostics.py:463: error: Module has no attribute "TrackingDiagnosticStage"  [attr-defined]
src\cephvr\gui\managed_tracking_diagnostics.py:464: error: Module has no attribute "TrackingDiagnosticStageState"  [attr-defined]
src\cephvr\visual_stimulus\resources\display_calibration.py:38: error: Module "cephvr.visual_stimulus.v1.messages_pb2" has no attribute "OpenDisplayCalibrationCommand"  [attr-defined]
src\cephvr\tracking\processing\source.py:19: error: Module "cephvr.tracking.v1.pose_pb2" has no attribute "TrackingPreprocessingSettings"  [attr-defined]
src\cephvr\visual_stimulus\coordinator\reports.py:407: error: "VisualStimulusDisplayView" has no attribute "calibration"  [attr-defined]
src\cephvr\visual_stimulus\coordinator\reports.py:416: error: "VisualStimulusDisplayView" has no attribute "calibration"  [attr-defined]
src\cephvr\visual_stimulus\coordinator\reports.py:431: error: Module has no attribute "DISPLAY_CALIBRATION_STATE_ACTIVE"  [attr-defined]
src\cephvr\visual_stimulus\coordinator\reports.py:436: error: Module has no attribute "DISPLAY_CALIBRATION_STATE_IDLE"  [attr-defined]
src\cephvr\visual_stimulus\coordinator\reports.py:446: error: Module has no attribute "DISPLAY_CALIBRATION_STATE_ACTIVE"  [attr-defined]
src\cephvr\visual_stimulus\coordinator\reports.py:447: error: Module has no attribute "DISPLAY_CALIBRATION_STATE_IDLE"  [attr-defined]
src\cephvr\visual_stimulus\coordinator\reports.py:448: error: Module has no attribute "DISPLAY_CALIBRATION_STATE_UNKNOWN"  [attr-defined]
src\cephvr\visual_stimulus\coordinator\reports.py:459: error: "VisualStimulusDisplayView" has no attribute "calibration"  [attr-defined]
src\cephvr\visual_stimulus\coordinator\reports.py:465: error: "VisualStimulusDisplayView" has no attribute "calibration"  [attr-defined]
src\cephvr\visual_stimulus\coordinator\reports.py:474: error: Module has no attribute "DISPLAY_CALIBRATION_STATE_IDLE"  [attr-defined]
src\cephvr\visual_stimulus\coordinator\reports.py:475: error: Module has no attribute "DISPLAY_CALIBRATION_STATE_UNKNOWN"  [attr-defined]
src\cephvr\visual_stimulus\coordinator\reports.py:479: error: Module has no attribute "DISPLAY_CALIBRATION_STATE_IDLE"  [attr-defined]
src\cephvr\visual_stimulus\worker\ports.py:67: error: Name "visual_stimulus.OpenDisplayCalibrationCommand" is not defined  [name-defined]
src\cephvr\acquisition\coordinator\manual_preview.py:190: error: Name "wire.AcquisitionTrackingDiagnosticAttachmentCommand" is not defined  [name-defined]
src\cephvr\visual_stimulus\worker\display_calibration.py:24: error: Name "messages.OpenDisplayCalibrationCommand" is not defined  [name-defined]
src\cephvr\visual_stimulus\worker\display_calibration.py:68: error: Module has no attribute "DisplayCalibrationEvidence"  [attr-defined]
src\cephvr\visual_stimulus\worker\display_calibration.py:69: error: Module has no attribute "DISPLAY_CALIBRATION_STATE_IDLE"  [attr-defined]
src\cephvr\visual_stimulus\worker\display_calibration.py:75: error: Name "messages.OpenDisplayCalibrationCommand" is not defined  [name-defined]
src\cephvr\visual_stimulus\worker\display_calibration.py:80: error: Module has no attribute "DISPLAY_CALIBRATION_STATE_IDLE"  [attr-defined]
src\cephvr\visual_stimulus\worker\display_calibration.py:118: error: Module has no attribute "DisplayCalibrationEvidence"  [attr-defined]
src\cephvr\visual_stimulus\worker\display_calibration.py:123: error: Module has no attribute "DISPLAY_CALIBRATION_STATE_PREPARING"  [attr-defined]
src\cephvr\visual_stimulus\worker\display_calibration.py:141: error: Module has no attribute "DISPLAY_CALIBRATION_STATE_UNKNOWN"  [attr-defined]
src\cephvr\visual_stimulus\worker\display_calibration.py:177: error: Module has no attribute "DisplayCalibrationEvidence"  [attr-defined]
src\cephvr\visual_stimulus\worker\display_calibration.py:183: error: Module has no attribute "DISPLAY_CALIBRATION_STATE_IDLE"  [attr-defined]
src\cephvr\visual_stimulus\worker\display_calibration.py:185: error: Module has no attribute "DISPLAY_CALIBRATION_STATE_UNKNOWN"  [attr-defined]
src\cephvr\visual_stimulus\worker\display_calibration.py:269: error: Module has no attribute "DisplayCalibrationEvidence"  [attr-defined]
src\cephvr\visual_stimulus\worker\display_calibration.py:274: error: Module has no attribute "DISPLAY_CALIBRATION_STATE_ACTIVE"  [attr-defined]
src\cephvr\visual_stimulus\worker\display_calibration.py:311: error: Module has no attribute "DISPLAY_CALIBRATION_STATE_IDLE"  [attr-defined]
src\cephvr\visual_stimulus\worker\display_calibration.py:320: error: Module has no attribute "CloseDisplayCalibrationCommand"  [attr-defined]
src\cephvr\visual_stimulus\worker\display_calibration.py:327: error: Name "messages.CloseDisplayCalibrationCommand" is not defined  [name-defined]
src\cephvr\visual_stimulus\worker\display_calibration.py:362: error: Module has no attribute "DISPLAY_CALIBRATION_STATE_UNKNOWN"  [attr-defined]
src\cephvr\visual_stimulus\worker\display_calibration.py:374: error: Module has no attribute "DISPLAY_CALIBRATION_STATE_UNKNOWN"  [attr-defined]
src\cephvr\visual_stimulus\worker\display_calibration.py:382: error: Module has no attribute "DISPLAY_CALIBRATION_STATE_IDLE"  [attr-defined]
src\cephvr\visual_stimulus\worker\display_calibration.py:410: error: Module has no attribute "DISPLAY_CALIBRATION_STATE_IDLE"  [attr-defined]
src\cephvr\visual_stimulus\worker\display_calibration.py:422: error: Module has no attribute "DISPLAY_CALIBRATION_STATE_UNKNOWN"  [attr-defined]
src\cephvr\visual_stimulus\worker\display_calibration.py:459: error: "VisualStimulusDisplayView" has no attribute "calibration"  [attr-defined]
src\cephvr\visual_stimulus\worker\display_calibration.py:463: error: Module has no attribute "DISPLAY_CALIBRATION_STATE_UNKNOWN"  [attr-defined]
src\cephvr\tracking\processing\session.py:119: error: "TrackingSettings" has no attribute "preprocessing"  [attr-defined]
src\cephvr\tracking\processing\session.py:126: error: "TrackingSettings" has no attribute "image_scale"  [attr-defined]
src\cephvr\tracking\processing\session.py:127: error: "TrackingSettings" has no attribute "image_scale"  [attr-defined]
src\cephvr\tracking\processing\session.py:312: error: "TrackingSettings" has no attribute "preprocessing"  [attr-defined]
src\cephvr\tracking\processing\session.py:321: error: "TrackingSettings" has no attribute "image_scale"  [attr-defined]
src\cephvr\tracking\processing\session.py:322: error: "TrackingSettings" has no attribute "image_scale"  [attr-defined]
src\cephvr\tracking\processing\session.py:338: error: Module has no attribute "TRACKING_DIAGNOSTIC_STAGE_STATE_AVAILABLE"  [attr-defined]
src\cephvr\tracking\processing\session.py:340: error: Module has no attribute "TRACKING_DIAGNOSTIC_STAGE_POSE"  [attr-defined]
src\cephvr\tracking\processing\session.py:341: error: Module has no attribute "TRACKING_DIAGNOSTIC_STAGE_OPTICAL_FLOW"  [attr-defined]
src\cephvr\tracking\processing\session.py:343: error: Module has no attribute "TRACKING_DIAGNOSTIC_STAGE_SAMPLING_REGION"  [attr-defined]
src\cephvr\tracking\processing\session.py:346: error: Module has no attribute "TRACKING_DIAGNOSTIC_STAGE_FLOW_QUALITY"  [attr-defined]
src\cephvr\tracking\processing\session.py:349: error: Module has no attribute "TRACKING_DIAGNOSTIC_STAGE_LOCOMOTION"  [attr-defined]
src\cephvr\controller\runtime.py:348: error: Name "svc.SpikeGLXInventoryRequest" is not defined  [name-defined]
src\cephvr\controller\runtime.py:349: error: Name "svc.SpikeGLXInventorySnapshot" is not defined  [name-defined]
src\cephvr\controller\runtime.py:355: error: Name "svc.SpikeGLXInventoryUpdateRequest" is not defined  [name-defined]
src\cephvr\controller\runtime.py:376: error: Name "svc.OpenDisplayCalibrationRequest" is not defined  [name-defined]
src\cephvr\controller\runtime.py:381: error: Name "svc.CloseDisplayCalibrationRequest" is not defined  [name-defined]
src\cephvr\controller\runtime.py:399: error: Name "svc.BeginTrackingDiagnosticRequest" is not defined  [name-defined]
src\cephvr\controller\runtime.py:404: error: Name "svc.CloseTrackingDiagnosticRequest" is not defined  [name-defined]
src\cephvr\controller\runtime.py:409: error: Name "svc.TrackingDiagnosticQuery" is not defined  [name-defined]
src\cephvr\controller\runtime.py:410: error: Name "pb.TrackingDiagnosticState" is not defined  [name-defined]
src\cephvr\visual_stimulus\worker\display_owner.py:63: error: "InitializeDisplay" has no attribute "pacing_refresh_hz"  [attr-defined]
src\cephvr\visual_stimulus\worker\display_owner.py:68: error: "InitializeDisplay" has no attribute "pacing_output_id"  [attr-defined]
src\cephvr\tracking\processing\diagnostics.py:50: error: Name "wire.TrackingDiagnosticCommand" is not defined  [name-defined]
src\cephvr\tracking\processing\diagnostics.py:55: error: Module has no attribute "TrackingDiagnosticCommand"  [attr-defined]
src\cephvr\tracking\processing\diagnostics.py:71: error: Module has no attribute "TRACKING_DIAGNOSTIC_STAGE_STATE_AVAILABLE"  [attr-defined]
src\cephvr\tracking\processing\diagnostics.py:73: error: Module has no attribute "TRACKING_DIAGNOSTIC_STAGE_POSE"  [attr-defined]
src\cephvr\tracking\processing\diagnostics.py:75: error: Module has no attribute "TRACKING_DIAGNOSTIC_STAGE_SAMPLING_REGION"  [attr-defined]
src\cephvr\tracking\processing\diagnostics.py:77: error: Module has no attribute "TRACKING_DIAGNOSTIC_STAGE_OPTICAL_FLOW"  [attr-defined]
src\cephvr\tracking\processing\diagnostics.py:78: error: Module has no attribute "TRACKING_DIAGNOSTIC_STAGE_FLOW_QUALITY"  [attr-defined]
src\cephvr\tracking\processing\diagnostics.py:79: error: Module has no attribute "TRACKING_DIAGNOSTIC_STAGE_LOCOMOTION"  [attr-defined]
src\cephvr\tracking\processing\diagnostics.py:105: error: Module has no attribute "TRACKING_DIAGNOSTIC_STAGE_POSE"  [attr-defined]
src\cephvr\tracking\processing\diagnostics.py:106: error: Module has no attribute "TRACKING_DIAGNOSTIC_STAGE_STATE_AVAILABLE"  [attr-defined]
src\cephvr\tracking\processing\diagnostics.py:110: error: Module has no attribute "TRACKING_DIAGNOSTIC_STAGE_SAMPLING_REGION"  [attr-defined]
src\cephvr\tracking\processing\diagnostics.py:111: error: Module has no attribute "TRACKING_DIAGNOSTIC_STAGE_STATE_AVAILABLE"  [attr-defined]
src\cephvr\tracking\processing\diagnostics.py:115: error: Module has no attribute "TRACKING_DIAGNOSTIC_STAGE_OPTICAL_FLOW"  [attr-defined]
src\cephvr\tracking\processing\diagnostics.py:116: error: Module has no attribute "TRACKING_DIAGNOSTIC_STAGE_STATE_AVAILABLE"  [attr-defined]
src\cephvr\tracking\processing\diagnostics.py:120: error: Module has no attribute "TRACKING_DIAGNOSTIC_STAGE_FLOW_QUALITY"  [attr-defined]
src\cephvr\tracking\processing\diagnostics.py:121: error: Module has no attribute "TRACKING_DIAGNOSTIC_STAGE_STATE_AVAILABLE"  [attr-defined]
src\cephvr\tracking\processing\diagnostics.py:125: error: Module has no attribute "TRACKING_DIAGNOSTIC_STAGE_LOCOMOTION"  [attr-defined]
src\cephvr\tracking\processing\diagnostics.py:126: error: Module has no attribute "TRACKING_DIAGNOSTIC_STAGE_STATE_AVAILABLE"  [attr-defined]
src\cephvr\tracking\processing\diagnostics.py:142: error: Name "wire.TrackingDiagnosticFrame" is not defined  [name-defined]
src\cephvr\tracking\processing\diagnostics.py:229: error: Module has no attribute "TRACKING_DIAGNOSTIC_STAGE_SAMPLING_REGION"  [attr-defined]
src\cephvr\tracking\processing\diagnostics.py:240: error: Module has no attribute "TRACKING_DIAGNOSTIC_STAGE_SAMPLING_REGION"  [attr-defined]
src\cephvr\tracking\processing\diagnostics.py:270: error: Module has no attribute "TRACKING_DIAGNOSTIC_STAGE_OPTICAL_FLOW"  [attr-defined]
src\cephvr\tracking\processing\diagnostics.py:317: error: Module has no attribute "TRACKING_DIAGNOSTIC_STAGE_FLOW_QUALITY"  [attr-defined]
src\cephvr\tracking\processing\diagnostics.py:324: error: Module has no attribute "TRACKING_DIAGNOSTIC_STAGE_FLOW_QUALITY"  [attr-defined]
src\cephvr\tracking\processing\diagnostics.py:348: error: Module has no attribute "TRACKING_DIAGNOSTIC_STAGE_LOCOMOTION"  [attr-defined]
src\cephvr\tracking\processing\diagnostics.py:375: error: Module has no attribute "TRACKING_DIAGNOSTIC_STAGE_POSE"  [attr-defined]
src\cephvr\tracking\processing\diagnostics.py:419: error: Module has no attribute "TRACKING_DIAGNOSTIC_STAGE_POSE"  [attr-defined]
src\cephvr\controller\service.py:184: error: Name "svc.OpenDisplayCalibrationRequest" is not defined  [name-defined]
src\cephvr\controller\service.py:197: error: Name "svc.CloseDisplayCalibrationRequest" is not defined  [name-defined]
src\cephvr\controller\service.py:210: error: Name "svc.BeginTrackingDiagnosticRequest" is not defined  [name-defined]
src\cephvr\controller\service.py:223: error: Name "svc.CloseTrackingDiagnosticRequest" is not defined  [name-defined]
src\cephvr\controller\service.py:235: error: Name "svc.TrackingDiagnosticQuery" is not defined  [name-defined]
src\cephvr\controller\service.py:236: error: Name "pb.TrackingDiagnosticState" is not defined  [name-defined]
src\cephvr\controller\service.py:452: error: Name "svc.SpikeGLXInventoryRequest" is not defined  [name-defined]
src\cephvr\controller\service.py:454: error: Name "svc.SpikeGLXInventorySnapshot" is not defined  [name-defined]
src\cephvr\controller\service.py:467: error: Name "svc.SpikeGLXInventoryUpdateRequest" is not defined  [name-defined]
src\cephvr\visual_stimulus\worker\lifecycle.py:140: error: Module has no attribute "OpenDisplayCalibrationCommand"  [attr-defined]
src\cephvr\visual_stimulus\worker\lifecycle.py:144: error: Module has no attribute "CloseDisplayCalibrationCommand"  [attr-defined]
src\cephvr\visual_stimulus\worker\lifecycle.py:294: error: "VisualStimulusFilePolicies" has no attribute "pacing_refresh_hz"  [attr-defined]
src\cephvr\visual_stimulus\worker\lifecycle.py:299: error: "VisualStimulusFilePolicies" has no attribute "pacing_output_id"  [attr-defined]
src\cephvr\tracking\diagnostic.py:33: error: Name "wire.TrackingDiagnosticCommand" is not defined  [name-defined]
src\cephvr\tracking\diagnostic.py:35: error: Module has no attribute "TrackingDiagnosticFrame"  [attr-defined]
src\cephvr\tracking\diagnostic.py:36: error: Name "wire.TrackingDiagnosticStageStatus" is not defined  [name-defined]
src\cephvr\tracking\diagnostic.py:49: error: Name "wire.TrackingDiagnosticCommand" is not defined  [name-defined]
src\cephvr\tracking\diagnostic.py:79: error: Module has no attribute "TrackingDiagnosticCommand"  [attr-defined]
src\cephvr\tracking\diagnostic.py:119: error: Module has no attribute "TrackingDiagnosticFrame"  [attr-defined]
src\cephvr\tracking\diagnostic.py:215: error: Name "wire.TrackingDiagnosticState" is not defined  [name-defined]
src\cephvr\tracking\diagnostic.py:218: error: Module has no attribute "TrackingDiagnosticState"  [attr-defined]
src\cephvr\tracking\diagnostic.py:220: error: Module has no attribute "TrackingDiagnosticState"  [attr-defined]
src\cephvr\tracking\diagnostic.py:242: error: Name "wire.TrackingDiagnosticQuery" is not defined  [name-defined]
src\cephvr\tracking\diagnostic.py:243: error: Name "wire.TrackingDiagnosticFrame" is not defined  [name-defined]
src\cephvr\tracking\diagnostic.py:257: error: Module has no attribute "TrackingDiagnosticFrame"  [attr-defined]
src\cephvr\tracking\diagnostic.py:262: error: Name "wire.TrackingDiagnosticCommand" is not defined  [name-defined]
src\cephvr\tracking\diagnostic.py:264: error: Module has no attribute "TRACKING_DIAGNOSTIC_STAGE_POSE"  [attr-defined]
src\cephvr\tracking\diagnostic.py:265: error: Module has no attribute "TRACKING_DIAGNOSTIC_STAGE_SAMPLING_REGION"  [attr-defined]
src\cephvr\tracking\diagnostic.py:266: error: Module has no attribute "TRACKING_DIAGNOSTIC_STAGE_OPTICAL_FLOW"  [attr-defined]
src\cephvr\tracking\diagnostic.py:267: error: Module has no attribute "TRACKING_DIAGNOSTIC_STAGE_FLOW_QUALITY"  [attr-defined]
src\cephvr\tracking\diagnostic.py:268: error: Module has no attribute "TRACKING_DIAGNOSTIC_STAGE_LOCOMOTION"  [attr-defined]
src\cephvr\tracking\runtime.py:95: error: Module has no attribute "TrackingDiagnosticCommand"  [attr-defined]
src\cephvr\tracking\runtime.py:97: error: Module has no attribute "CloseTrackingDiagnosticCommand"  [attr-defined]
src\cephvr\tracking\runtime.py:473: error: Module has no attribute "TrackingDiagnosticQuery"  [attr-defined]
src\cephvr\tracking\runtime.py:483: error: Returning Any from function declared to return "Message"  [no-any-return]
src\cephvr\tracking\transport\services.py:128: error: Name "tracking_rpc.TrackingDiagnosticServiceServicer" is not defined  [name-defined]
src\cephvr\tracking\transport\services.py:128: error: Class cannot subclass "TrackingDiagnosticServiceServicer" (has type "Any")  [misc]
src\cephvr\tracking\transport\services.py:144: error: Name "tracking.TrackingDiagnosticCommand" is not defined  [name-defined]
src\cephvr\tracking\transport\services.py:151: error: Name "tracking.CloseTrackingDiagnosticCommand" is not defined  [name-defined]
src\cephvr\tracking\transport\services.py:158: error: Name "tracking.TrackingDiagnosticQuery" is not defined  [name-defined]
src\cephvr\tracking\transport\services.py:160: error: Name "tracking.TrackingDiagnosticState" is not defined  [name-defined]
src\cephvr\tracking\transport\services.py:162: error: Module has no attribute "TrackingDiagnosticState"  [attr-defined]
src\cephvr\tracking\transport\services.py:167: error: Name "tracking.TrackingDiagnosticQuery" is not defined  [name-defined]
src\cephvr\tracking\transport\services.py:169: error: Name "tracking.TrackingDiagnosticFrame" is not defined  [name-defined]
src\cephvr\tracking\transport\server.py:63: error: Module has no attribute "add_TrackingDiagnosticServiceServicer_to_server"; maybe "add_TrackingPreparationServiceServicer_to_server"?  [attr-defined]
src\cephvr\tracking\transport\server.py:65: error: Unused "type: ignore" comment  [unused-ignore]
src\cephvr\acquisition\runtime.py:442: error: Name "wire.AcquisitionTrackingDiagnosticAttachmentCommand" is not defined  [name-defined]
src\cephvr\visual_stimulus\resources\session.py:177: error: Name "visual_stimulus_messages.OpenDisplayCalibrationCommand" is not defined  [name-defined]
Found 488 errors in 59 files (checked 684 source files)
