REVIEW src\cephvr\acquisition\camera\basler.py: 687 lines; review cohesion
REVIEW src\cephvr\acquisition\coordinator\manual_preview.py: 553 lines; review cohesion
REVIEW src\cephvr\acquisition\recording\session.py: 536 lines; review cohesion
REVIEW src\cephvr\acquisition\runtime.py: 596 lines; review cohesion
REVIEW src\cephvr\acquisition\worker\capture_runtime.py: 600 lines; review cohesion
REVIEW src\cephvr\acquisition\worker\execution.py: 595 lines; review cohesion
REVIEW src\cephvr\acquisition\worker\service.py: 563 lines; review cohesion
REVIEW src\cephvr\controller\assembly.py: 618 lines; review cohesion
REVIEW src\cephvr\controller\device\camera.py: 505 lines; review cohesion
REVIEW src\cephvr\controller\device\display_calibration.py: 755 lines; review cohesion
REVIEW src\cephvr\controller\device\tracking_diagnostic.py: 762 lines; review cohesion
REVIEW src\cephvr\controller\lifecycle\interruption.py: 549 lines; review cohesion
REVIEW src\cephvr\controller\metadata\reservation.py: 502 lines; review cohesion
REVIEW src\cephvr\controller\microcontroller\owner.py: 590 lines; review cohesion
REVIEW src\cephvr\controller\projections.py: 502 lines; review cohesion
REVIEW src\cephvr\controller\runtime.py: 564 lines; review cohesion
REVIEW src\cephvr\controller\service.py: 620 lines; review cohesion
REVIEW src\cephvr\gui\cameras.py: 558 lines; review cohesion
REVIEW src\cephvr\gui\controller_bridge.py: 694 lines; review cohesion
REVIEW src\cephvr\gui\main.py: 708 lines; review cohesion
REVIEW src\cephvr\gui\microcontroller.py: 526 lines; review cohesion
REVIEW src\cephvr\gui\projectors.py: 766 lines; review cohesion
REVIEW src\cephvr\gui\protocol_editor.py: 673 lines; review cohesion
REVIEW src\cephvr\gui\stimulus_parameters.py: 506 lines; review cohesion
REVIEW src\cephvr\gui\tracking.py: 571 lines; review cohesion
REVIEW src\cephvr\supervisor\registry.py: 512 lines; review cohesion
REVIEW src\cephvr\supervisor\shutdown.py: 519 lines; review cohesion
REVIEW src\cephvr\tracking\processing\diagnostics.py: 504 lines; review cohesion
REVIEW src\cephvr\tracking\processing\session.py: 660 lines; review cohesion
REVIEW src\cephvr\visual_stimulus\config\models\program_model.py: 716 lines; review cohesion
REVIEW src\cephvr\visual_stimulus\coordinator\reports.py: 522 lines; review cohesion
REVIEW src\cephvr\visual_stimulus\recording\native.py: 750 lines; review cohesion
REVIEW src\cephvr\visual_stimulus\rendering\engine.py: 655 lines; review cohesion
REVIEW src\cephvr\visual_stimulus\rendering\native.py: 636 lines; review cohesion
REVIEW src\cephvr\visual_stimulus\rendering\scene.py: 559 lines; review cohesion
REVIEW src\cephvr\visual_stimulus\rendering\scene_resources.py: 536 lines; review cohesion
REVIEW src\cephvr\visual_stimulus\resources\session.py: 578 lines; review cohesion
REVIEW src\cephvr\visual_stimulus\resources\video.py: 512 lines; review cohesion
REVIEW src\cephvr\visual_stimulus\worker\lifecycle.py: 574 lines; review cohesion
Checked 621 backend modules; 0 boundary violations.
