........................................................................ [  4%]
........................................................................ [  9%]
........................................................................ [ 13%]
........................................................................ [ 18%]
........................................................................ [ 22%]
..............................................s......................... [ 27%]
........................................................................ [ 32%]
..................s..................................................... [ 36%]
........................................................................ [ 41%]
..............s......................................................... [ 45%]
........................................................................ [ 50%]
........................................................................ [ 54%]
........................................................................ [ 59%]
........................................................................ [ 64%]
........................................................................ [ 68%]
................................s....................................... [ 73%]
.........................s.............................................. [ 77%]
........................................................................ [ 82%]
........................................................................ [ 87%]
........................................................................ [ 91%]
........................................................................ [ 96%]
...........................................................              [100%]
1566 passed, 5 skipped, 1 deselected in 171.33s (0:02:51)
