.............................FF....................F...................F [ 21%]
.......................................................................F [ 43%]
.........................F.............................................. [ 64%]
.....................................F............F..................... [ 86%]
..............................................                           [100%]
================================== FAILURES ===================================
_________ test_devices_draft_reflows_without_horizontal_clipping[720] _________

window = <cephvr.gui.window.DashboardWindow object at 0x000002134226F370>
app = <PyQt6.QtWidgets.QApplication object at 0x00000213429B2950>, width = 720

    @pytest.mark.parametrize("width", [720, 1175])
    def test_devices_draft_reflows_without_horizontal_clipping(
        window: DashboardWindow, app: QApplication, width: int
    ) -> None:
        window.resize(width, 883)
        window.page_buttons[2].click()
        for index in range(4):
            window.devices.tabs.setCurrentIndex(index)
            app.processEvents()
            scroll = window.devices.panels[index].scrollers[0]
>           assert scroll.horizontalScrollBar().maximum() == 0
E           assert 48 == 0
E            +  where 48 = <built-in method maximum of QScrollBar object at 0x0000021346FD3910>()
E            +    where <built-in method maximum of QScrollBar object at 0x0000021346FD3910> = <PyQt6.QtWidgets.QScrollBar object at 0x0000021346FD3910>.maximum
E            +      where <PyQt6.QtWidgets.QScrollBar object at 0x0000021346FD3910> = <built-in method horizontalScrollBar of QScrollArea object at 0x0000021347523EB0>()
E            +        where <built-in method horizontalScrollBar of QScrollArea object at 0x0000021347523EB0> = <PyQt6.QtWidgets.QScrollArea object at 0x0000021347523EB0>.horizontalScrollBar

tests\gui\test_dashboard.py:914: AssertionError
________ test_devices_draft_reflows_without_horizontal_clipping[1175] _________

window = <cephvr.gui.window.DashboardWindow object at 0x0000021346FD27A0>
app = <PyQt6.QtWidgets.QApplication object at 0x00000213429B2950>, width = 1175

    @pytest.mark.parametrize("width", [720, 1175])
    def test_devices_draft_reflows_without_horizontal_clipping(
        window: DashboardWindow, app: QApplication, width: int
    ) -> None:
        window.resize(width, 883)
        window.page_buttons[2].click()
        for index in range(4):
            window.devices.tabs.setCurrentIndex(index)
            app.processEvents()
            scroll = window.devices.panels[index].scrollers[0]
>           assert scroll.horizontalScrollBar().maximum() == 0
E           assert 85 == 0
E            +  where 85 = <built-in method maximum of QScrollBar object at 0x00000213461AA8C0>()
E            +    where <built-in method maximum of QScrollBar object at 0x00000213461AA8C0> = <PyQt6.QtWidgets.QScrollBar object at 0x00000213461AA8C0>.maximum
E            +      where <PyQt6.QtWidgets.QScrollBar object at 0x00000213461AA8C0> = <built-in method horizontalScrollBar of QScrollArea object at 0x000002134228E290>()
E            +        where <built-in method horizontalScrollBar of QScrollArea object at 0x000002134228E290> = <PyQt6.QtWidgets.QScrollArea object at 0x000002134228E290>.horizontalScrollBar

tests\gui\test_dashboard.py:914: AssertionError
____________ test_responsive_navigation_preserves_widget_identity _____________

app = <PyQt6.QtWidgets.QApplication object at 0x00000213429B2950>
window = <cephvr.gui.window.DashboardWindow object at 0x000002134652A8C0>

    def test_responsive_navigation_preserves_widget_identity(
        app: QApplication, window: DashboardWindow
    ) -> None:
        subject = window.dashboard.subject_id
        subject.setText("PERSISTENT")
        modes = set()
        for width in (1440, 1100, 720, 1440):
            window.resize(width, 940)
            app.processEvents()
            modes.add(window.dashboard.mode)
            for index in range(4):
                window.page_buttons[index].click()
                app.processEvents()
                assert window.stack.currentIndex() == index
            window.page_buttons[0].click()
            app.processEvents()
            assert window.dashboard.subject_id is subject
            assert subject.text() == "PERSISTENT"
            assert subject.parentWidget() is not None
>           assert window.dashboard_scroll.horizontalScrollBar().maximum() == 0
E           assert 69 == 0
E            +  where 69 = <built-in method maximum of QScrollBar object at 0x0000021346528CA0>()
E            +    where <built-in method maximum of QScrollBar object at 0x0000021346528CA0> = <PyQt6.QtWidgets.QScrollBar object at 0x0000021346528CA0>.maximum
E            +      where <PyQt6.QtWidgets.QScrollBar object at 0x0000021346528CA0> = <built-in method horizontalScrollBar of QScrollArea object at 0x000002134652BB50>()
E            +        where <built-in method horizontalScrollBar of QScrollArea object at 0x000002134652BB50> = <PyQt6.QtWidgets.QScrollArea object at 0x000002134652BB50>.horizontalScrollBar
E            +          where <PyQt6.QtWidgets.QScrollArea object at 0x000002134652BB50> = <cephvr.gui.window.DashboardWindow object at 0x000002134652A8C0>.dashboard_scroll

tests\gui\test_dashboard.py:1194: AssertionError
___________ test_device_tabs_sit_above_controls_without_moving_hud ____________

window = <cephvr.gui.window.DashboardWindow object at 0x0000021346907D90>
app = <PyQt6.QtWidgets.QApplication object at 0x00000213429B2950>

    def test_device_tabs_sit_above_controls_without_moving_hud(
        window: DashboardWindow, app: QApplication
    ) -> None:
        window.resize(1175, 940)
        app.processEvents()
        hud_top = window.dashboard.hud_card.mapTo(window, QPoint()).y()
        window.page_buttons[2].click()
        from cephvr.gui.theme import SIZES
    
        bar = window.devices.tab_bar
        for width in (1175, 720, 1175):
            window.resize(width, 940)
            for index in (2, 0, 3, 1):
                app.processEvents()
                QTest.mouseClick(
                    bar, Qt.MouseButton.LeftButton, pos=bar.tabRect(index).center()
                )
                app.processEvents()
                assert window.devices.tabs.currentIndex() == index
                panel = window.devices.panels[index]
                left = panel.columns[0]
                assert window.devices.navigation.parentWidget() is left
                assert bar.isVisible()
                assert bar.width() == left.width()
>               assert bar.tabRect(3).right() == bar.width() - 1
E               assert 682 == (655 - 1)
E                +  where 682 = <built-in method right of QRect object at 0x0000021347460D60>()
E                +    where <built-in method right of QRect object at 0x0000021347460D60> = PyQt6.QtCore.QRect(531, 0, 152, 40).right
E                +      where PyQt6.QtCore.QRect(531, 0, 152, 40) = <built-in method tabRect of QTabBar object at 0x00000213458C3490>(3)
E                +        where <built-in method tabRect of QTabBar object at 0x00000213458C3490> = <PyQt6.QtWidgets.QTabBar object at 0x00000213458C3490>.tabRect
E                +  and   655 = <built-in method width of QTabBar object at 0x00000213458C3490>()
E                +    where <built-in method width of QTabBar object at 0x00000213458C3490> = <PyQt6.QtWidgets.QTabBar object at 0x00000213458C3490>.width

tests\gui\test_dashboard.py:1584: AssertionError
___________ test_configuration_scroll_keeps_projector_status_fixed ____________

window = <cephvr.gui.window.DashboardWindow object at 0x00000213451E9120>
app = <PyQt6.QtWidgets.QApplication object at 0x00000213429B2950>

    def test_configuration_scroll_keeps_projector_status_fixed(
        window: DashboardWindow, app: QApplication
    ):
        window.resize(1175, 800)
        window.page_buttons[2].click()
        window.devices.tabs.setCurrentIndex(2)
        panel = window.devices.projectors
        assert [panel.setup_tabs.tabText(i) for i in range(3)] == [
            "Screen calibration",
            "Synchronization",
            "Rig geometry",
        ]
        panel.setup_tabs.setCurrentIndex(2)
        app.processEvents()
        top = panel.layout_card.mapTo(window, QPoint())
        log = panel.status_column.log_card.mapTo(window, QPoint())
        scroll = panel.config_scroll.verticalScrollBar()
        assert scroll.maximum() > 0
        scroll.setValue(scroll.maximum())
        app.processEvents()
        assert panel.layout_card.mapTo(window, QPoint()) == top
        assert panel.status_column.log_card.mapTo(window, QPoint()) == log
>       assert panel.config_scroll.horizontalScrollBar().maximum() == 0
E       assert 178 == 0
E        +  where 178 = <built-in method maximum of QScrollBar object at 0x0000021345875D80>()
E        +    where <built-in method maximum of QScrollBar object at 0x0000021345875D80> = <PyQt6.QtWidgets.QScrollBar object at 0x0000021345875D80>.maximum
E        +      where <PyQt6.QtWidgets.QScrollBar object at 0x0000021345875D80> = <built-in method horizontalScrollBar of QScrollArea object at 0x00000213451E8670>()
E        +        where <built-in method horizontalScrollBar of QScrollArea object at 0x00000213451E8670> = <PyQt6.QtWidgets.QScrollArea object at 0x00000213451E8670>.horizontalScrollBar
E        +          where <PyQt6.QtWidgets.QScrollArea object at 0x00000213451E8670> = <cephvr.gui.projectors.ProjectorsPanel object at 0x00000213451D20E0>.config_scroll

tests\gui\test_dashboard.py:4437: AssertionError
__________ test_protocol_cards_reflow_and_keep_properties_reachable ___________

window = <cephvr.gui.window.DashboardWindow object at 0x000002134686A290>
app = <PyQt6.QtWidgets.QApplication object at 0x00000213429B2950>

    def test_protocol_cards_reflow_and_keep_properties_reachable(
        window: DashboardWindow, app: QApplication
    ) -> None:
        from PyQt6.QtWidgets import QPlainTextEdit, QTableWidget
    
        from cephvr.gui.components import StatusColumn
    
        panel = window.protocol
        window.page_buttons[1].click()
        assert not panel.findChildren(StatusColumn)
        assert not panel.findChildren(QPlainTextEdit)
        assert not panel.findChildren(QTableWidget)
        for width in (1175, 720, 1175):
            window.resize(width, 883)
            for _ in range(3):
                app.processEvents()
            editor = panel.editor
            assert editor.settings_card.width() == editor.width()
            assert editor.trial_card.y() == editor.timeline_card.y()
            assert editor.trial_card.geometry().right() < editor.timeline_card.x()
            assert editor.timeline_card.geometry().right() == editor.width() - 1
            assert editor.timeline_card.height() == editor.trial_card.height()
            assert editor.sequence_summary.alignment() == Qt.AlignmentFlag.AlignCenter
            assert editor.settings_card.y() > editor.timeline_card.geometry().bottom()
            viewport = panel.config_scroll.viewport()
>           assert panel.config_scroll.widget().width() <= viewport.width()
E           assert 641 <= 514
E            +  where 641 = <built-in method width of QWidget object at 0x0000021344D03400>()
E            +    where <built-in method width of QWidget object at 0x0000021344D03400> = <PyQt6.QtWidgets.QWidget object at 0x0000021344D03400>.width
E            +      where <PyQt6.QtWidgets.QWidget object at 0x0000021344D03400> = <built-in method widget of QScrollArea object at 0x0000021344D03370>()
E            +        where <built-in method widget of QScrollArea object at 0x0000021344D03370> = <PyQt6.QtWidgets.QScrollArea object at 0x0000021344D03370>.widget
E            +          where <PyQt6.QtWidgets.QScrollArea object at 0x0000021344D03370> = <cephvr.gui.protocol.ProtocolPage object at 0x0000021344D03250>.config_scroll
E            +  and   514 = <built-in method width of QWidget object at 0x0000021346907400>()
E            +    where <built-in method width of QWidget object at 0x0000021346907400> = <PyQt6.QtWidgets.QWidget object at 0x0000021346907400>.width

tests\gui\test_dashboard.py:5240: AssertionError
____ test_variation_controls_fit_narrow_protocol_without_horizontal_scroll ____

window = <cephvr.gui.window.DashboardWindow object at 0x0000021345072320>
app = <PyQt6.QtWidgets.QApplication object at 0x00000213429B2950>
tmp_path = WindowsPath('C:/Dev/projects/reiter-cephalopod-vr/reiter-cephalopod-vr-2.0-software/.tmp/gui-backend-dummy-baseline/test_variation_controls_fit_na0')

    def test_variation_controls_fit_narrow_protocol_without_horizontal_scroll(
        window, app, tmp_path
    ):
        from PyQt6.QtGui import QImage
    
        window.page_buttons[1].click()
        window.protocol.session_mode.setCurrentText("Closed-loop")
        editor = window.protocol.editor
        editor.modes.setCurrentIndex(0)
        composer = editor.create_batch.composer
        composer.set_screens(("Front", "Right"))
        composer.set_asset_root(str(tmp_path))
        image = QImage(8, 8, QImage.Format.Format_RGB32)
        image.fill(0)
        path = tmp_path / "a_prepared_texture_with_a_long_filename.png"
        assert image.save(str(path))
        composer.add_file("Texture", str(path), "Front")
        composer.rows["Front"].advanced.setChecked(True)
        editor.create_batch.vary.setChecked(True)
        editor.create_batch.add_variation()
        window.resize(720, 900)
        QTest.qWait(30)
        app.processEvents()
>       assert window.protocol.config_scroll.horizontalScrollBar().maximum() == 0
E       assert 573 == 0
E        +  where 573 = <built-in method maximum of QScrollBar object at 0x0000021342275870>()
E        +    where <built-in method maximum of QScrollBar object at 0x0000021342275870> = <PyQt6.QtWidgets.QScrollBar object at 0x0000021342275870>.maximum
E        +      where <PyQt6.QtWidgets.QScrollBar object at 0x0000021342275870> = <built-in method horizontalScrollBar of QScrollArea object at 0x0000021346688310>()
E        +        where <built-in method horizontalScrollBar of QScrollArea object at 0x0000021346688310> = <PyQt6.QtWidgets.QScrollArea object at 0x0000021346688310>.horizontalScrollBar
E        +          where <PyQt6.QtWidgets.QScrollArea object at 0x0000021346688310> = <cephvr.gui.protocol.ProtocolPage object at 0x00000213466895A0>.config_scroll
E        +            where <cephvr.gui.protocol.ProtocolPage object at 0x00000213466895A0> = <cephvr.gui.window.DashboardWindow object at 0x0000021345072320>.protocol

tests\gui\test_dashboard.py:8454: AssertionError
_________ test_random_batch_values_stay_fixed_across_preview_and_save _________

window = <cephvr.gui.window.DashboardWindow object at 0x000002130C16B1C0>
app = <PyQt6.QtWidgets.QApplication object at 0x00000213429B2950>
tmp_path = WindowsPath('C:/Dev/projects/reiter-cephalopod-vr/reiter-cephalopod-vr-2.0-software/.tmp/gui-backend-dummy-baseline/test_random_batch_values_stay_0')

    def test_random_batch_values_stay_fixed_across_preview_and_save(window, app, tmp_path):
        from cephvr.gui.protocol_groups import motion_numbers
        from cephvr.visual_stimulus.config.models.program_model import Program
    
        window.page_buttons[1].click()
        create = window.protocol.editor.create_batch
        from PyQt6.QtGui import QImage
    
        create.composer.set_screens(("Front",))
        create.composer.set_asset_root(str(tmp_path))
        image = QImage(8, 8, QImage.Format.Format_RGB32)
        image.fill(0)
        path = tmp_path / "tile.png"
        assert image.save(str(path))
        create.composer.add_file("Texture", str(path), "Front")
        create.vary.setChecked(True)
        create.add_variation()
        row = create.rows[0]
        row.random.seed(42)
        row.method.setCurrentText("Random")
        for key, value in {
            "minimum": "1",
            "maximum": "5",
            "precision": "0.1",
        }.items():
            row.random_fields[key].setText(value)
        assert set(row.random_fields) == {"minimum", "maximum", "precision"}
        create.repetitions.setText("100")
        first = create.candidate()
        assert len(first.sequence) == 100
        assert create.candidate() == first
        row.random_fields["precision"].setText("0.2")
        second = create.candidate()
        assert second != first
        assert len(second.sequence) == 100
        assert create.candidate() == second
        values = [
            motion_numbers(epoch.settings[0].model_dump(mode="json"))[0]
            for epoch in second.sequence
        ]
        assert all(1 <= value <= 5 for value in values)
        assert len(set(values)) > 10
        assert Program.model_validate_json(second.model_dump_json()) == second
        create.repetitions.setText("10")
        shorter = create.candidate()
        assert len(shorter.sequence) == 10
        assert create.candidate() == shorter
        create.repetitions.setText("999")
        assert len(create.candidate().sequence) == 999
        create.repetitions.setText("3")
        create.add_variation()
        fixed = create.rows[1]
        fixed.parameter.setCurrentIndex(fixed.parameter.findData("Direction"))
        fixed.values.setText("0, 90")
        mixed = create.candidate()
        assert len(mixed.sequence) == 6
        assert [
            motion_numbers(epoch.settings[0].model_dump(mode="json"))[1]
            for epoch in mixed.sequence
        ] == [0, 90, 0, 90, 0, 90]
        assert create.candidate() == mixed
        for width in (1350, 720):
            window.resize(width, 900)
            app.processEvents()
>           assert window.protocol.config_scroll.horizontalScrollBar().maximum() == 0
E           assert 214 == 0
E            +  where 214 = <built-in method maximum of QScrollBar object at 0x0000021304AB44C0>()
E            +    where <built-in method maximum of QScrollBar object at 0x0000021304AB44C0> = <PyQt6.QtWidgets.QScrollBar object at 0x0000021304AB44C0>.maximum
E            +      where <PyQt6.QtWidgets.QScrollBar object at 0x0000021304AB44C0> = <built-in method horizontalScrollBar of QScrollArea object at 0x0000021304AA3490>()
E            +        where <built-in method horizontalScrollBar of QScrollArea object at 0x0000021304AA3490> = <PyQt6.QtWidgets.QScrollArea object at 0x0000021304AA3490>.horizontalScrollBar
E            +          where <PyQt6.QtWidgets.QScrollArea object at 0x0000021304AA3490> = <cephvr.gui.protocol.ProtocolPage object at 0x0000021304AA3370>.config_scroll
E            +            where <cephvr.gui.protocol.ProtocolPage object at 0x0000021304AA3370> = <cephvr.gui.window.DashboardWindow object at 0x000002130C16B1C0>.protocol

tests\gui\test_dashboard.py:9062: AssertionError
=========================== short test summary info ===========================
FAILED tests/gui/test_dashboard.py::test_devices_draft_reflows_without_horizontal_clipping[720]
FAILED tests/gui/test_dashboard.py::test_devices_draft_reflows_without_horizontal_clipping[1175]
FAILED tests/gui/test_dashboard.py::test_responsive_navigation_preserves_widget_identity
FAILED tests/gui/test_dashboard.py::test_device_tabs_sit_above_controls_without_moving_hud
FAILED tests/gui/test_dashboard.py::test_configuration_scroll_keeps_projector_status_fixed
FAILED tests/gui/test_dashboard.py::test_protocol_cards_reflow_and_keep_properties_reachable
FAILED tests/gui/test_dashboard.py::test_variation_controls_fit_narrow_protocol_without_horizontal_scroll
FAILED tests/gui/test_dashboard.py::test_random_batch_values_stay_fixed_across_preview_and_save
8 failed, 326 passed in 137.36s (0:02:17)
