..F..................................................................... [ 15%]
........................................................................ [ 31%]
........................................................................ [ 46%]
........................................................................ [ 62%]
........................................................................ [ 78%]
........................................................................ [ 93%]
............................                                             [100%]
================================== FAILURES ===================================
________ test_configuration_heartbeats_survive_registered_setup_scope _________

tmp_path = WindowsPath('C:/Dev/projects/reiter-cephalopod-vr/reiter-cephalopod-vr-2.0-software/.tmp/dummy-heartbeat-permitted/test_configuration_heartbeats_0')

    async def test_configuration_heartbeats_survive_registered_setup_scope(
        tmp_path: Path,
    ) -> None:
        from cephvr.shared.resources import ResourceObligationRegistry
    
        runtime, native, _, _ = make_runtime(tmp_path)
        work = types.WorkContext(
            session=types.SessionContext(
                controller_generation=runtime.controller.generation,
                session_id=str(uuid4()),
            )
        )
        runtime.registration_state.context = wire.RegisteredContext(work=work)
        for number, role in enumerate(("acquisition", "visual_stimulus", "tracking"), 50):
            source = types.ProcessIdentity(role=role, generation=str(uuid4()))
            launch(runtime, native, runtime.identity, source, number)
            key = (role, source.generation)
>           catalogue = ResourceObligationRegistry(source, work)
                        ^^^^^^^^^^^^^^^^^^^^^^^^^^^^^^^^^^^^^^^^
E           TypeError: ResourceObligationRegistry.__init__() missing 3 required keyword-only arguments: 'allowed_owners', 'max_resources', and 'max_bytes'

tests\supervisor\test_health.py:102: TypeError
=========================== short test summary info ===========================
FAILED tests/supervisor/test_health.py::test_configuration_heartbeats_survive_registered_setup_scope
1 failed, 459 passed in 148.74s (0:02:28)
