.F.FF..F                                                                 [100%]
================================== FAILURES ===================================
________ test_devices_draft_reflows_without_horizontal_clipping[1175] _________

window = <cephvr.gui.window.DashboardWindow object at 0x000001E9133AFF40>
app = <PyQt6.QtWidgets.QApplication object at 0x000001E91055C4C0>, width = 1175

    @pytest.mark.parametrize("width", [720, 1175])
    def test_devices_draft_reflows_without_horizontal_clipping(
        window: DashboardWindow, app: QApplication, width: int
    ) -> None:
        window.resize(width, 883)
        window.page_buttons[2].click()
        for index in range(4):
            window.devices.tabs.setCurrentIndex(index)
            app.processEvents()
            scroll = window.devices.panels[index].scrollers[0]
>           assert scroll.horizontalScrollBar().maximum() == 0
E           assert 15 == 0
E            +  where 15 = <built-in method maximum of QScrollBar object at 0x000001E914416CB0>()
E            +    where <built-in method maximum of QScrollBar object at 0x000001E914416CB0> = <PyQt6.QtWidgets.QScrollBar object at 0x000001E914416CB0>.maximum
E            +      where <PyQt6.QtWidgets.QScrollBar object at 0x000001E914416CB0> = <built-in method horizontalScrollBar of QScrollArea object at 0x000001E9143B17E0>()
E            +        where <built-in method horizontalScrollBar of QScrollArea object at 0x000001E9143B17E0> = <PyQt6.QtWidgets.QScrollArea object at 0x000001E9143B17E0>.horizontalScrollBar

tests\gui\test_dashboard.py:914: AssertionError
___________ test_device_tabs_sit_above_controls_without_moving_hud ____________

window = <cephvr.gui.window.DashboardWindow object at 0x000001E914416C20>
app = <PyQt6.QtWidgets.QApplication object at 0x000001E91055C4C0>

    def test_device_tabs_sit_above_controls_without_moving_hud(
        window: DashboardWindow, app: QApplication
    ) -> None:
        window.resize(1175, 940)
        app.processEvents()
        hud_top = window.dashboard.hud_card.mapTo(window, QPoint()).y()
        window.page_buttons[2].click()
        from cephvr.gui.theme import SIZES
    
        bar = window.devices.tab_bar
        for width in (1175, 720, 1175):
            window.resize(width, 940)
            for index in (2, 0, 3, 1):
                app.processEvents()
                QTest.mouseClick(
                    bar, Qt.MouseButton.LeftButton, pos=bar.tabRect(index).center()
                )
                app.processEvents()
                assert window.devices.tabs.currentIndex() == index
                panel = window.devices.panels[index]
                left = panel.columns[0]
                assert window.devices.navigation.parentWidget() is left
                assert bar.isVisible()
                assert bar.width() == left.width()
                assert bar.tabRect(3).right() == bar.width() - 1
                if width == 1175:
                    hud = panel.layout_card if index == 2 else panel.columns[1].hud_card
                    border_top = (
                        hud.mapTo(window, QPoint()).y()
                        + hud.caption.geometry().center().y()
                    )
                    assert abs(bar.mapTo(window, QPoint()).y() - border_top) <= 1
                card = left.layout().itemAt(1).widget()
                assert card.y() >= window.devices.navigation.height() + SIZES.card_gap
>               assert (
                    window.devices.panels[index]
                    .scrollers[0]
                    .horizontalScrollBar()
                    .maximum()
                    == 0
                )
E               assert 15 == 0
E                +  where 15 = <built-in method maximum of QScrollBar object at 0x000001E91330B880>()
E                +    where <built-in method maximum of QScrollBar object at 0x000001E91330B880> = <PyQt6.QtWidgets.QScrollBar object at 0x000001E91330B880>.maximum
E                +      where <PyQt6.QtWidgets.QScrollBar object at 0x000001E91330B880> = <built-in method horizontalScrollBar of QScrollArea object at 0x000001E916BDDF30>()
E                +        where <built-in method horizontalScrollBar of QScrollArea object at 0x000001E916BDDF30> = <PyQt6.QtWidgets.QScrollArea object at 0x000001E916BDDF30>.horizontalScrollBar

tests\gui\test_dashboard.py:1594: AssertionError
___________ test_configuration_scroll_keeps_projector_status_fixed ____________

window = <cephvr.gui.window.DashboardWindow object at 0x000001E90E9BB1C0>
app = <PyQt6.QtWidgets.QApplication object at 0x000001E91055C4C0>

    def test_configuration_scroll_keeps_projector_status_fixed(
        window: DashboardWindow, app: QApplication
    ):
        window.resize(1175, 800)
        window.page_buttons[2].click()
        window.devices.tabs.setCurrentIndex(2)
        panel = window.devices.projectors
        assert [panel.setup_tabs.tabText(i) for i in range(3)] == [
            "Screen calibration",
            "Synchronization",
            "Rig geometry",
        ]
        panel.setup_tabs.setCurrentIndex(2)
        app.processEvents()
        top = panel.layout_card.mapTo(window, QPoint())
        log = panel.status_column.log_card.mapTo(window, QPoint())
        scroll = panel.config_scroll.verticalScrollBar()
        assert scroll.maximum() > 0
        scroll.setValue(scroll.maximum())
        app.processEvents()
        assert panel.layout_card.mapTo(window, QPoint()) == top
        assert panel.status_column.log_card.mapTo(window, QPoint()) == log
>       assert panel.config_scroll.horizontalScrollBar().maximum() == 0
E       assert 15 == 0
E        +  where 15 = <built-in method maximum of QScrollBar object at 0x000001E9143B09D0>()
E        +    where <built-in method maximum of QScrollBar object at 0x000001E9143B09D0> = <PyQt6.QtWidgets.QScrollBar object at 0x000001E9143B09D0>.maximum
E        +      where <PyQt6.QtWidgets.QScrollBar object at 0x000001E9143B09D0> = <built-in method horizontalScrollBar of QScrollArea object at 0x000001E914416B90>()
E        +        where <built-in method horizontalScrollBar of QScrollArea object at 0x000001E914416B90> = <PyQt6.QtWidgets.QScrollArea object at 0x000001E914416B90>.horizontalScrollBar
E        +          where <PyQt6.QtWidgets.QScrollArea object at 0x000001E914416B90> = <cephvr.gui.projectors.ProjectorsPanel object at 0x000001E9144151B0>.config_scroll

tests\gui\test_dashboard.py:4437: AssertionError
_________ test_random_batch_values_stay_fixed_across_preview_and_save _________

window = <cephvr.gui.window.DashboardWindow object at 0x000001E918019FC0>
app = <PyQt6.QtWidgets.QApplication object at 0x000001E91055C4C0>
tmp_path = WindowsPath('C:/Dev/projects/reiter-cephalopod-vr/reiter-cephalopod-vr-2.0-software/.tmp/gui-backend-layout2/test_random_batch_values_stay_0')

    def test_random_batch_values_stay_fixed_across_preview_and_save(window, app, tmp_path):
        from cephvr.gui.protocol_groups import motion_numbers
        from cephvr.visual_stimulus.config.models.program_model import Program
    
        window.page_buttons[1].click()
        create = window.protocol.editor.create_batch
        from PyQt6.QtGui import QImage
    
        create.composer.set_screens(("Front",))
        create.composer.set_asset_root(str(tmp_path))
        image = QImage(8, 8, QImage.Format.Format_RGB32)
        image.fill(0)
        path = tmp_path / "tile.png"
        assert image.save(str(path))
        create.composer.add_file("Texture", str(path), "Front")
        create.vary.setChecked(True)
        create.add_variation()
        row = create.rows[0]
        row.random.seed(42)
        row.method.setCurrentText("Random")
        for key, value in {
            "minimum": "1",
            "maximum": "5",
            "precision": "0.1",
        }.items():
            row.random_fields[key].setText(value)
        assert set(row.random_fields) == {"minimum", "maximum", "precision"}
        create.repetitions.setText("100")
        first = create.candidate()
        assert len(first.sequence) == 100
        assert create.candidate() == first
        row.random_fields["precision"].setText("0.2")
        second = create.candidate()
        assert second != first
        assert len(second.sequence) == 100
        assert create.candidate() == second
        values = [
            motion_numbers(epoch.settings[0].model_dump(mode="json"))[0]
            for epoch in second.sequence
        ]
        assert all(1 <= value <= 5 for value in values)
        assert len(set(values)) > 10
        assert Program.model_validate_json(second.model_dump_json()) == second
        create.repetitions.setText("10")
        shorter = create.candidate()
        assert len(shorter.sequence) == 10
        assert create.candidate() == shorter
        create.repetitions.setText("999")
        assert len(create.candidate().sequence) == 999
        create.repetitions.setText("3")
        create.add_variation()
        fixed = create.rows[1]
        fixed.parameter.setCurrentIndex(fixed.parameter.findData("Direction"))
        fixed.values.setText("0, 90")
        mixed = create.candidate()
        assert len(mixed.sequence) == 6
        assert [
            motion_numbers(epoch.settings[0].model_dump(mode="json"))[1]
            for epoch in mixed.sequence
        ] == [0, 90, 0, 90, 0, 90]
        assert create.candidate() == mixed
        for width in (1350, 720):
            window.resize(width, 900)
            app.processEvents()
>           assert window.protocol.config_scroll.horizontalScrollBar().maximum() == 0
E           assert 70 == 0
E            +  where 70 = <built-in method maximum of QScrollBar object at 0x000001E916CFC550>()
E            +    where <built-in method maximum of QScrollBar object at 0x000001E916CFC550> = <PyQt6.QtWidgets.QScrollBar object at 0x000001E916CFC550>.maximum
E            +      where <PyQt6.QtWidgets.QScrollBar object at 0x000001E916CFC550> = <built-in method horizontalScrollBar of QScrollArea object at 0x000001E916BD3BE0>()
E            +        where <built-in method horizontalScrollBar of QScrollArea object at 0x000001E916BD3BE0> = <PyQt6.QtWidgets.QScrollArea object at 0x000001E916BD3BE0>.horizontalScrollBar
E            +          where <PyQt6.QtWidgets.QScrollArea object at 0x000001E916BD3BE0> = <cephvr.gui.protocol.ProtocolPage object at 0x000001E916BD3E20>.config_scroll
E            +            where <cephvr.gui.protocol.ProtocolPage object at 0x000001E916BD3E20> = <cephvr.gui.window.DashboardWindow object at 0x000001E918019FC0>.protocol

tests\gui\test_dashboard.py:9062: AssertionError
=========================== short test summary info ===========================
FAILED tests/gui/test_dashboard.py::test_devices_draft_reflows_without_horizontal_clipping[1175]
FAILED tests/gui/test_dashboard.py::test_device_tabs_sit_above_controls_without_moving_hud
FAILED tests/gui/test_dashboard.py::test_configuration_scroll_keeps_projector_status_fixed
FAILED tests/gui/test_dashboard.py::test_random_batch_values_stay_fixed_across_preview_and_save
4 failed, 4 passed, 325 deselected in 5.24s
