.F.FF...                                                                 [100%]
================================== FAILURES ===================================
________ test_devices_draft_reflows_without_horizontal_clipping[1175] _________

window = <cephvr.gui.window.DashboardWindow object at 0x0000025741C4AD40>
app = <PyQt6.QtWidgets.QApplication object at 0x000002573EDF44C0>, width = 1175

    @pytest.mark.parametrize("width", [720, 1175])
    def test_devices_draft_reflows_without_horizontal_clipping(
        window: DashboardWindow, app: QApplication, width: int
    ) -> None:
        window.resize(width, 883)
        window.page_buttons[2].click()
        for index in range(4):
            window.devices.tabs.setCurrentIndex(index)
            app.processEvents()
            scroll = window.devices.panels[index].scrollers[0]
>           assert scroll.horizontalScrollBar().maximum() == 0
E           assert 15 == 0
E            +  where 15 = <built-in method maximum of QScrollBar object at 0x0000025742CAAB00>()
E            +    where <built-in method maximum of QScrollBar object at 0x0000025742CAAB00> = <PyQt6.QtWidgets.QScrollBar object at 0x0000025742CAAB00>.maximum
E            +      where <PyQt6.QtWidgets.QScrollBar object at 0x0000025742CAAB00> = <built-in method horizontalScrollBar of QScrollArea object at 0x0000025742C41630>()
E            +        where <built-in method horizontalScrollBar of QScrollArea object at 0x0000025742C41630> = <PyQt6.QtWidgets.QScrollArea object at 0x0000025742C41630>.horizontalScrollBar

tests\gui\test_dashboard.py:914: AssertionError
___________ test_device_tabs_sit_above_controls_without_moving_hud ____________

window = <cephvr.gui.window.DashboardWindow object at 0x0000025741B9C820>
app = <PyQt6.QtWidgets.QApplication object at 0x000002573EDF44C0>

    def test_device_tabs_sit_above_controls_without_moving_hud(
        window: DashboardWindow, app: QApplication
    ) -> None:
        window.resize(1175, 940)
        app.processEvents()
        hud_top = window.dashboard.hud_card.mapTo(window, QPoint()).y()
        window.page_buttons[2].click()
        from cephvr.gui.theme import SIZES
    
        bar = window.devices.tab_bar
        for width in (1175, 720, 1175):
            window.resize(width, 940)
            for index in (2, 0, 3, 1):
                app.processEvents()
                QTest.mouseClick(
                    bar, Qt.MouseButton.LeftButton, pos=bar.tabRect(index).center()
                )
                app.processEvents()
                assert window.devices.tabs.currentIndex() == index
                panel = window.devices.panels[index]
                left = panel.columns[0]
                assert window.devices.navigation.parentWidget() is left
                assert bar.isVisible()
                assert bar.width() == left.width()
                assert bar.tabRect(3).right() == bar.width() - 1
                if width == 1175:
                    hud = panel.layout_card if index == 2 else panel.columns[1].hud_card
                    border_top = (
                        hud.mapTo(window, QPoint()).y()
                        + hud.caption.geometry().center().y()
                    )
                    assert abs(bar.mapTo(window, QPoint()).y() - border_top) <= 1
                card = left.layout().itemAt(1).widget()
                assert card.y() >= window.devices.navigation.height() + SIZES.card_gap
>               assert (
                    window.devices.panels[index]
                    .scrollers[0]
                    .horizontalScrollBar()
                    .maximum()
                    == 0
                )
E               assert 15 == 0
E                +  where 15 = <built-in method maximum of QScrollBar object at 0x0000025741BAF6D0>()
E                +    where <built-in method maximum of QScrollBar object at 0x0000025741BAF6D0> = <PyQt6.QtWidgets.QScrollBar object at 0x0000025741BAF6D0>.maximum
E                +      where <PyQt6.QtWidgets.QScrollBar object at 0x0000025741BAF6D0> = <built-in method horizontalScrollBar of QScrollArea object at 0x000002574544DE10>()
E                +        where <built-in method horizontalScrollBar of QScrollArea object at 0x000002574544DE10> = <PyQt6.QtWidgets.QScrollArea object at 0x000002574544DE10>.horizontalScrollBar

tests\gui\test_dashboard.py:1594: AssertionError
___________ test_configuration_scroll_keeps_projector_status_fixed ____________

window = <cephvr.gui.window.DashboardWindow object at 0x0000025741C4AD40>
app = <PyQt6.QtWidgets.QApplication object at 0x000002573EDF44C0>

    def test_configuration_scroll_keeps_projector_status_fixed(
        window: DashboardWindow, app: QApplication
    ):
        window.resize(1175, 800)
        window.page_buttons[2].click()
        window.devices.tabs.setCurrentIndex(2)
        panel = window.devices.projectors
        assert [panel.setup_tabs.tabText(i) for i in range(3)] == [
            "Screen calibration",
            "Synchronization",
            "Rig geometry",
        ]
        panel.setup_tabs.setCurrentIndex(2)
        app.processEvents()
        top = panel.layout_card.mapTo(window, QPoint())
        log = panel.status_column.log_card.mapTo(window, QPoint())
        scroll = panel.config_scroll.verticalScrollBar()
        assert scroll.maximum() > 0
        scroll.setValue(scroll.maximum())
        app.processEvents()
        assert panel.layout_card.mapTo(window, QPoint()) == top
        assert panel.status_column.log_card.mapTo(window, QPoint()) == log
>       assert panel.config_scroll.horizontalScrollBar().maximum() == 0
E       assert 15 == 0
E        +  where 15 = <built-in method maximum of QScrollBar object at 0x0000025742C7C8B0>()
E        +    where <built-in method maximum of QScrollBar object at 0x0000025742C7C8B0> = <PyQt6.QtWidgets.QScrollBar object at 0x0000025742C7C8B0>.maximum
E        +      where <PyQt6.QtWidgets.QScrollBar object at 0x0000025742C7C8B0> = <built-in method horizontalScrollBar of QScrollArea object at 0x0000025741BBB370>()
E        +        where <built-in method horizontalScrollBar of QScrollArea object at 0x0000025741BBB370> = <PyQt6.QtWidgets.QScrollArea object at 0x0000025741BBB370>.horizontalScrollBar
E        +          where <PyQt6.QtWidgets.QScrollArea object at 0x0000025741BBB370> = <cephvr.gui.projectors.ProjectorsPanel object at 0x0000025741BBAB90>.config_scroll

tests\gui\test_dashboard.py:4437: AssertionError
=========================== short test summary info ===========================
FAILED tests/gui/test_dashboard.py::test_devices_draft_reflows_without_horizontal_clipping[1175]
FAILED tests/gui/test_dashboard.py::test_device_tabs_sit_above_controls_without_moving_hud
FAILED tests/gui/test_dashboard.py::test_configuration_scroll_keeps_projector_status_fixed
3 failed, 5 passed, 325 deselected in 5.28s
