EEEEEEEEEEE                                                              [100%]
=================================== ERRORS ====================================
_ ERROR at setup of test_devices_draft_reflows_without_horizontal_clipping[720] _

app = <PyQt6.QtWidgets.QApplication object at 0x0000023F427F05E0>

    @pytest.fixture
    def window(app: QApplication) -> Iterator[DashboardWindow]:
>       result = DashboardWindow(sample=True)
                 ^^^^^^^^^^^^^^^^^^^^^^^^^^^^

tests\gui\test_dashboard.py:83: 
_ _ _ _ _ _ _ _ _ _ _ _ _ _ _ _ _ _ _ _ _ _ _ _ _ _ _ _ _ _ _ _ _ _ _ _ _ _ _ _
src\cephvr\gui\window.py:90: in __init__
    self.protocol = ProtocolPage(self.recordings, sample=sample)
                    ^^^^^^^^^^^^^^^^^^^^^^^^^^^^^^^^^^^^^^^^^^^^
src\cephvr\gui\protocol.py:89: in __init__
    self.editor = ProtocolEditor(sample=sample)
                  ^^^^^^^^^^^^^^^^^^^^^^^^^^^^^
src\cephvr\gui\protocol_editor.py:47: in __init__
    super().__init__()
src\cephvr\gui\protocol_controls.py:111: in __init__
    self.create_batch = BatchCreate()
                        ^^^^^^^^^^^^^
src\cephvr\gui\batch_create.py:120: in __init__
    self.arrange_fields()
_ _ _ _ _ _ _ _ _ _ _ _ _ _ _ _ _ _ _ _ _ _ _ _ _ _ _ _ _ _ _ _ _ _ _ _ _ _ _ _

self = <cephvr.gui.batch_create.BatchCreate object at 0x0000023F45636A70>

    def arrange_fields(self) -> None:
        fields = self.parameter_fields + (
            [self.stride_field]
            if self.insert.currentData() == "stride"
            else [self.target_field]
            if self.insert.currentData() == "label"
            else []
        )
        while self.generation_grid.count():
            self.generation_grid.takeAt(0)
        for col in range(6):
            self.generation_grid.setColumnStretch(col, 0)
        columns = 3 if self.width() < 760 else len(fields)
        weights = (3, 2, 1, 3, 3, 2)
        for i, widget in enumerate(fields):
            self.generation_grid.addWidget(
>               widget, i // columns, i % columns, alignment=Qt.AlignmentFlag.AlignBottom
                                                             ^^
            )
E           NameError: name 'Qt' is not defined

src\cephvr\gui\batch_create.py:179: NameError
_ ERROR at setup of test_devices_draft_reflows_without_horizontal_clipping[1175] _

app = <PyQt6.QtWidgets.QApplication object at 0x0000023F427F05E0>

    @pytest.fixture
    def window(app: QApplication) -> Iterator[DashboardWindow]:
>       result = DashboardWindow(sample=True)
                 ^^^^^^^^^^^^^^^^^^^^^^^^^^^^

tests\gui\test_dashboard.py:83: 
_ _ _ _ _ _ _ _ _ _ _ _ _ _ _ _ _ _ _ _ _ _ _ _ _ _ _ _ _ _ _ _ _ _ _ _ _ _ _ _
src\cephvr\gui\window.py:90: in __init__
    self.protocol = ProtocolPage(self.recordings, sample=sample)
                    ^^^^^^^^^^^^^^^^^^^^^^^^^^^^^^^^^^^^^^^^^^^^
src\cephvr\gui\protocol.py:89: in __init__
    self.editor = ProtocolEditor(sample=sample)
                  ^^^^^^^^^^^^^^^^^^^^^^^^^^^^^
src\cephvr\gui\protocol_editor.py:47: in __init__
    super().__init__()
src\cephvr\gui\protocol_controls.py:111: in __init__
    self.create_batch = BatchCreate()
                        ^^^^^^^^^^^^^
src\cephvr\gui\batch_create.py:120: in __init__
    self.arrange_fields()
_ _ _ _ _ _ _ _ _ _ _ _ _ _ _ _ _ _ _ _ _ _ _ _ _ _ _ _ _ _ _ _ _ _ _ _ _ _ _ _

self = <cephvr.gui.batch_create.BatchCreate object at 0x0000023F467F85E0>

    def arrange_fields(self) -> None:
        fields = self.parameter_fields + (
            [self.stride_field]
            if self.insert.currentData() == "stride"
            else [self.target_field]
            if self.insert.currentData() == "label"
            else []
        )
        while self.generation_grid.count():
            self.generation_grid.takeAt(0)
        for col in range(6):
            self.generation_grid.setColumnStretch(col, 0)
        columns = 3 if self.width() < 760 else len(fields)
        weights = (3, 2, 1, 3, 3, 2)
        for i, widget in enumerate(fields):
            self.generation_grid.addWidget(
>               widget, i // columns, i % columns, alignment=Qt.AlignmentFlag.AlignBottom
                                                             ^^
            )
E           NameError: name 'Qt' is not defined

src\cephvr\gui\batch_create.py:179: NameError
___ ERROR at setup of test_responsive_navigation_preserves_widget_identity ____

app = <PyQt6.QtWidgets.QApplication object at 0x0000023F427F05E0>

    @pytest.fixture
    def window(app: QApplication) -> Iterator[DashboardWindow]:
>       result = DashboardWindow(sample=True)
                 ^^^^^^^^^^^^^^^^^^^^^^^^^^^^

tests\gui\test_dashboard.py:83: 
_ _ _ _ _ _ _ _ _ _ _ _ _ _ _ _ _ _ _ _ _ _ _ _ _ _ _ _ _ _ _ _ _ _ _ _ _ _ _ _
src\cephvr\gui\window.py:90: in __init__
    self.protocol = ProtocolPage(self.recordings, sample=sample)
                    ^^^^^^^^^^^^^^^^^^^^^^^^^^^^^^^^^^^^^^^^^^^^
src\cephvr\gui\protocol.py:89: in __init__
    self.editor = ProtocolEditor(sample=sample)
                  ^^^^^^^^^^^^^^^^^^^^^^^^^^^^^
src\cephvr\gui\protocol_editor.py:47: in __init__
    super().__init__()
src\cephvr\gui\protocol_controls.py:111: in __init__
    self.create_batch = BatchCreate()
                        ^^^^^^^^^^^^^
src\cephvr\gui\batch_create.py:120: in __init__
    self.arrange_fields()
_ _ _ _ _ _ _ _ _ _ _ _ _ _ _ _ _ _ _ _ _ _ _ _ _ _ _ _ _ _ _ _ _ _ _ _ _ _ _ _

self = <cephvr.gui.batch_create.BatchCreate object at 0x0000023F4562C940>

    def arrange_fields(self) -> None:
        fields = self.parameter_fields + (
            [self.stride_field]
            if self.insert.currentData() == "stride"
            else [self.target_field]
            if self.insert.currentData() == "label"
            else []
        )
        while self.generation_grid.count():
            self.generation_grid.takeAt(0)
        for col in range(6):
            self.generation_grid.setColumnStretch(col, 0)
        columns = 3 if self.width() < 760 else len(fields)
        weights = (3, 2, 1, 3, 3, 2)
        for i, widget in enumerate(fields):
            self.generation_grid.addWidget(
>               widget, i // columns, i % columns, alignment=Qt.AlignmentFlag.AlignBottom
                                                             ^^
            )
E           NameError: name 'Qt' is not defined

src\cephvr\gui\batch_create.py:179: NameError
___ ERROR at setup of test_hud_fits_content_and_log_fills_available_height ____

app = <PyQt6.QtWidgets.QApplication object at 0x0000023F427F05E0>

    @pytest.fixture
    def window(app: QApplication) -> Iterator[DashboardWindow]:
>       result = DashboardWindow(sample=True)
                 ^^^^^^^^^^^^^^^^^^^^^^^^^^^^

tests\gui\test_dashboard.py:83: 
_ _ _ _ _ _ _ _ _ _ _ _ _ _ _ _ _ _ _ _ _ _ _ _ _ _ _ _ _ _ _ _ _ _ _ _ _ _ _ _
src\cephvr\gui\window.py:90: in __init__
    self.protocol = ProtocolPage(self.recordings, sample=sample)
                    ^^^^^^^^^^^^^^^^^^^^^^^^^^^^^^^^^^^^^^^^^^^^
src\cephvr\gui\protocol.py:89: in __init__
    self.editor = ProtocolEditor(sample=sample)
                  ^^^^^^^^^^^^^^^^^^^^^^^^^^^^^
src\cephvr\gui\protocol_editor.py:47: in __init__
    super().__init__()
src\cephvr\gui\protocol_controls.py:111: in __init__
    self.create_batch = BatchCreate()
                        ^^^^^^^^^^^^^
src\cephvr\gui\batch_create.py:120: in __init__
    self.arrange_fields()
_ _ _ _ _ _ _ _ _ _ _ _ _ _ _ _ _ _ _ _ _ _ _ _ _ _ _ _ _ _ _ _ _ _ _ _ _ _ _ _

self = <cephvr.gui.batch_create.BatchCreate object at 0x0000023F46774CA0>

    def arrange_fields(self) -> None:
        fields = self.parameter_fields + (
            [self.stride_field]
            if self.insert.currentData() == "stride"
            else [self.target_field]
            if self.insert.currentData() == "label"
            else []
        )
        while self.generation_grid.count():
            self.generation_grid.takeAt(0)
        for col in range(6):
            self.generation_grid.setColumnStretch(col, 0)
        columns = 3 if self.width() < 760 else len(fields)
        weights = (3, 2, 1, 3, 3, 2)
        for i, widget in enumerate(fields):
            self.generation_grid.addWidget(
>               widget, i // columns, i % columns, alignment=Qt.AlignmentFlag.AlignBottom
                                                             ^^
            )
E           NameError: name 'Qt' is not defined

src\cephvr\gui\batch_create.py:179: NameError
__ ERROR at setup of test_device_tabs_sit_above_controls_without_moving_hud ___

app = <PyQt6.QtWidgets.QApplication object at 0x0000023F427F05E0>

    @pytest.fixture
    def window(app: QApplication) -> Iterator[DashboardWindow]:
>       result = DashboardWindow(sample=True)
                 ^^^^^^^^^^^^^^^^^^^^^^^^^^^^

tests\gui\test_dashboard.py:83: 
_ _ _ _ _ _ _ _ _ _ _ _ _ _ _ _ _ _ _ _ _ _ _ _ _ _ _ _ _ _ _ _ _ _ _ _ _ _ _ _
src\cephvr\gui\window.py:90: in __init__
    self.protocol = ProtocolPage(self.recordings, sample=sample)
                    ^^^^^^^^^^^^^^^^^^^^^^^^^^^^^^^^^^^^^^^^^^^^
src\cephvr\gui\protocol.py:89: in __init__
    self.editor = ProtocolEditor(sample=sample)
                  ^^^^^^^^^^^^^^^^^^^^^^^^^^^^^
src\cephvr\gui\protocol_editor.py:47: in __init__
    super().__init__()
src\cephvr\gui\protocol_controls.py:111: in __init__
    self.create_batch = BatchCreate()
                        ^^^^^^^^^^^^^
src\cephvr\gui\batch_create.py:120: in __init__
    self.arrange_fields()
_ _ _ _ _ _ _ _ _ _ _ _ _ _ _ _ _ _ _ _ _ _ _ _ _ _ _ _ _ _ _ _ _ _ _ _ _ _ _ _

self = <cephvr.gui.batch_create.BatchCreate object at 0x0000023F45625000>

    def arrange_fields(self) -> None:
        fields = self.parameter_fields + (
            [self.stride_field]
            if self.insert.currentData() == "stride"
            else [self.target_field]
            if self.insert.currentData() == "label"
            else []
        )
        while self.generation_grid.count():
            self.generation_grid.takeAt(0)
        for col in range(6):
            self.generation_grid.setColumnStretch(col, 0)
        columns = 3 if self.width() < 760 else len(fields)
        weights = (3, 2, 1, 3, 3, 2)
        for i, widget in enumerate(fields):
            self.generation_grid.addWidget(
>               widget, i // columns, i % columns, alignment=Qt.AlignmentFlag.AlignBottom
                                                             ^^
            )
E           NameError: name 'Qt' is not defined

src\cephvr\gui\batch_create.py:179: NameError
__ ERROR at setup of test_configuration_scroll_keeps_projector_status_fixed ___

app = <PyQt6.QtWidgets.QApplication object at 0x0000023F427F05E0>

    @pytest.fixture
    def window(app: QApplication) -> Iterator[DashboardWindow]:
>       result = DashboardWindow(sample=True)
                 ^^^^^^^^^^^^^^^^^^^^^^^^^^^^

tests\gui\test_dashboard.py:83: 
_ _ _ _ _ _ _ _ _ _ _ _ _ _ _ _ _ _ _ _ _ _ _ _ _ _ _ _ _ _ _ _ _ _ _ _ _ _ _ _
src\cephvr\gui\window.py:90: in __init__
    self.protocol = ProtocolPage(self.recordings, sample=sample)
                    ^^^^^^^^^^^^^^^^^^^^^^^^^^^^^^^^^^^^^^^^^^^^
src\cephvr\gui\protocol.py:89: in __init__
    self.editor = ProtocolEditor(sample=sample)
                  ^^^^^^^^^^^^^^^^^^^^^^^^^^^^^
src\cephvr\gui\protocol_editor.py:47: in __init__
    super().__init__()
src\cephvr\gui\protocol_controls.py:111: in __init__
    self.create_batch = BatchCreate()
                        ^^^^^^^^^^^^^
src\cephvr\gui\batch_create.py:120: in __init__
    self.arrange_fields()
_ _ _ _ _ _ _ _ _ _ _ _ _ _ _ _ _ _ _ _ _ _ _ _ _ _ _ _ _ _ _ _ _ _ _ _ _ _ _ _

self = <cephvr.gui.batch_create.BatchCreate object at 0x0000023F46775510>

    def arrange_fields(self) -> None:
        fields = self.parameter_fields + (
            [self.stride_field]
            if self.insert.currentData() == "stride"
            else [self.target_field]
            if self.insert.currentData() == "label"
            else []
        )
        while self.generation_grid.count():
            self.generation_grid.takeAt(0)
        for col in range(6):
            self.generation_grid.setColumnStretch(col, 0)
        columns = 3 if self.width() < 760 else len(fields)
        weights = (3, 2, 1, 3, 3, 2)
        for i, widget in enumerate(fields):
            self.generation_grid.addWidget(
>               widget, i // columns, i % columns, alignment=Qt.AlignmentFlag.AlignBottom
                                                             ^^
            )
E           NameError: name 'Qt' is not defined

src\cephvr\gui\batch_create.py:179: NameError
_ ERROR at setup of test_protocol_cards_reflow_and_keep_properties_reachable __

app = <PyQt6.QtWidgets.QApplication object at 0x0000023F427F05E0>

    @pytest.fixture
    def window(app: QApplication) -> Iterator[DashboardWindow]:
>       result = DashboardWindow(sample=True)
                 ^^^^^^^^^^^^^^^^^^^^^^^^^^^^

tests\gui\test_dashboard.py:83: 
_ _ _ _ _ _ _ _ _ _ _ _ _ _ _ _ _ _ _ _ _ _ _ _ _ _ _ _ _ _ _ _ _ _ _ _ _ _ _ _
src\cephvr\gui\window.py:90: in __init__
    self.protocol = ProtocolPage(self.recordings, sample=sample)
                    ^^^^^^^^^^^^^^^^^^^^^^^^^^^^^^^^^^^^^^^^^^^^
src\cephvr\gui\protocol.py:89: in __init__
    self.editor = ProtocolEditor(sample=sample)
                  ^^^^^^^^^^^^^^^^^^^^^^^^^^^^^
src\cephvr\gui\protocol_editor.py:47: in __init__
    super().__init__()
src\cephvr\gui\protocol_controls.py:111: in __init__
    self.create_batch = BatchCreate()
                        ^^^^^^^^^^^^^
src\cephvr\gui\batch_create.py:120: in __init__
    self.arrange_fields()
_ _ _ _ _ _ _ _ _ _ _ _ _ _ _ _ _ _ _ _ _ _ _ _ _ _ _ _ _ _ _ _ _ _ _ _ _ _ _ _

self = <cephvr.gui.batch_create.BatchCreate object at 0x0000023F4562C4C0>

    def arrange_fields(self) -> None:
        fields = self.parameter_fields + (
            [self.stride_field]
            if self.insert.currentData() == "stride"
            else [self.target_field]
            if self.insert.currentData() == "label"
            else []
        )
        while self.generation_grid.count():
            self.generation_grid.takeAt(0)
        for col in range(6):
            self.generation_grid.setColumnStretch(col, 0)
        columns = 3 if self.width() < 760 else len(fields)
        weights = (3, 2, 1, 3, 3, 2)
        for i, widget in enumerate(fields):
            self.generation_grid.addWidget(
>               widget, i // columns, i % columns, alignment=Qt.AlignmentFlag.AlignBottom
                                                             ^^
            )
E           NameError: name 'Qt' is not defined

src\cephvr\gui\batch_create.py:179: NameError
____ ERROR at setup of test_arena_axis_gains_roundtrip_and_editor_spacing _____

app = <PyQt6.QtWidgets.QApplication object at 0x0000023F427F05E0>

    @pytest.fixture
    def window(app: QApplication) -> Iterator[DashboardWindow]:
>       result = DashboardWindow(sample=True)
                 ^^^^^^^^^^^^^^^^^^^^^^^^^^^^

tests\gui\test_dashboard.py:83: 
_ _ _ _ _ _ _ _ _ _ _ _ _ _ _ _ _ _ _ _ _ _ _ _ _ _ _ _ _ _ _ _ _ _ _ _ _ _ _ _
src\cephvr\gui\window.py:90: in __init__
    self.protocol = ProtocolPage(self.recordings, sample=sample)
                    ^^^^^^^^^^^^^^^^^^^^^^^^^^^^^^^^^^^^^^^^^^^^
src\cephvr\gui\protocol.py:89: in __init__
    self.editor = ProtocolEditor(sample=sample)
                  ^^^^^^^^^^^^^^^^^^^^^^^^^^^^^
src\cephvr\gui\protocol_editor.py:47: in __init__
    super().__init__()
src\cephvr\gui\protocol_controls.py:111: in __init__
    self.create_batch = BatchCreate()
                        ^^^^^^^^^^^^^
src\cephvr\gui\batch_create.py:120: in __init__
    self.arrange_fields()
_ _ _ _ _ _ _ _ _ _ _ _ _ _ _ _ _ _ _ _ _ _ _ _ _ _ _ _ _ _ _ _ _ _ _ _ _ _ _ _

self = <cephvr.gui.batch_create.BatchCreate object at 0x0000023F46779A20>

    def arrange_fields(self) -> None:
        fields = self.parameter_fields + (
            [self.stride_field]
            if self.insert.currentData() == "stride"
            else [self.target_field]
            if self.insert.currentData() == "label"
            else []
        )
        while self.generation_grid.count():
            self.generation_grid.takeAt(0)
        for col in range(6):
            self.generation_grid.setColumnStretch(col, 0)
        columns = 3 if self.width() < 760 else len(fields)
        weights = (3, 2, 1, 3, 3, 2)
        for i, widget in enumerate(fields):
            self.generation_grid.addWidget(
>               widget, i // columns, i % columns, alignment=Qt.AlignmentFlag.AlignBottom
                                                             ^^
            )
E           NameError: name 'Qt' is not defined

src\cephvr\gui\batch_create.py:179: NameError
_ ERROR at setup of test_reference_advanced_controls_align_to_layer_and_retain_first _

app = <PyQt6.QtWidgets.QApplication object at 0x0000023F427F05E0>

    @pytest.fixture
    def window(app: QApplication) -> Iterator[DashboardWindow]:
>       result = DashboardWindow(sample=True)
                 ^^^^^^^^^^^^^^^^^^^^^^^^^^^^

tests\gui\test_dashboard.py:83: 
_ _ _ _ _ _ _ _ _ _ _ _ _ _ _ _ _ _ _ _ _ _ _ _ _ _ _ _ _ _ _ _ _ _ _ _ _ _ _ _
src\cephvr\gui\window.py:90: in __init__
    self.protocol = ProtocolPage(self.recordings, sample=sample)
                    ^^^^^^^^^^^^^^^^^^^^^^^^^^^^^^^^^^^^^^^^^^^^
src\cephvr\gui\protocol.py:89: in __init__
    self.editor = ProtocolEditor(sample=sample)
                  ^^^^^^^^^^^^^^^^^^^^^^^^^^^^^
src\cephvr\gui\protocol_editor.py:47: in __init__
    super().__init__()
src\cephvr\gui\protocol_controls.py:111: in __init__
    self.create_batch = BatchCreate()
                        ^^^^^^^^^^^^^
src\cephvr\gui\batch_create.py:120: in __init__
    self.arrange_fields()
_ _ _ _ _ _ _ _ _ _ _ _ _ _ _ _ _ _ _ _ _ _ _ _ _ _ _ _ _ _ _ _ _ _ _ _ _ _ _ _

self = <cephvr.gui.batch_create.BatchCreate object at 0x0000023F455E5360>

    def arrange_fields(self) -> None:
        fields = self.parameter_fields + (
            [self.stride_field]
            if self.insert.currentData() == "stride"
            else [self.target_field]
            if self.insert.currentData() == "label"
            else []
        )
        while self.generation_grid.count():
            self.generation_grid.takeAt(0)
        for col in range(6):
            self.generation_grid.setColumnStretch(col, 0)
        columns = 3 if self.width() < 760 else len(fields)
        weights = (3, 2, 1, 3, 3, 2)
        for i, widget in enumerate(fields):
            self.generation_grid.addWidget(
>               widget, i // columns, i % columns, alignment=Qt.AlignmentFlag.AlignBottom
                                                             ^^
            )
E           NameError: name 'Qt' is not defined

src\cephvr\gui\batch_create.py:179: NameError
_ ERROR at setup of test_variation_controls_fit_narrow_protocol_without_horizontal_scroll _

app = <PyQt6.QtWidgets.QApplication object at 0x0000023F427F05E0>

    @pytest.fixture
    def window(app: QApplication) -> Iterator[DashboardWindow]:
>       result = DashboardWindow(sample=True)
                 ^^^^^^^^^^^^^^^^^^^^^^^^^^^^

tests\gui\test_dashboard.py:83: 
_ _ _ _ _ _ _ _ _ _ _ _ _ _ _ _ _ _ _ _ _ _ _ _ _ _ _ _ _ _ _ _ _ _ _ _ _ _ _ _
src\cephvr\gui\window.py:90: in __init__
    self.protocol = ProtocolPage(self.recordings, sample=sample)
                    ^^^^^^^^^^^^^^^^^^^^^^^^^^^^^^^^^^^^^^^^^^^^
src\cephvr\gui\protocol.py:89: in __init__
    self.editor = ProtocolEditor(sample=sample)
                  ^^^^^^^^^^^^^^^^^^^^^^^^^^^^^
src\cephvr\gui\protocol_editor.py:47: in __init__
    super().__init__()
src\cephvr\gui\protocol_controls.py:111: in __init__
    self.create_batch = BatchCreate()
                        ^^^^^^^^^^^^^
src\cephvr\gui\batch_create.py:120: in __init__
    self.arrange_fields()
_ _ _ _ _ _ _ _ _ _ _ _ _ _ _ _ _ _ _ _ _ _ _ _ _ _ _ _ _ _ _ _ _ _ _ _ _ _ _ _

self = <cephvr.gui.batch_create.BatchCreate object at 0x0000023F467DBE20>

    def arrange_fields(self) -> None:
        fields = self.parameter_fields + (
            [self.stride_field]
            if self.insert.currentData() == "stride"
            else [self.target_field]
            if self.insert.currentData() == "label"
            else []
        )
        while self.generation_grid.count():
            self.generation_grid.takeAt(0)
        for col in range(6):
            self.generation_grid.setColumnStretch(col, 0)
        columns = 3 if self.width() < 760 else len(fields)
        weights = (3, 2, 1, 3, 3, 2)
        for i, widget in enumerate(fields):
            self.generation_grid.addWidget(
>               widget, i // columns, i % columns, alignment=Qt.AlignmentFlag.AlignBottom
                                                             ^^
            )
E           NameError: name 'Qt' is not defined

src\cephvr\gui\batch_create.py:179: NameError
_ ERROR at setup of test_random_batch_values_stay_fixed_across_preview_and_save _

app = <PyQt6.QtWidgets.QApplication object at 0x0000023F427F05E0>

    @pytest.fixture
    def window(app: QApplication) -> Iterator[DashboardWindow]:
>       result = DashboardWindow(sample=True)
                 ^^^^^^^^^^^^^^^^^^^^^^^^^^^^

tests\gui\test_dashboard.py:83: 
_ _ _ _ _ _ _ _ _ _ _ _ _ _ _ _ _ _ _ _ _ _ _ _ _ _ _ _ _ _ _ _ _ _ _ _ _ _ _ _
src\cephvr\gui\window.py:90: in __init__
    self.protocol = ProtocolPage(self.recordings, sample=sample)
                    ^^^^^^^^^^^^^^^^^^^^^^^^^^^^^^^^^^^^^^^^^^^^
src\cephvr\gui\protocol.py:89: in __init__
    self.editor = ProtocolEditor(sample=sample)
                  ^^^^^^^^^^^^^^^^^^^^^^^^^^^^^
src\cephvr\gui\protocol_editor.py:47: in __init__
    super().__init__()
src\cephvr\gui\protocol_controls.py:111: in __init__
    self.create_batch = BatchCreate()
                        ^^^^^^^^^^^^^
src\cephvr\gui\batch_create.py:120: in __init__
    self.arrange_fields()
_ _ _ _ _ _ _ _ _ _ _ _ _ _ _ _ _ _ _ _ _ _ _ _ _ _ _ _ _ _ _ _ _ _ _ _ _ _ _ _

self = <cephvr.gui.batch_create.BatchCreate object at 0x0000023F4685DF30>

    def arrange_fields(self) -> None:
        fields = self.parameter_fields + (
            [self.stride_field]
            if self.insert.currentData() == "stride"
            else [self.target_field]
            if self.insert.currentData() == "label"
            else []
        )
        while self.generation_grid.count():
            self.generation_grid.takeAt(0)
        for col in range(6):
            self.generation_grid.setColumnStretch(col, 0)
        columns = 3 if self.width() < 760 else len(fields)
        weights = (3, 2, 1, 3, 3, 2)
        for i, widget in enumerate(fields):
            self.generation_grid.addWidget(
>               widget, i // columns, i % columns, alignment=Qt.AlignmentFlag.AlignBottom
                                                             ^^
            )
E           NameError: name 'Qt' is not defined

src\cephvr\gui\batch_create.py:179: NameError
=========================== short test summary info ===========================
ERROR tests/gui/test_dashboard.py::test_devices_draft_reflows_without_horizontal_clipping[720]
ERROR tests/gui/test_dashboard.py::test_devices_draft_reflows_without_horizontal_clipping[1175]
ERROR tests/gui/test_dashboard.py::test_responsive_navigation_preserves_widget_identity
ERROR tests/gui/test_dashboard.py::test_hud_fits_content_and_log_fills_available_height
ERROR tests/gui/test_dashboard.py::test_device_tabs_sit_above_controls_without_moving_hud
ERROR tests/gui/test_dashboard.py::test_configuration_scroll_keeps_projector_status_fixed
ERROR tests/gui/test_dashboard.py::test_protocol_cards_reflow_and_keep_properties_reachable
ERROR tests/gui/test_dashboard.py::test_arena_axis_gains_roundtrip_and_editor_spacing
ERROR tests/gui/test_dashboard.py::test_reference_advanced_controls_align_to_layer_and_retain_first
ERROR tests/gui/test_dashboard.py::test_variation_controls_fit_narrow_protocol_without_horizontal_scroll
ERROR tests/gui/test_dashboard.py::test_random_batch_values_stay_fixed_across_preview_and_save
322 deselected, 11 errors in 3.74s
