{
  "controller_generation": "a78649d3-4e82-4774-b9a4-199e866b0e74",
  "session": {
    "phase": "SESSION_PHASE_FINALIZING",
    "context": {
      "controller_generation": "a78649d3-4e82-4774-b9a4-199e866b0e74",
      "session_id": "ead2ffca-9e63-4862-b344-a6fcbe779c7e"
    },
    "outcome": "SESSION_OUTCOME_INTERRUPTED",
    "directory": "C:\\Users\\ReiterU_PC\\Desktop\\20261008_gui_backend_dummy\\DUMMY-134938",
    "trial_count": 1,
    "activated": true,
    "interruption_reason": {
      "code": "INTERRUPTED",
      "message": "incident d5d2e45f-15f0-4c9b-b4aa-f8c7a2f2e030 unresolved at original recovery deadline"
    }
  },
  "trial": {
    "context": {
      "session": {
        "controller_generation": "a78649d3-4e82-4774-b9a4-199e866b0e74",
        "session_id": "ead2ffca-9e63-4862-b344-a6fcbe779c7e"
      },
      "trial_id": "d4df8da3-47fa-4abe-bae9-c4d9869817d4",
      "trial_number": 1
    },
    "phase": "TRIAL_PHASE_PREPARING"
  },
  "participants": [
    {
      "process": {
        "role": "acquisition",
        "generation": "14623cb2-99f5-42b7-ba31-369a1958233b"
      },
      "enabled": true,
      "required": true,
      "process_running": true,
      "connected": true,
      "health": "LAUNCH_PHASE_OPERATIONAL",
      "ready": {
        "context": {
          "backend": {
            "backend_name": "acquisition",
            "backend_generation": "14623cb2-99f5-42b7-ba31-369a1958233b"
          },
          "work": {
            "session": {
              "controller_generation": "a78649d3-4e82-4774-b9a4-199e866b0e74",
              "session_id": "ead2ffca-9e63-4862-b344-a6fcbe779c7e"
            }
          },
          "operation": {
            "command_id": "002494d3-c3e7-4c7a-afe4-a4c072a70b6f"
          }
        },
        "configuration_revision": "2",
        "required_checks_passed": true
      }
    },
    {
      "process": {
        "role": "visual_stimulus",
        "generation": "81f745a4-21d5-4703-b1f5-7b06f0a7be68"
      },
      "enabled": true,
      "required": true,
      "process_running": true,
      "connected": true,
      "health": "LAUNCH_PHASE_OPERATIONAL",
      "ready": {
        "context": {
          "backend": {
            "backend_name": "visual_stimulus",
            "backend_generation": "81f745a4-21d5-4703-b1f5-7b06f0a7be68"
          },
          "work": {
            "session": {
              "controller_generation": "a78649d3-4e82-4774-b9a4-199e866b0e74",
              "session_id": "ead2ffca-9e63-4862-b344-a6fcbe779c7e"
            }
          },
          "operation": {
            "command_id": "2cabf472-8a80-43c3-8de6-5b23878e1bcf"
          }
        },
        "configuration_revision": "2",
        "required_checks_passed": true
      }
    }
  ],
  "operations": [
    {
      "context": {
        "command_id": "c98ffe01-5221-4bd1-8d63-d5459931c800"
      },
      "command": "InitializeDisplay",
      "complete": true,
      "succeeded": true,
      "progress": "Idle output confirmed"
    },
    {
      "context": {
        "command_id": "7cd3fd13-46c5-4839-926f-9ef6a2beb8fb"
      },
      "command": "StartupRecovery",
      "work": {
        "session": {
          "controller_generation": "e9d110a2-081b-4043-8281-614aa3d4e441",
          "session_id": "2e953061-a275-4f26-9d84-ccc7a79d33ed"
        }
      },
      "complete": true,
      "succeeded": true,
      "progress": "startup reservation recovery confirmed"
    },
    {
      "context": {
        "command_id": "1235a532-7605-47ba-9ad3-785856561256"
      },
      "command": "ReleaseManualCameraState",
      "complete": true,
      "succeeded": true,
      "progress": "manual camera state released"
    },
    {
      "context": {
        "command_id": "84ebdaaf-b73b-4314-9888-197bf33c1b64"
      },
      "command": "UpdateConfiguration",
      "complete": true,
      "succeeded": true,
      "progress": "configuration revision committed"
    },
    {
      "context": {
        "command_id": "d5cd73f1-dbe6-4fc6-b095-7dd92b3fb37b"
      },
      "command": "Setup",
      "work": {
        "session": {
          "controller_generation": "a78649d3-4e82-4774-b9a4-199e866b0e74",
          "session_id": "ead2ffca-9e63-4862-b344-a6fcbe779c7e"
        }
      },
      "complete": true,
      "succeeded": true,
      "progress": "Ready"
    },
    {
      "context": {
        "command_id": "76986b99-7e91-4a4c-a389-67be67e5e7eb"
      },
      "command": "StartSession",
      "work": {
        "session": {
          "controller_generation": "a78649d3-4e82-4774-b9a4-199e866b0e74",
          "session_id": "ead2ffca-9e63-4862-b344-a6fcbe779c7e"
        }
      },
      "complete": true,
      "succeeded": true,
      "progress": "session activated"
    }
  ],
  "warnings": [
    {
      "warning_id": "57011c6c-7aa7-4122-ab3e-fa6804dd1612",
      "component": "lifecycle_recovery",
      "message": "trial_ready initial evidence deadline expired; querying the frozen missing set"
    }
  ],
  "prompts": [
    {
      "prompt_id": "849d431d-3d71-453b-b163-0df499389683",
      "setup": {
        "controller_generation": "a78649d3-4e82-4774-b9a4-199e866b0e74",
        "session_id": "ead2ffca-9e63-4862-b344-a6fcbe779c7e"
      },
      "operation": {},
      "explanation": "affected prepared resource set is unknown",
      "permitted_choices": [
        "abort_session"
      ],
      "runtime_incident": {
        "incident_id": "b2c7dadb-ce51-4e2e-8a07-5b1e0e9a3612",
        "revision": "1",
        "work": {
          "session": {
            "controller_generation": "a78649d3-4e82-4774-b9a4-199e866b0e74",
            "session_id": "ead2ffca-9e63-4862-b344-a6fcbe779c7e"
          }
        },
        "error_ids": [
          "3d23c289-4931-4307-b61f-78bb93b3af3e"
        ],
        "consequence": "affected prepared resource set is unknown",
        "disposition": "RUNTIME_INCIDENT_DISPOSITION_AWAITING_OPERATOR",
        "first_observed_monotonic_ns": "678966115561800",
        "last_observed_monotonic_ns": "678966115561800",
        "occurrence_count": "1"
      }
    },
    {
      "prompt_id": "e5c658cb-27bf-4f9f-be65-20fd55702293",
      "setup": {
        "controller_generation": "a78649d3-4e82-4774-b9a4-199e866b0e74",
        "session_id": "ead2ffca-9e63-4862-b344-a6fcbe779c7e"
      },
      "operation": {},
      "explanation": "affected prepared resource set is unknown",
      "permitted_choices": [
        "abort_session"
      ],
      "runtime_incident": {
        "incident_id": "e9218fef-73d3-40ea-b34c-dbad5f90bb34",
        "revision": "1",
        "work": {
          "session": {
            "controller_generation": "a78649d3-4e82-4774-b9a4-199e866b0e74",
            "session_id": "ead2ffca-9e63-4862-b344-a6fcbe779c7e"
          }
        },
        "error_ids": [
          "d5d2e45f-15f0-4c9b-b4aa-f8c7a2f2e030"
        ],
        "consequence": "affected prepared resource set is unknown",
        "disposition": "RUNTIME_INCIDENT_DISPOSITION_AWAITING_OPERATOR",
        "first_observed_monotonic_ns": "678966116150500",
        "last_observed_monotonic_ns": "678966116150500",
        "occurrence_count": "1"
      }
    }
  ],
  "metadata": [
    {
      "operation": {
        "command_id": "1ecf3de9-34e6-43ea-8fc2-1adddf2382d1"
      },
      "state": "METADATA_PERSISTENCE_SYNCED",
      "path": "C:\\Users\\ReiterU_PC\\Desktop\\20261008_gui_backend_dummy\\DUMMY-134938\\protocol-data\\SESSION_CONFIG.json"
    },
    {
      "operation": {
        "command_id": "363b7e8b-8032-43fd-8e0f-4c83406b0077"
      },
      "state": "METADATA_PERSISTENCE_SYNCED",
      "path": "C:\\Users\\ReiterU_PC\\Desktop\\20261008_gui_backend_dummy\\DUMMY-134938\\protocol-data\\SCHEMA.json"
    },
    {
      "operation": {
        "command_id": "a98c8cad-22db-4d91-aad5-40a68f2baa3a"
      },
      "state": "METADATA_PERSISTENCE_SYNCED",
      "path": "C:\\Users\\ReiterU_PC\\Desktop\\20261008_gui_backend_dummy\\DUMMY-134938\\protocol-data\\SESSION_LOG.jsonl"
    }
  ]
}
