CephVR supervisor shutdown: COORDINATOR_HEALTH_LOST: worker report rejected: INVALID_OPERATION: worker operation RecordPulseEvidence has no retained child ba69107b-cb0c-4341-a323-fbc819326c5d
CephVR acquisition shutdown: WORKER_HEARTBEAT_SILENCE: registered acquisition_behavioral_worker stopped reporting before its silence bound
Traceback (most recent call last):
  File "C:\Dev\projects\reiter-cephalopod-vr\reiter-cephalopod-vr-2.0-software\src\cephvr\acquisition\main.py", line 274, in _close
    await server.close(deadline_ns=deadline_ns)
  File "C:\Dev\projects\reiter-cephalopod-vr\reiter-cephalopod-vr-2.0-software\src\cephvr\acquisition\transport\server.py", line 36, in close
    await self.admission.close(deadline_ns)
  File "C:\Dev\projects\reiter-cephalopod-vr\reiter-cephalopod-vr-2.0-software\src\cephvr\shared\admission.py", line 64, in close
    raise TimeoutError(
TimeoutError: 1 admitted commands remain owned after shutdown deadline

During handling of the above exception, another exception occurred:

Traceback (most recent call last):
  File "<frozen runpy>", line 198, in _run_module_as_main
  File "<frozen runpy>", line 88, in _run_code
  File "C:\Dev\projects\reiter-cephalopod-vr\reiter-cephalopod-vr-2.0-software\src\cephvr\platform\windows\python_entry.py", line 28, in <module>
    main()
  File "C:\Dev\projects\reiter-cephalopod-vr\reiter-cephalopod-vr-2.0-software\src\cephvr\platform\windows\python_entry.py", line 24, in main
    runpy.run_module(module, run_name="__main__", alter_sys=True)
  File "<frozen runpy>", line 226, in run_module
  File "<frozen runpy>", line 98, in _run_module_code
  File "<frozen runpy>", line 88, in _run_code
  File "C:\Dev\projects\reiter-cephalopod-vr\reiter-cephalopod-vr-2.0-software\src\cephvr\acquisition\main.py", line 360, in <module>
    main()
  File "C:\Dev\projects\reiter-cephalopod-vr\reiter-cephalopod-vr-2.0-software\src\cephvr\acquisition\main.py", line 356, in main
    asyncio.run(run_acquisition(bootstrap))
  File "C:\Users\ReiterU_PC\miniforge3\envs\CephVR\Lib\asyncio\runners.py", line 190, in run
    return runner.run(main)
           ^^^^^^^^^^^^^^^^
  File "C:\Users\ReiterU_PC\miniforge3\envs\CephVR\Lib\asyncio\runners.py", line 118, in run
    return self._loop.run_until_complete(task)
           ^^^^^^^^^^^^^^^^^^^^^^^^^^^^^^^^^^^
  File "C:\Users\ReiterU_PC\miniforge3\envs\CephVR\Lib\asyncio\base_events.py", line 654, in run_until_complete
    return future.result()
           ^^^^^^^^^^^^^^^
  File "C:\Dev\projects\reiter-cephalopod-vr\reiter-cephalopod-vr-2.0-software\src\cephvr\acquisition\main.py", line 184, in run_acquisition
    await _close(
  File "C:\Dev\projects\reiter-cephalopod-vr\reiter-cephalopod-vr-2.0-software\src\cephvr\acquisition\main.py", line 277, in _close
    await runtime.serial.close(deadline_ns=deadline_ns)
  File "C:\Dev\projects\reiter-cephalopod-vr\reiter-cephalopod-vr-2.0-software\src\cephvr\acquisition\microcontroller_client.py", line 203, in close
    await self._call(wire.MICROCONTROLLER_IO_KIND_CLOSE, deadline_ns)
  File "C:\Dev\projects\reiter-cephalopod-vr\reiter-cephalopod-vr-2.0-software\src\cephvr\acquisition\microcontroller_client.py", line 42, in _call
    raise TimeoutError(
TimeoutError: Microcontroller request deadline expired before transport
Exception ignored in: <function SharedMemory.__del__ at 0x0000023823D065C0>
Traceback (most recent call last):
  File "C:\Users\ReiterU_PC\miniforge3\envs\CephVR\Lib\multiprocessing\shared_memory.py", line 187, in __del__
  File "C:\Users\ReiterU_PC\miniforge3\envs\CephVR\Lib\multiprocessing\shared_memory.py", line 230, in close
BufferError: cannot close exported pointers exist
Exception ignored in: <function SharedMemory.__del__ at 0x0000023823D065C0>
Traceback (most recent call last):
  File "C:\Users\ReiterU_PC\miniforge3\envs\CephVR\Lib\multiprocessing\shared_memory.py", line 187, in __del__
  File "C:\Users\ReiterU_PC\miniforge3\envs\CephVR\Lib\multiprocessing\shared_memory.py", line 230, in close
BufferError: cannot close exported pointers exist
CephVR launcher controller channel lost: eof
CephVR launcher supervisor channel lost: eof
