Timeout (0:01:30)!
Thread 0x0000a3bc (most recent call first):
  File "C:\Users\ReiterU_PC\miniforge3\envs\CephVR\Lib\threading.py", line 327 in wait
  File "C:\Users\ReiterU_PC\miniforge3\envs\CephVR\Lib\queue.py", line 171 in get
  File "C:\Dev\projects\reiter-cephalopod-vr\reiter-cephalopod-vr-2.0-software\src\cephvr\acquisition\worker\recording_thread.py", line 182 in _run
  File "C:\Users\ReiterU_PC\miniforge3\envs\CephVR\Lib\threading.py", line 982 in run
  File "C:\Users\ReiterU_PC\miniforge3\envs\CephVR\Lib\threading.py", line 1045 in _bootstrap_inner
  File "C:\Users\ReiterU_PC\miniforge3\envs\CephVR\Lib\threading.py", line 1002 in _bootstrap

Thread 0x00007e3c (most recent call first):
  File "C:\Dev\projects\reiter-cephalopod-vr\reiter-cephalopod-vr-2.0-software\src\cephvr\platform\windows\events.py", line 135 in wait
  File "C:\Dev\projects\reiter-cephalopod-vr\reiter-cephalopod-vr-2.0-software\src\cephvr\acquisition\camera\wait.py", line 137 in wait_control
  File "C:\Dev\projects\reiter-cephalopod-vr\reiter-cephalopod-vr-2.0-software\src\cephvr\acquisition\camera\basler.py", line 398 in wait_for_control
  File "C:\Dev\projects\reiter-cephalopod-vr\reiter-cephalopod-vr-2.0-software\src\cephvr\acquisition\worker\main.py", line 250 in _wait_control
  File "C:\Dev\projects\reiter-cephalopod-vr\reiter-cephalopod-vr-2.0-software\src\cephvr\acquisition\worker\main.py", line 161 in <lambda>
  File "C:\Dev\projects\reiter-cephalopod-vr\reiter-cephalopod-vr-2.0-software\src\cephvr\acquisition\worker\owner.py", line 244 in _run
  File "C:\Users\ReiterU_PC\miniforge3\envs\CephVR\Lib\threading.py", line 982 in run
  File "C:\Users\ReiterU_PC\miniforge3\envs\CephVR\Lib\threading.py", line 1045 in _bootstrap_inner
  File "C:\Users\ReiterU_PC\miniforge3\envs\CephVR\Lib\threading.py", line 1002 in _bootstrap

Thread 0x00004210 (most recent call first):
  File "C:\Users\ReiterU_PC\miniforge3\envs\CephVR\Lib\threading.py", line 982 in run
  File "C:\Users\ReiterU_PC\miniforge3\envs\CephVR\Lib\threading.py", line 1045 in _bootstrap_inner
  File "C:\Users\ReiterU_PC\miniforge3\envs\CephVR\Lib\threading.py", line 1002 in _bootstrap

Thread 0x000050bc (most recent call first):
  File "C:\Users\ReiterU_PC\miniforge3\envs\CephVR\Lib\asyncio\windows_events.py", line 825 in _poll
  File "C:\Users\ReiterU_PC\miniforge3\envs\CephVR\Lib\asyncio\windows_events.py", line 444 in select
  File "C:\Users\ReiterU_PC\miniforge3\envs\CephVR\Lib\asyncio\base_events.py", line 1898 in _run_once
  File "C:\Users\ReiterU_PC\miniforge3\envs\CephVR\Lib\asyncio\base_events.py", line 608 in run_forever
  File "C:\Users\ReiterU_PC\miniforge3\envs\CephVR\Lib\asyncio\windows_events.py", line 321 in run_forever
  File "C:\Users\ReiterU_PC\miniforge3\envs\CephVR\Lib\asyncio\base_events.py", line 641 in run_until_complete
  File "C:\Users\ReiterU_PC\miniforge3\envs\CephVR\Lib\asyncio\runners.py", line 118 in run
  File "C:\Users\ReiterU_PC\miniforge3\envs\CephVR\Lib\asyncio\runners.py", line 190 in run
  File "C:\Dev\projects\reiter-cephalopod-vr\reiter-cephalopod-vr-2.0-software\src\cephvr\acquisition\worker\main.py", line 59 in main
  File "C:\Dev\projects\reiter-cephalopod-vr\reiter-cephalopod-vr-2.0-software\src\cephvr\acquisition\worker\main.py", line 296 in <module>
  File "<frozen runpy>", line 88 in _run_code
  File "<frozen runpy>", line 98 in _run_module_code
  File "<frozen runpy>", line 226 in run_module
  File "C:\Dev\projects\reiter-cephalopod-vr\reiter-cephalopod-vr-2.0-software\src\cephvr\platform\windows\python_entry.py", line 24 in main
  File "C:\Dev\projects\reiter-cephalopod-vr\reiter-cephalopod-vr-2.0-software\src\cephvr\platform\windows\python_entry.py", line 28 in <module>
  File "<frozen runpy>", line 88 in _run_code
  File "<frozen runpy>", line 198 in _run_module_as_main
